Component: ARM Compiler 5.06 update 6 (build 750) Tool: armlink [4d35ed]

==============================================================================

Small function inlining results

Inlined function __aeabi_idiv0 from aeabi_idiv0.o at offset 0x154 in aeabi_sdiv.o(.text).
Inlined Instruction: BX       lr
Inlined function __aeabi_idiv0 from aeabi_idiv0.o at offset 0x154 in aeabi_sdiv_div0.o(.text).
Inlined Instruction: BX       lr
Inlined function _platform_pre_stackheap_init from boardinit1.o at offset 0x0 in __rtentry2.o(.ARM.Collect$$rtentry$$00000001).
Inlined Instruction: BX       lr
Inlined function _fp_init from fpinit.o at offset 0x0 in libinit2.o(.ARM.Collect$$libinit$$00000001).
Inlined Instruction: BX       lr
Inlined function _platform_pre_lib_shutdown from boardshut.o at offset 0x0 in rtexit2.o(.ARM.Collect$$rtexit$$00000001).
Inlined Instruction: BX       lr
Inlined function __ARM_get_argv from no_argv.o at offset 0x2 in argv_veneer.o(.text).
Inlined Instruction: BX       lr
Inlined total of 6 calls.

==============================================================================

Memory Map of the image

  Image Entry point : 0x00000165

  Load Region LR_1 (Base: 0x00000000, Size: 0x00000aec, Max: 0xffffffff, ABSOLUTE)

    Execution Region ER_RO (Exec base: 0x00000000, Load base: 0x00000000, Size: 0x00000ab4, Max: 0xffffffff, ABSOLUTE)

    Exec Addr    Load Addr    Size         Type   Attr      Idx    E Section Name        Object

    0x00000000   0x00000000   0x000000c0   Data   RO            3    RESET               startup_nuc1xx.o
    0x000000c0   0x000000c0   0x00000008   Code   RO          802  * !!!main             c_p.l(__main.o)
    0x000000c8   0x000000c8   0x0000003c   Code   RO          971    !!!scatter          c_p.l(__scatter.o)
    0x00000104   0x00000104   0x0000001a   Code   RO          973    !!handler_copy      c_p.l(__scatter_copy.o)
    0x0000011e   0x0000011e   0x00000002   PAD
    0x00000120   0x00000120   0x0000001c   Code   RO          975    !!handler_zi        c_p.l(__scatter_zi.o)
    0x0000013c   0x0000013c   0x00000002   Code   RO          840    .ARM.Collect$$libinit$$00000000  c_p.l(libinit.o)
    0x0000013e   0x0000013e   0x00000000   Code   RO          854    .ARM.Collect$$libinit$$00000002  c_p.l(libinit2.o)
    0x0000013e   0x0000013e   0x00000000   Code   RO          856    .ARM.Collect$$libinit$$00000004  c_p.l(libinit2.o)
    0x0000013e   0x0000013e   0x00000000   Code   RO          859    .ARM.Collect$$libinit$$0000000A  c_p.l(libinit2.o)
    0x0000013e   0x0000013e   0x00000000   Code   RO          861    .ARM.Collect$$libinit$$0000000C  c_p.l(libinit2.o)
    0x0000013e   0x0000013e   0x00000000   Code   RO          863    .ARM.Collect$$libinit$$0000000E  c_p.l(libinit2.o)
    0x0000013e   0x0000013e   0x00000000   Code   RO          866    .ARM.Collect$$libinit$$00000011  c_p.l(libinit2.o)
    0x0000013e   0x0000013e   0x00000000   Code   RO          868    .ARM.Collect$$libinit$$00000013  c_p.l(libinit2.o)
    0x0000013e   0x0000013e   0x00000000   Code   RO          870    .ARM.Collect$$libinit$$00000015  c_p.l(libinit2.o)
    0x0000013e   0x0000013e   0x00000000   Code   RO          872    .ARM.Collect$$libinit$$00000017  c_p.l(libinit2.o)
    0x0000013e   0x0000013e   0x00000000   Code   RO          874    .ARM.Collect$$libinit$$00000019  c_p.l(libinit2.o)
    0x0000013e   0x0000013e   0x00000000   Code   RO          876    .ARM.Collect$$libinit$$0000001B  c_p.l(libinit2.o)
    0x0000013e   0x0000013e   0x00000000   Code   RO          878    .ARM.Collect$$libinit$$0000001D  c_p.l(libinit2.o)
    0x0000013e   0x0000013e   0x00000000   Code   RO          880    .ARM.Collect$$libinit$$0000001F  c_p.l(libinit2.o)
    0x0000013e   0x0000013e   0x00000000   Code   RO          882    .ARM.Collect$$libinit$$00000021  c_p.l(libinit2.o)
    0x0000013e   0x0000013e   0x00000000   Code   RO          884    .ARM.Collect$$libinit$$00000023  c_p.l(libinit2.o)
    0x0000013e   0x0000013e   0x00000000   Code   RO          886    .ARM.Collect$$libinit$$00000025  c_p.l(libinit2.o)
    0x0000013e   0x0000013e   0x00000000   Code   RO          890    .ARM.Collect$$libinit$$0000002C  c_p.l(libinit2.o)
    0x0000013e   0x0000013e   0x00000000   Code   RO          892    .ARM.Collect$$libinit$$0000002E  c_p.l(libinit2.o)
    0x0000013e   0x0000013e   0x00000000   Code   RO          894    .ARM.Collect$$libinit$$00000030  c_p.l(libinit2.o)
    0x0000013e   0x0000013e   0x00000000   Code   RO          896    .ARM.Collect$$libinit$$00000032  c_p.l(libinit2.o)
    0x0000013e   0x0000013e   0x00000002   Code   RO          897    .ARM.Collect$$libinit$$00000033  c_p.l(libinit2.o)
    0x00000140   0x00000140   0x00000002   Code   RO          928    .ARM.Collect$$libshutdown$$00000000  c_p.l(libshutdown.o)
    0x00000142   0x00000142   0x00000000   Code   RO          954    .ARM.Collect$$libshutdown$$00000002  c_p.l(libshutdown2.o)
    0x00000142   0x00000142   0x00000000   Code   RO          956    .ARM.Collect$$libshutdown$$00000004  c_p.l(libshutdown2.o)
    0x00000142   0x00000142   0x00000000   Code   RO          959    .ARM.Collect$$libshutdown$$00000007  c_p.l(libshutdown2.o)
    0x00000142   0x00000142   0x00000000   Code   RO          962    .ARM.Collect$$libshutdown$$0000000A  c_p.l(libshutdown2.o)
    0x00000142   0x00000142   0x00000000   Code   RO          964    .ARM.Collect$$libshutdown$$0000000C  c_p.l(libshutdown2.o)
    0x00000142   0x00000142   0x00000000   Code   RO          967    .ARM.Collect$$libshutdown$$0000000F  c_p.l(libshutdown2.o)
    0x00000142   0x00000142   0x00000002   Code   RO          968    .ARM.Collect$$libshutdown$$00000010  c_p.l(libshutdown2.o)
    0x00000144   0x00000144   0x00000000   Code   RO          804    .ARM.Collect$$rtentry$$00000000  c_p.l(__rtentry.o)
    0x00000144   0x00000144   0x00000000   Code   RO          810    .ARM.Collect$$rtentry$$00000002  c_p.l(__rtentry2.o)
    0x00000144   0x00000144   0x00000006   Code   RO          822    .ARM.Collect$$rtentry$$00000004  c_p.l(__rtentry4.o)
    0x0000014a   0x0000014a   0x00000000   Code   RO          812    .ARM.Collect$$rtentry$$00000009  c_p.l(__rtentry2.o)
    0x0000014a   0x0000014a   0x00000004   Code   RO          813    .ARM.Collect$$rtentry$$0000000A  c_p.l(__rtentry2.o)
    0x0000014e   0x0000014e   0x00000000   Code   RO          815    .ARM.Collect$$rtentry$$0000000C  c_p.l(__rtentry2.o)
    0x0000014e   0x0000014e   0x00000008   Code   RO          816    .ARM.Collect$$rtentry$$0000000D  c_p.l(__rtentry2.o)
    0x00000156   0x00000156   0x00000002   Code   RO          845    .ARM.Collect$$rtexit$$00000000  c_p.l(rtexit.o)
    0x00000158   0x00000158   0x00000000   Code   RO          901    .ARM.Collect$$rtexit$$00000002  c_p.l(rtexit2.o)
    0x00000158   0x00000158   0x00000004   Code   RO          902    .ARM.Collect$$rtexit$$00000003  c_p.l(rtexit2.o)
    0x0000015c   0x0000015c   0x00000006   Code   RO          903    .ARM.Collect$$rtexit$$00000004  c_p.l(rtexit2.o)
    0x00000162   0x00000162   0x00000002   PAD
    0x00000164   0x00000164   0x00000064   Code   RO            4  * .text               startup_nuc1xx.o
    0x000001c8   0x000001c8   0x00000006   Code   RO          800    .text               c_p.l(heapauxi.o)
    0x000001ce   0x000001ce   0x0000003e   Code   RO          826    .text               c_p.l(sys_stackheap_outer.o)
    0x0000020c   0x0000020c   0x00000010   Code   RO          829    .text               c_p.l(exit.o)
    0x0000021c   0x0000021c   0x00000008   Code   RO          841    .text               c_p.l(libspace.o)
    0x00000224   0x00000224   0x0000000c   Code   RO          898    .text               c_p.l(sys_exit.o)
    0x00000230   0x00000230   0x00000002   Code   RO          917    .text               c_p.l(use_no_semi.o)
    0x00000232   0x00000232   0x00000000   Code   RO          919    .text               c_p.l(indicate_semi.o)
    0x00000232   0x00000232   0x00000002   PAD
    0x00000234   0x00000234   0x00000028   Code   RO          312    i.BOD_IRQHandler    drvsys.o
    0x0000025c   0x0000025c   0x00000018   Code   RO          654    i.CloseKeyPad       scankey.o
    0x00000274   0x00000274   0x00000044   Code   RO           60    i.DrvGPIO_Close     drvgpio.o
    0x000002b8   0x000002b8   0x0000002c   Code   RO           61    i.DrvGPIO_ClrBit    drvgpio.o
    0x000002e4   0x000002e4   0x00000098   Code   RO           72    i.DrvGPIO_EnableEINT1  drvgpio.o
    0x0000037c   0x0000037c   0x0000002c   Code   RO           74    i.DrvGPIO_GetBit    drvgpio.o
    0x000003a8   0x000003a8   0x00000088   Code   RO           84    i.DrvGPIO_Open      drvgpio.o
    0x00000430   0x00000430   0x0000002c   Code   RO           85    i.DrvGPIO_SetBit    drvgpio.o
    0x0000045c   0x0000045c   0x00000024   Code   RO           91    i.EINT0_IRQHandler  drvgpio.o
    0x00000480   0x00000480   0x00000014   Code   RO          712    i.EINT1Callback     main.o
    0x00000494   0x00000494   0x00000024   Code   RO           92    i.EINT1_IRQHandler  drvgpio.o
    0x000004b8   0x000004b8   0x00000044   Code   RO           93    i.GPAB_IRQHandler   drvgpio.o
    0x000004fc   0x000004fc   0x0000004c   Code   RO           94    i.GPCDE_IRQHandler  drvgpio.o
    0x00000548   0x00000548   0x00000014   Code   RO           96    i.NVIC_EnableIRQ    drvgpio.o
    0x0000055c   0x0000055c   0x00000078   Code   RO           97    i.NVIC_SetPriority  drvgpio.o
    0x000005d4   0x000005d4   0x0000001a   Code   RO          655    i.OpenKeyPad        scankey.o
    0x000005ee   0x000005ee   0x00000002   PAD
    0x000005f0   0x000005f0   0x000000b8   Code   RO          616    i.OpenSevenSegment  seven_segment.o
    0x000006a8   0x000006a8   0x00000028   Code   RO          360    i.PWRWU_IRQHandler  drvsys.o
    0x000006d0   0x000006d0   0x00000084   Code   RO          656    i.Scankey           scankey.o
    0x00000754   0x00000754   0x00000108   Code   RO          617    i.ShowSevenSegment  seven_segment.o
    0x0000085c   0x0000085c   0x00000002   Code   RO           25    i.SystemInit        system_nuc1xx.o
    0x0000085e   0x0000085e   0x00000002   PAD
    0x00000860   0x00000860   0x00000058   Code   RO          688    i.TMR1_IRQHandler   heartbeat.o
    0x000008b8   0x000008b8   0x0000001c   Code   RO          290    i.__ARM_common_switch8  drvgpio.o
    0x000008d4   0x000008d4   0x00000010   Code   RO          748    i.countingLEDs_off  user_func.o
    0x000008e4   0x000008e4   0x00000010   Code   RO          749    i.countingLEDs_on   user_func.o
    0x000008f4   0x000008f4   0x00000010   Code   RO          657    i.delay             scankey.o
    0x00000904   0x00000904   0x000000b8   Code   RO          689    i.heartbeat         heartbeat.o
    0x000009bc   0x000009bc   0x00000016   Code   RO          750    i.keypad_input      user_func.o
    0x000009d2   0x000009d2   0x00000002   PAD
    0x000009d4   0x000009d4   0x0000009c   Code   RO          713    i.main              main.o
    0x00000a70   0x00000a70   0x00000010   Code   RO          753    i.toggleLEDs_off    user_func.o
    0x00000a80   0x00000a80   0x00000010   Code   RO          754    i.toggleLEDs_on     user_func.o
    0x00000a90   0x00000a90   0x00000004   Data   RO          658    .constdata          scankey.o
    0x00000a94   0x00000a94   0x00000020   Data   RO          969    Region$$Table       anon$$obj.o


    Execution Region ER_RW (Exec base: 0x20000000, Load base: 0x00000ab4, Size: 0x00000038, Max: 0xffffffff, ABSOLUTE)

    Exec Addr    Load Addr    Size         Type   Attr      Idx    E Section Name        Object

    0x20000000   0x00000ab4   0x00000010   Data   RW           98    .data               drvgpio.o
    0x20000010   0x00000ac4   0x00000008   Data   RW          362    .data               drvsys.o
    0x20000018   0x00000acc   0x00000010   Data   RW          618    .data               seven_segment.o
    0x20000028   0x00000adc   0x00000004   Data   RW          690    .data               heartbeat.o
    0x2000002c   0x00000ae0   0x0000000c   Data   RW          714    .data               main.o


    Execution Region ER_ZI (Exec base: 0x20000038, Load base: 0x00000aec, Size: 0x00000460, Max: 0xffffffff, ABSOLUTE)

    Exec Addr    Load Addr    Size         Type   Attr      Idx    E Section Name        Object

    0x20000038        -       0x00000060   Zero   RW          842    .bss                c_p.l(libspace.o)
    0x20000098        -       0x00000000   Zero   RW            2    HEAP                startup_nuc1xx.o
    0x20000098        -       0x00000400   Zero   RW            1    STACK               startup_nuc1xx.o


==============================================================================

Image component sizes


      Code (inc. data)   RO Data    RW Data    ZI Data      Debug   Object Name

         0          0          0          0          0       4508   core_cm0.o
       872        110          0         16          0     138023   drvgpio.o
        80         12          0          8          0       4036   drvsys.o
       272         30          0          4          0       9094   heartbeat.o
       176         28          0         12          0       1342   main.o
       198          6          4          0          0       2333   scankey.o
       448         34          0         16          0       2524   seven_segment.o
       100         46        192          0       1024        692   startup_nuc1xx.o
         2          0          0          0          0     117633   system_nuc1xx.o
        86         24          0          0          0       2373   user_func.o

    ----------------------------------------------------------------------
      2240        290        228         56       1024     282558   Object Totals
         0          0         32          0          0          0   (incl. Generated)
         6          0          0          0          0          0   (incl. Padding)

    ----------------------------------------------------------------------

      Code (inc. data)   RO Data    RW Data    ZI Data      Debug   Library Member Name

         8          0          0          0          0         68   __main.o
         0          0          0          0          0          0   __rtentry.o
        12          0          0          0          0          0   __rtentry2.o
         6          0          0          0          0          0   __rtentry4.o
        60          8          0          0          0          0   __scatter.o
        26          0          0          0          0          0   __scatter_copy.o
        28          0          0          0          0          0   __scatter_zi.o
        16          0          0          0          0         68   exit.o
         6          0          0          0          0        136   heapauxi.o
         0          0          0          0          0          0   indicate_semi.o
         2          0          0          0          0          0   libinit.o
         2          0          0          0          0          0   libinit2.o
         2          0          0          0          0          0   libshutdown.o
         2          0          0          0          0          0   libshutdown2.o
         8          4          0          0         96         68   libspace.o
         2          0          0          0          0          0   rtexit.o
        10          0          0          0          0          0   rtexit2.o
        12          4          0          0          0         60   sys_exit.o
        62          0          0          0          0         80   sys_stackheap_outer.o
         2          0          0          0          0         68   use_no_semi.o

    ----------------------------------------------------------------------
       272         16          0          0         96        548   Library Totals
         6          0          0          0          0          0   (incl. Padding)

    ----------------------------------------------------------------------

      Code (inc. data)   RO Data    RW Data    ZI Data      Debug   Library Name

       266         16          0          0         96        548   c_p.l

    ----------------------------------------------------------------------
       272         16          0          0         96        548   Library Totals

    ----------------------------------------------------------------------

==============================================================================


      Code (inc. data)   RO Data    RW Data    ZI Data      Debug   

      2512        306        228         56       1120     281782   Grand Totals
      2512        306        228         56       1120     281782   ELF Image Totals
      2512        306        228         56          0          0   ROM Totals

==============================================================================

    Total RO  Size (Code + RO Data)                 2740 (   2.68kB)
    Total RW  Size (RW Data + ZI Data)              1176 (   1.15kB)
    Total ROM Size (Code + RO Data + RW Data)       2796 (   2.73kB)

==============================================================================

