Component: ARM Compiler 5.06 update 6 (build 750) Tool: armlink [4d35ed]

==============================================================================

Small function inlining results

Inlined function __aeabi_idiv0 from aeabi_idiv0.o at offset 0x154 in aeabi_sdiv.o(.text).
Inlined Instruction: BX       lr
Inlined function __aeabi_idiv0 from aeabi_idiv0.o at offset 0x154 in aeabi_sdiv_div0.o(.text).
Inlined Instruction: BX       lr
Inlined function _platform_pre_stackheap_init from boardinit1.o at offset 0x0 in __rtentry2.o(.ARM.Collect$$rtentry$$00000001).
Inlined Instruction: BX       lr
Inlined function _fp_init from fpinit.o at offset 0x0 in libinit2.o(.ARM.Collect$$libinit$$00000001).
Inlined Instruction: BX       lr
Inlined function _platform_pre_lib_shutdown from boardshut.o at offset 0x0 in rtexit2.o(.ARM.Collect$$rtexit$$00000001).
Inlined Instruction: BX       lr
Inlined function __ARM_get_argv from no_argv.o at offset 0x2 in argv_veneer.o(.text).
Inlined Instruction: BX       lr
Inlined total of 6 calls.

==============================================================================

Memory Map of the image

  Image Entry point : 0x00000165

  Load Region LR_1 (Base: 0x00000000, Size: 0x000009cc, Max: 0xffffffff, ABSOLUTE)

    Execution Region ER_RO (Exec base: 0x00000000, Load base: 0x00000000, Size: 0x00000980, Max: 0xffffffff, ABSOLUTE)

    Exec Addr    Load Addr    Size         Type   Attr      Idx    E Section Name        Object

    0x00000000   0x00000000   0x000000c0   Data   RO            3    RESET               startup_nuc1xx.o
    0x000000c0   0x000000c0   0x00000008   Code   RO          769  * !!!main             c_p.l(__main.o)
    0x000000c8   0x000000c8   0x0000003c   Code   RO          938    !!!scatter          c_p.l(__scatter.o)
    0x00000104   0x00000104   0x0000001a   Code   RO          940    !!handler_copy      c_p.l(__scatter_copy.o)
    0x0000011e   0x0000011e   0x00000002   PAD
    0x00000120   0x00000120   0x0000001c   Code   RO          942    !!handler_zi        c_p.l(__scatter_zi.o)
    0x0000013c   0x0000013c   0x00000002   Code   RO          807    .ARM.Collect$$libinit$$00000000  c_p.l(libinit.o)
    0x0000013e   0x0000013e   0x00000000   Code   RO          821    .ARM.Collect$$libinit$$00000002  c_p.l(libinit2.o)
    0x0000013e   0x0000013e   0x00000000   Code   RO          823    .ARM.Collect$$libinit$$00000004  c_p.l(libinit2.o)
    0x0000013e   0x0000013e   0x00000000   Code   RO          826    .ARM.Collect$$libinit$$0000000A  c_p.l(libinit2.o)
    0x0000013e   0x0000013e   0x00000000   Code   RO          828    .ARM.Collect$$libinit$$0000000C  c_p.l(libinit2.o)
    0x0000013e   0x0000013e   0x00000000   Code   RO          830    .ARM.Collect$$libinit$$0000000E  c_p.l(libinit2.o)
    0x0000013e   0x0000013e   0x00000000   Code   RO          833    .ARM.Collect$$libinit$$00000011  c_p.l(libinit2.o)
    0x0000013e   0x0000013e   0x00000000   Code   RO          835    .ARM.Collect$$libinit$$00000013  c_p.l(libinit2.o)
    0x0000013e   0x0000013e   0x00000000   Code   RO          837    .ARM.Collect$$libinit$$00000015  c_p.l(libinit2.o)
    0x0000013e   0x0000013e   0x00000000   Code   RO          839    .ARM.Collect$$libinit$$00000017  c_p.l(libinit2.o)
    0x0000013e   0x0000013e   0x00000000   Code   RO          841    .ARM.Collect$$libinit$$00000019  c_p.l(libinit2.o)
    0x0000013e   0x0000013e   0x00000000   Code   RO          843    .ARM.Collect$$libinit$$0000001B  c_p.l(libinit2.o)
    0x0000013e   0x0000013e   0x00000000   Code   RO          845    .ARM.Collect$$libinit$$0000001D  c_p.l(libinit2.o)
    0x0000013e   0x0000013e   0x00000000   Code   RO          847    .ARM.Collect$$libinit$$0000001F  c_p.l(libinit2.o)
    0x0000013e   0x0000013e   0x00000000   Code   RO          849    .ARM.Collect$$libinit$$00000021  c_p.l(libinit2.o)
    0x0000013e   0x0000013e   0x00000000   Code   RO          851    .ARM.Collect$$libinit$$00000023  c_p.l(libinit2.o)
    0x0000013e   0x0000013e   0x00000000   Code   RO          853    .ARM.Collect$$libinit$$00000025  c_p.l(libinit2.o)
    0x0000013e   0x0000013e   0x00000000   Code   RO          857    .ARM.Collect$$libinit$$0000002C  c_p.l(libinit2.o)
    0x0000013e   0x0000013e   0x00000000   Code   RO          859    .ARM.Collect$$libinit$$0000002E  c_p.l(libinit2.o)
    0x0000013e   0x0000013e   0x00000000   Code   RO          861    .ARM.Collect$$libinit$$00000030  c_p.l(libinit2.o)
    0x0000013e   0x0000013e   0x00000000   Code   RO          863    .ARM.Collect$$libinit$$00000032  c_p.l(libinit2.o)
    0x0000013e   0x0000013e   0x00000002   Code   RO          864    .ARM.Collect$$libinit$$00000033  c_p.l(libinit2.o)
    0x00000140   0x00000140   0x00000002   Code   RO          895    .ARM.Collect$$libshutdown$$00000000  c_p.l(libshutdown.o)
    0x00000142   0x00000142   0x00000000   Code   RO          921    .ARM.Collect$$libshutdown$$00000002  c_p.l(libshutdown2.o)
    0x00000142   0x00000142   0x00000000   Code   RO          923    .ARM.Collect$$libshutdown$$00000004  c_p.l(libshutdown2.o)
    0x00000142   0x00000142   0x00000000   Code   RO          926    .ARM.Collect$$libshutdown$$00000007  c_p.l(libshutdown2.o)
    0x00000142   0x00000142   0x00000000   Code   RO          929    .ARM.Collect$$libshutdown$$0000000A  c_p.l(libshutdown2.o)
    0x00000142   0x00000142   0x00000000   Code   RO          931    .ARM.Collect$$libshutdown$$0000000C  c_p.l(libshutdown2.o)
    0x00000142   0x00000142   0x00000000   Code   RO          934    .ARM.Collect$$libshutdown$$0000000F  c_p.l(libshutdown2.o)
    0x00000142   0x00000142   0x00000002   Code   RO          935    .ARM.Collect$$libshutdown$$00000010  c_p.l(libshutdown2.o)
    0x00000144   0x00000144   0x00000000   Code   RO          771    .ARM.Collect$$rtentry$$00000000  c_p.l(__rtentry.o)
    0x00000144   0x00000144   0x00000000   Code   RO          777    .ARM.Collect$$rtentry$$00000002  c_p.l(__rtentry2.o)
    0x00000144   0x00000144   0x00000006   Code   RO          789    .ARM.Collect$$rtentry$$00000004  c_p.l(__rtentry4.o)
    0x0000014a   0x0000014a   0x00000000   Code   RO          779    .ARM.Collect$$rtentry$$00000009  c_p.l(__rtentry2.o)
    0x0000014a   0x0000014a   0x00000004   Code   RO          780    .ARM.Collect$$rtentry$$0000000A  c_p.l(__rtentry2.o)
    0x0000014e   0x0000014e   0x00000000   Code   RO          782    .ARM.Collect$$rtentry$$0000000C  c_p.l(__rtentry2.o)
    0x0000014e   0x0000014e   0x00000008   Code   RO          783    .ARM.Collect$$rtentry$$0000000D  c_p.l(__rtentry2.o)
    0x00000156   0x00000156   0x00000002   Code   RO          812    .ARM.Collect$$rtexit$$00000000  c_p.l(rtexit.o)
    0x00000158   0x00000158   0x00000000   Code   RO          868    .ARM.Collect$$rtexit$$00000002  c_p.l(rtexit2.o)
    0x00000158   0x00000158   0x00000004   Code   RO          869    .ARM.Collect$$rtexit$$00000003  c_p.l(rtexit2.o)
    0x0000015c   0x0000015c   0x00000006   Code   RO          870    .ARM.Collect$$rtexit$$00000004  c_p.l(rtexit2.o)
    0x00000162   0x00000162   0x00000002   PAD
    0x00000164   0x00000164   0x00000064   Code   RO            4  * .text               startup_nuc1xx.o
    0x000001c8   0x000001c8   0x00000006   Code   RO          767    .text               c_p.l(heapauxi.o)
    0x000001ce   0x000001ce   0x0000003e   Code   RO          793    .text               c_p.l(sys_stackheap_outer.o)
    0x0000020c   0x0000020c   0x00000010   Code   RO          796    .text               c_p.l(exit.o)
    0x0000021c   0x0000021c   0x00000008   Code   RO          808    .text               c_p.l(libspace.o)
    0x00000224   0x00000224   0x0000000c   Code   RO          865    .text               c_p.l(sys_exit.o)
    0x00000230   0x00000230   0x00000002   Code   RO          884    .text               c_p.l(use_no_semi.o)
    0x00000232   0x00000232   0x00000000   Code   RO          886    .text               c_p.l(indicate_semi.o)
    0x00000232   0x00000232   0x00000002   PAD
    0x00000234   0x00000234   0x00000028   Code   RO          312    i.BOD_IRQHandler    drvsys.o
    0x0000025c   0x0000025c   0x00000018   Code   RO          654    i.CloseKeyPad       scankey.o
    0x00000274   0x00000274   0x00000044   Code   RO           60    i.DrvGPIO_Close     drvgpio.o
    0x000002b8   0x000002b8   0x0000002c   Code   RO           61    i.DrvGPIO_ClrBit    drvgpio.o
    0x000002e4   0x000002e4   0x0000002c   Code   RO           74    i.DrvGPIO_GetBit    drvgpio.o
    0x00000310   0x00000310   0x00000088   Code   RO           84    i.DrvGPIO_Open      drvgpio.o
    0x00000398   0x00000398   0x0000002c   Code   RO           85    i.DrvGPIO_SetBit    drvgpio.o
    0x000003c4   0x000003c4   0x0000002c   Code   RO          315    i.DrvSYS_Delay      drvsys.o
    0x000003f0   0x000003f0   0x00000024   Code   RO           91    i.EINT0_IRQHandler  drvgpio.o
    0x00000414   0x00000414   0x00000024   Code   RO           92    i.EINT1_IRQHandler  drvgpio.o
    0x00000438   0x00000438   0x00000044   Code   RO           93    i.GPAB_IRQHandler   drvgpio.o
    0x0000047c   0x0000047c   0x0000004c   Code   RO           94    i.GPCDE_IRQHandler  drvgpio.o
    0x000004c8   0x000004c8   0x0000001a   Code   RO          655    i.OpenKeyPad        scankey.o
    0x000004e2   0x000004e2   0x00000002   PAD
    0x000004e4   0x000004e4   0x000000b8   Code   RO          616    i.OpenSevenSegment  seven_segment.o
    0x0000059c   0x0000059c   0x00000028   Code   RO          360    i.PWRWU_IRQHandler  drvsys.o
    0x000005c4   0x000005c4   0x00000084   Code   RO          656    i.Scankey           scankey.o
    0x00000648   0x00000648   0x00000108   Code   RO          617    i.ShowSevenSegment  seven_segment.o
    0x00000750   0x00000750   0x00000002   Code   RO           25    i.SystemInit        system_nuc1xx.o
    0x00000752   0x00000752   0x00000002   PAD
    0x00000754   0x00000754   0x00000058   Code   RO          688    i.TMR1_IRQHandler   heartbeat.o
    0x000007ac   0x000007ac   0x0000001c   Code   RO          290    i.__ARM_common_switch8  drvgpio.o
    0x000007c8   0x000007c8   0x00000010   Code   RO          657    i.delay             scankey.o
    0x000007d8   0x000007d8   0x000000b8   Code   RO          689    i.heartbeat         heartbeat.o
    0x00000890   0x00000890   0x00000016   Code   RO          739    i.keypad_input      user_func.o
    0x000008a6   0x000008a6   0x00000002   PAD
    0x000008a8   0x000008a8   0x00000064   Code   RO          712    i.main              main.o
    0x0000090c   0x0000090c   0x00000020   Code   RO          740    i.toggleLEDs_off    user_func.o
    0x0000092c   0x0000092c   0x00000030   Code   RO          741    i.toggleLEDs_on     user_func.o
    0x0000095c   0x0000095c   0x00000004   Data   RO          658    .constdata          scankey.o
    0x00000960   0x00000960   0x00000020   Data   RO          936    Region$$Table       anon$$obj.o


    Execution Region ER_RW (Exec base: 0x20000000, Load base: 0x00000980, Size: 0x0000004c, Max: 0xffffffff, ABSOLUTE)

    Exec Addr    Load Addr    Size         Type   Attr      Idx    E Section Name        Object

    0x20000000   0x00000980   0x0000001c   Data   RW           26    .data               system_nuc1xx.o
    0x2000001c   0x0000099c   0x00000010   Data   RW           98    .data               drvgpio.o
    0x2000002c   0x000009ac   0x00000008   Data   RW          362    .data               drvsys.o
    0x20000034   0x000009b4   0x00000010   Data   RW          618    .data               seven_segment.o
    0x20000044   0x000009c4   0x00000004   Data   RW          690    .data               heartbeat.o
    0x20000048   0x000009c8   0x00000004   Data   RW          713    .data               main.o


    Execution Region ER_ZI (Exec base: 0x2000004c, Load base: 0x000009cc, Size: 0x00000464, Max: 0xffffffff, ABSOLUTE)

    Exec Addr    Load Addr    Size         Type   Attr      Idx    E Section Name        Object

    0x2000004c        -       0x00000060   Zero   RW          809    .bss                c_p.l(libspace.o)
    0x200000ac   0x000009cc   0x00000004   PAD
    0x200000b0        -       0x00000000   Zero   RW            2    HEAP                startup_nuc1xx.o
    0x200000b0        -       0x00000400   Zero   RW            1    STACK               startup_nuc1xx.o


==============================================================================

Image component sizes


      Code (inc. data)   RO Data    RW Data    ZI Data      Debug   Object Name

         0          0          0          0          0       4508   core_cm0.o
       580         82          0         16          0     128509   drvgpio.o
       124         20          0          8          0       4551   drvsys.o
       272         30          0          4          0       9094   heartbeat.o
       100          6          0          4          0        835   main.o
       198          6          4          0          0       2333   scankey.o
       448         34          0         16          0       2524   seven_segment.o
       100         46        192          0       1024        692   startup_nuc1xx.o
         2          0          0         28          0     118414   system_nuc1xx.o
       102         18          0          0          0       1540   user_func.o

    ----------------------------------------------------------------------
      1932        242        228         76       1024     273000   Object Totals
         0          0         32          0          0          0   (incl. Generated)
         6          0          0          0          0          0   (incl. Padding)

    ----------------------------------------------------------------------

      Code (inc. data)   RO Data    RW Data    ZI Data      Debug   Library Member Name

         8          0          0          0          0         68   __main.o
         0          0          0          0          0          0   __rtentry.o
        12          0          0          0          0          0   __rtentry2.o
         6          0          0          0          0          0   __rtentry4.o
        60          8          0          0          0          0   __scatter.o
        26          0          0          0          0          0   __scatter_copy.o
        28          0          0          0          0          0   __scatter_zi.o
        16          0          0          0          0         68   exit.o
         6          0          0          0          0        136   heapauxi.o
         0          0          0          0          0          0   indicate_semi.o
         2          0          0          0          0          0   libinit.o
         2          0          0          0          0          0   libinit2.o
         2          0          0          0          0          0   libshutdown.o
         2          0          0          0          0          0   libshutdown2.o
         8          4          0          0         96         68   libspace.o
         2          0          0          0          0          0   rtexit.o
        10          0          0          0          0          0   rtexit2.o
        12          4          0          0          0         60   sys_exit.o
        62          0          0          0          0         80   sys_stackheap_outer.o
         2          0          0          0          0         68   use_no_semi.o

    ----------------------------------------------------------------------
       272         16          0          0        100        548   Library Totals
         6          0          0          0          4          0   (incl. Padding)

    ----------------------------------------------------------------------

      Code (inc. data)   RO Data    RW Data    ZI Data      Debug   Library Name

       266         16          0          0         96        548   c_p.l

    ----------------------------------------------------------------------
       272         16          0          0        100        548   Library Totals

    ----------------------------------------------------------------------

==============================================================================


      Code (inc. data)   RO Data    RW Data    ZI Data      Debug   

      2204        258        228         76       1124     272444   Grand Totals
      2204        258        228         76       1124     272444   ELF Image Totals
      2204        258        228         76          0          0   ROM Totals

==============================================================================

    Total RO  Size (Code + RO Data)                 2432 (   2.38kB)
    Total RW  Size (RW Data + ZI Data)              1200 (   1.17kB)
    Total ROM Size (Code + RO Data + RW Data)       2508 (   2.45kB)

==============================================================================

