Component: ARM Compiler 5.06 update 6 (build 750) Tool: armlink [4d35ed]

==============================================================================

Small function inlining results

Inlined function __aeabi_idiv0 from aeabi_idiv0.o at offset 0x154 in aeabi_sdiv.o(.text).
Inlined Instruction: BX       lr
Inlined function __aeabi_idiv0 from aeabi_idiv0.o at offset 0x154 in aeabi_sdiv_div0.o(.text).
Inlined Instruction: BX       lr
Inlined function __ieee_status from ieee_status.o at offset 0x1c in _printf_fp_dec.o(.text).
Inlined Instruction: MOVS     r0,#0
Inlined function _platform_pre_stackheap_init from boardinit1.o at offset 0x0 in __rtentry2.o(.ARM.Collect$$rtentry$$00000001).
Inlined Instruction: BX       lr
Inlined function __ieee_status from ieee_status.o at offset 0x1fc in btod.o(.text).
Inlined Instruction: MOVS     r0,#0
Inlined function __ieee_status from ieee_status.o at offset 0x210 in btod.o(.text).
Inlined Instruction: MOVS     r0,#0
Inlined function __ieee_status from ieee_status.o at offset 0x400 in btod.o(.text).
Inlined Instruction: MOVS     r0,#0
Inlined function __ieee_status from ieee_status.o at offset 0x412 in btod.o(.text).
Inlined Instruction: MOVS     r0,#0
Inlined function __ieee_status from ieee_status.o at offset 0x4aa in btod.o(.text).
Inlined Instruction: MOVS     r0,#0
Inlined function __ieee_status from ieee_status.o at offset 0x4b6 in btod.o(.text).
Inlined Instruction: MOVS     r0,#0
Inlined function __ieee_status from ieee_status.o at offset 0x554 in btod.o(.text).
Inlined Instruction: MOVS     r0,#0
Inlined function __ieee_status from ieee_status.o at offset 0x560 in btod.o(.text).
Inlined Instruction: MOVS     r0,#0
Inlined function _fp_init from fpinit.o at offset 0x0 in libinit2.o(.ARM.Collect$$libinit$$00000001).
Inlined Instruction: BX       lr
Inlined function __ARM_get_argv from no_argv.o at offset 0x2 in argv_veneer.o(.text).
Inlined Instruction: BX       lr
Inlined function _platform_pre_lib_shutdown from boardshut.o at offset 0x0 in rtexit2.o(.ARM.Collect$$rtexit$$00000001).
Inlined Instruction: BX       lr
Inlined total of 15 calls.

==============================================================================

Memory Map of the image

  Image Entry point : 0x00000185

  Load Region LR_1 (Base: 0x00000000, Size: 0x000022d4, Max: 0xffffffff, ABSOLUTE)

    Execution Region ER_RO (Exec base: 0x00000000, Load base: 0x00000000, Size: 0x00001cb4, Max: 0xffffffff, ABSOLUTE)

    Exec Addr    Load Addr    Size         Type   Attr      Idx    E Section Name        Object

    0x00000000   0x00000000   0x000000c0   Data   RO            3    RESET               startup_nuc1xx.o
    0x000000c0   0x000000c0   0x00000008   Code   RO          864  * !!!main             c_p.l(__main.o)
    0x000000c8   0x000000c8   0x0000003c   Code   RO         1072    !!!scatter          c_p.l(__scatter.o)
    0x00000104   0x00000104   0x0000001a   Code   RO         1074    !!handler_copy      c_p.l(__scatter_copy.o)
    0x0000011e   0x0000011e   0x00000002   PAD
    0x00000120   0x00000120   0x0000001c   Code   RO         1076    !!handler_zi        c_p.l(__scatter_zi.o)
    0x0000013c   0x0000013c   0x00000002   Code   RO          857    .ARM.Collect$$_printf_percent$$00000000  c_p.l(_printf_percent.o)
    0x0000013e   0x0000013e   0x0000000a   Code   RO          856    .ARM.Collect$$_printf_percent$$00000003  c_p.l(_printf_f.o)
    0x00000148   0x00000148   0x00000004   Code   RO          879    .ARM.Collect$$_printf_percent$$00000017  c_p.l(_printf_percent_end.o)
    0x0000014c   0x0000014c   0x00000002   Code   RO          944    .ARM.Collect$$libinit$$00000000  c_p.l(libinit.o)
    0x0000014e   0x0000014e   0x00000000   Code   RO          946    .ARM.Collect$$libinit$$00000002  c_p.l(libinit2.o)
    0x0000014e   0x0000014e   0x00000000   Code   RO          948    .ARM.Collect$$libinit$$00000004  c_p.l(libinit2.o)
    0x0000014e   0x0000014e   0x00000000   Code   RO          951    .ARM.Collect$$libinit$$0000000A  c_p.l(libinit2.o)
    0x0000014e   0x0000014e   0x00000000   Code   RO          953    .ARM.Collect$$libinit$$0000000C  c_p.l(libinit2.o)
    0x0000014e   0x0000014e   0x00000000   Code   RO          955    .ARM.Collect$$libinit$$0000000E  c_p.l(libinit2.o)
    0x0000014e   0x0000014e   0x00000006   Code   RO          956    .ARM.Collect$$libinit$$0000000F  c_p.l(libinit2.o)
    0x00000154   0x00000154   0x00000000   Code   RO          958    .ARM.Collect$$libinit$$00000011  c_p.l(libinit2.o)
    0x00000154   0x00000154   0x00000000   Code   RO          960    .ARM.Collect$$libinit$$00000013  c_p.l(libinit2.o)
    0x00000154   0x00000154   0x00000000   Code   RO          962    .ARM.Collect$$libinit$$00000015  c_p.l(libinit2.o)
    0x00000154   0x00000154   0x0000000a   Code   RO          963    .ARM.Collect$$libinit$$00000016  c_p.l(libinit2.o)
    0x0000015e   0x0000015e   0x00000000   Code   RO          964    .ARM.Collect$$libinit$$00000017  c_p.l(libinit2.o)
    0x0000015e   0x0000015e   0x00000000   Code   RO          966    .ARM.Collect$$libinit$$00000019  c_p.l(libinit2.o)
    0x0000015e   0x0000015e   0x00000000   Code   RO          968    .ARM.Collect$$libinit$$0000001B  c_p.l(libinit2.o)
    0x0000015e   0x0000015e   0x00000000   Code   RO          970    .ARM.Collect$$libinit$$0000001D  c_p.l(libinit2.o)
    0x0000015e   0x0000015e   0x00000000   Code   RO          972    .ARM.Collect$$libinit$$0000001F  c_p.l(libinit2.o)
    0x0000015e   0x0000015e   0x00000000   Code   RO          974    .ARM.Collect$$libinit$$00000021  c_p.l(libinit2.o)
    0x0000015e   0x0000015e   0x00000000   Code   RO          976    .ARM.Collect$$libinit$$00000023  c_p.l(libinit2.o)
    0x0000015e   0x0000015e   0x00000000   Code   RO          978    .ARM.Collect$$libinit$$00000025  c_p.l(libinit2.o)
    0x0000015e   0x0000015e   0x00000000   Code   RO          982    .ARM.Collect$$libinit$$0000002C  c_p.l(libinit2.o)
    0x0000015e   0x0000015e   0x00000000   Code   RO          984    .ARM.Collect$$libinit$$0000002E  c_p.l(libinit2.o)
    0x0000015e   0x0000015e   0x00000000   Code   RO          986    .ARM.Collect$$libinit$$00000030  c_p.l(libinit2.o)
    0x0000015e   0x0000015e   0x00000000   Code   RO          988    .ARM.Collect$$libinit$$00000032  c_p.l(libinit2.o)
    0x0000015e   0x0000015e   0x00000002   Code   RO          989    .ARM.Collect$$libinit$$00000033  c_p.l(libinit2.o)
    0x00000160   0x00000160   0x00000002   Code   RO         1037    .ARM.Collect$$libshutdown$$00000000  c_p.l(libshutdown.o)
    0x00000162   0x00000162   0x00000000   Code   RO         1055    .ARM.Collect$$libshutdown$$00000002  c_p.l(libshutdown2.o)
    0x00000162   0x00000162   0x00000000   Code   RO         1057    .ARM.Collect$$libshutdown$$00000004  c_p.l(libshutdown2.o)
    0x00000162   0x00000162   0x00000000   Code   RO         1060    .ARM.Collect$$libshutdown$$00000007  c_p.l(libshutdown2.o)
    0x00000162   0x00000162   0x00000000   Code   RO         1063    .ARM.Collect$$libshutdown$$0000000A  c_p.l(libshutdown2.o)
    0x00000162   0x00000162   0x00000000   Code   RO         1065    .ARM.Collect$$libshutdown$$0000000C  c_p.l(libshutdown2.o)
    0x00000162   0x00000162   0x00000000   Code   RO         1068    .ARM.Collect$$libshutdown$$0000000F  c_p.l(libshutdown2.o)
    0x00000162   0x00000162   0x00000002   Code   RO         1069    .ARM.Collect$$libshutdown$$00000010  c_p.l(libshutdown2.o)
    0x00000164   0x00000164   0x00000000   Code   RO          868    .ARM.Collect$$rtentry$$00000000  c_p.l(__rtentry.o)
    0x00000164   0x00000164   0x00000000   Code   RO          881    .ARM.Collect$$rtentry$$00000002  c_p.l(__rtentry2.o)
    0x00000164   0x00000164   0x00000006   Code   RO          893    .ARM.Collect$$rtentry$$00000004  c_p.l(__rtentry4.o)
    0x0000016a   0x0000016a   0x00000000   Code   RO          883    .ARM.Collect$$rtentry$$00000009  c_p.l(__rtentry2.o)
    0x0000016a   0x0000016a   0x00000004   Code   RO          884    .ARM.Collect$$rtentry$$0000000A  c_p.l(__rtentry2.o)
    0x0000016e   0x0000016e   0x00000000   Code   RO          886    .ARM.Collect$$rtentry$$0000000C  c_p.l(__rtentry2.o)
    0x0000016e   0x0000016e   0x00000008   Code   RO          887    .ARM.Collect$$rtentry$$0000000D  c_p.l(__rtentry2.o)
    0x00000176   0x00000176   0x00000002   Code   RO          991    .ARM.Collect$$rtexit$$00000000  c_p.l(rtexit.o)
    0x00000178   0x00000178   0x00000000   Code   RO         1006    .ARM.Collect$$rtexit$$00000002  c_p.l(rtexit2.o)
    0x00000178   0x00000178   0x00000004   Code   RO         1007    .ARM.Collect$$rtexit$$00000003  c_p.l(rtexit2.o)
    0x0000017c   0x0000017c   0x00000006   Code   RO         1008    .ARM.Collect$$rtexit$$00000004  c_p.l(rtexit2.o)
    0x00000182   0x00000182   0x00000002   PAD
    0x00000184   0x00000184   0x00000064   Code   RO            4  * .text               startup_nuc1xx.o
    0x000001e8   0x000001e8   0x00000028   Code   RO          830    .text               c_p.l(noretval__2sprintf.o)
    0x00000210   0x00000210   0x0000004e   Code   RO          834    .text               c_p.l(_printf_pad.o)
    0x0000025e   0x0000025e   0x0000010e   Code   RO          844    .text               c_p.l(__printf_wp.o)
    0x0000036c   0x0000036c   0x0000015a   Code   RO          858    .text               c_p.l(aeabi_sdiv.o)
    0x000004c6   0x000004c6   0x00000006   Code   RO          862    .text               c_p.l(heapauxi.o)
    0x000004cc   0x000004cc   0x00000418   Code   RO          873    .text               c_p.l(_printf_fp_dec.o)
    0x000008e4   0x000008e4   0x00000030   Code   RO          875    .text               c_p.l(_printf_char_common.o)
    0x00000914   0x00000914   0x0000000a   Code   RO          877    .text               c_p.l(_sputc.o)
    0x0000091e   0x0000091e   0x00000002   PAD
    0x00000920   0x00000920   0x00000008   Code   RO          900    .text               c_p.l(rt_locale_intlibspace.o)
    0x00000928   0x00000928   0x0000007a   Code   RO          902    .text               c_p.l(lludiv10.o)
    0x000009a2   0x000009a2   0x00000002   PAD
    0x000009a4   0x000009a4   0x00000088   Code   RO          904    .text               c_p.l(_printf_fp_infnan.o)
    0x00000a2c   0x00000a2c   0x000000d8   Code   RO          908    .text               c_p.l(bigflt0.o)
    0x00000b04   0x00000b04   0x00000580   Code   RO          911    .text               c_p.l(btod.o)
    0x00001084   0x00001084   0x00000028   Code   RO          918    .text               c_p.l(rtudiv10.o)
    0x000010ac   0x000010ac   0x00000008   Code   RO          925    .text               c_p.l(libspace.o)
    0x000010b4   0x000010b4   0x0000003e   Code   RO          928    .text               c_p.l(sys_stackheap_outer.o)
    0x000010f2   0x000010f2   0x00000010   Code   RO          931    .text               c_p.l(exit.o)
    0x00001102   0x00001102   0x00000002   PAD
    0x00001104   0x00001104   0x00000088   Code   RO          937    .text               c_p.l(strcmp.o)
    0x0000118c   0x0000118c   0x0000000c   Code   RO         1003    .text               c_p.l(sys_exit.o)
    0x00001198   0x00001198   0x00000002   Code   RO         1024    .text               c_p.l(use_no_semi.o)
    0x0000119a   0x0000119a   0x00000000   Code   RO         1026    .text               c_p.l(indicate_semi.o)
    0x0000119a   0x0000119a   0x00000002   PAD
    0x0000119c   0x0000119c   0x00000028   Code   RO          312    i.BOD_IRQHandler    drvsys.o
    0x000011c4   0x000011c4   0x00000018   Code   RO          692    i.CloseKeyPad       scankey.o
    0x000011dc   0x000011dc   0x00000044   Code   RO           60    i.DrvGPIO_Close     drvgpio.o
    0x00001220   0x00001220   0x0000002c   Code   RO           61    i.DrvGPIO_ClrBit    drvgpio.o
    0x0000124c   0x0000124c   0x0000002c   Code   RO           74    i.DrvGPIO_GetBit    drvgpio.o
    0x00001278   0x00001278   0x00000088   Code   RO           84    i.DrvGPIO_Open      drvgpio.o
    0x00001300   0x00001300   0x0000002c   Code   RO           85    i.DrvGPIO_SetBit    drvgpio.o
    0x0000132c   0x0000132c   0x00000024   Code   RO           91    i.EINT0_IRQHandler  drvgpio.o
    0x00001350   0x00001350   0x00000024   Code   RO           92    i.EINT1_IRQHandler  drvgpio.o
    0x00001374   0x00001374   0x00000044   Code   RO           93    i.GPAB_IRQHandler   drvgpio.o
    0x000013b8   0x000013b8   0x0000004c   Code   RO           94    i.GPCDE_IRQHandler  drvgpio.o
    0x00001404   0x00001404   0x00000218   Code   RO          623    i.Initial_panel     lcd_driver.o
    0x0000161c   0x0000161c   0x0000001a   Code   RO          693    i.OpenKeyPad        scankey.o
    0x00001636   0x00001636   0x00000002   PAD
    0x00001638   0x00001638   0x00000028   Code   RO          360    i.PWRWU_IRQHandler  drvsys.o
    0x00001660   0x00001660   0x00000084   Code   RO          694    i.Scankey           scankey.o
    0x000016e4   0x000016e4   0x000000f4   Code   RO          624    i.SetPACA           lcd_driver.o
    0x000017d8   0x000017d8   0x00000078   Code   RO          625    i.Show_Word         lcd_driver.o
    0x00001850   0x00001850   0x00000002   Code   RO           25    i.SystemInit        system_nuc1xx.o
    0x00001852   0x00001852   0x00000002   PAD
    0x00001854   0x00001854   0x00000058   Code   RO          729    i.TMR1_IRQHandler   heartbeat.o
    0x000018ac   0x000018ac   0x00000058   Code   RO          627    i.WriteData         lcd_driver.o
    0x00001904   0x00001904   0x00000030   Code   RO          913    i.__ARM_common_ll_muluu  c_p.l(btod.o)
    0x00001934   0x00001934   0x0000001c   Code   RO          290    i.__ARM_common_switch8  drvgpio.o
    0x00001950   0x00001950   0x0000002c   Code   RO          923    i.__ARM_fpclassify  m_ps.l(fpclassify.o)
    0x0000197c   0x0000197c   0x0000000e   Code   RO          846    i._is_digit         c_p.l(__printf_wp.o)
    0x0000198a   0x0000198a   0x00000028   Code   RO          628    i.clr_all_panel     lcd_driver.o
    0x000019b2   0x000019b2   0x00000010   Code   RO          695    i.delay             scankey.o
    0x000019c2   0x000019c2   0x00000002   PAD
    0x000019c4   0x000019c4   0x00000014   Code   RO          786    i.fifty_percent     user_func.o
    0x000019d8   0x000019d8   0x000000b8   Code   RO          730    i.heartbeat         heartbeat.o
    0x00001a90   0x00001a90   0x00000016   Code   RO          787    i.keypad_input      user_func.o
    0x00001aa6   0x00001aa6   0x00000002   PAD
    0x00001aa8   0x00001aa8   0x00000084   Code   RO          754    i.main              main.o
    0x00001b2c   0x00001b2c   0x00000014   Code   RO          788    i.oneHund_percent   user_func.o
    0x00001b40   0x00001b40   0x00000028   Code   RO          629    i.print_lcd         lcd_driver.o
    0x00001b68   0x00001b68   0x00000014   Code   RO          789    i.seventyFive_percent  user_func.o
    0x00001b7c   0x00001b7c   0x00000014   Code   RO          790    i.twentyfive_percent  user_func.o
    0x00001b90   0x00001b90   0x00000014   Code   RO          791    i.zero_percent      user_func.o
    0x00001ba4   0x00001ba4   0x0000002c   Code   RO          916    locale$$code        c_p.l(lc_numeric_c.o)
    0x00001bd0   0x00001bd0   0x00000010   Code   RO          866    x$fpl$printf1       fz_ps.l(printf1.o)
    0x00001be0   0x00001be0   0x00000000   Code   RO          922    x$fpl$usenofp       fz_ps.l(usenofp.o)
    0x00001be0   0x00001be0   0x00000004   Data   RO          696    .constdata          scankey.o
    0x00001be4   0x00001be4   0x00000094   Data   RO          909    .constdata          c_p.l(bigflt0.o)
    0x00001c78   0x00001c78   0x00000020   Data   RO         1070    Region$$Table       anon$$obj.o
    0x00001c98   0x00001c98   0x0000001c   Data   RO          915    locale$$data        c_p.l(lc_numeric_c.o)


    Execution Region ER_RW (Exec base: 0x20000000, Load base: 0x00001cb4, Size: 0x00000620, Max: 0xffffffff, ABSOLUTE)

    Exec Addr    Load Addr    Size         Type   Attr      Idx    E Section Name        Object

    0x20000000   0x00001cb4   0x00000010   Data   RW           98    .data               drvgpio.o
    0x20000010   0x00001cc4   0x00000008   Data   RW          362    .data               drvsys.o
    0x20000018   0x00001ccc   0x000005f0   Data   RW          615    .data               ascii_table.o
    0x20000608   0x000022bc   0x00000010   Data   RW          630    .data               lcd_driver.o
    0x20000618   0x000022cc   0x00000004   Data   RW          731    .data               heartbeat.o
    0x2000061c   0x000022d0   0x00000004   Data   RW          755    .data               main.o


    Execution Region ER_ZI (Exec base: 0x20000620, Load base: 0x000022d4, Size: 0x00000460, Max: 0xffffffff, ABSOLUTE)

    Exec Addr    Load Addr    Size         Type   Attr      Idx    E Section Name        Object

    0x20000620        -       0x00000060   Zero   RW          926    .bss                c_p.l(libspace.o)
    0x20000680        -       0x00000000   Zero   RW            2    HEAP                startup_nuc1xx.o
    0x20000680        -       0x00000400   Zero   RW            1    STACK               startup_nuc1xx.o


==============================================================================

Image component sizes


      Code (inc. data)   RO Data    RW Data    ZI Data      Debug   Object Name

         0          0          0       1520          0        556   ascii_table.o
         0          0          0          0          0       4508   core_cm0.o
       580         82          0         16          0     128509   drvgpio.o
        80         12          0          8          0       4036   drvsys.o
       272         30          0          4          0       9094   heartbeat.o
      1068         24          0         16          0       4793   lcd_driver.o
       132         24          0          4          0        885   main.o
       198          6          4          0          0       2357   scankey.o
       100         46        192          0       1024        692   startup_nuc1xx.o
         2          0          0          0          0     117633   system_nuc1xx.o
       122         24          0          0          0       2843   user_func.o

    ----------------------------------------------------------------------
      2562        248        228       1568       1024     275906   Object Totals
         0          0         32          0          0          0   (incl. Generated)
         8          0          0          0          0          0   (incl. Padding)

    ----------------------------------------------------------------------

      Code (inc. data)   RO Data    RW Data    ZI Data      Debug   Library Member Name

         8          0          0          0          0         68   __main.o
       284          0          0          0          0        136   __printf_wp.o
         0          0          0          0          0          0   __rtentry.o
        12          0          0          0          0          0   __rtentry2.o
         6          0          0          0          0          0   __rtentry4.o
        60          8          0          0          0          0   __scatter.o
        26          0          0          0          0          0   __scatter_copy.o
        28          0          0          0          0          0   __scatter_zi.o
        48          6          0          0          0         88   _printf_char_common.o
        10          0          0          0          0          0   _printf_f.o
      1048         14          0          0          0        176   _printf_fp_dec.o
       136         16          0          0          0         76   _printf_fp_infnan.o
        78          0          0          0          0        100   _printf_pad.o
         2          0          0          0          0          0   _printf_percent.o
         4          0          0          0          0          0   _printf_percent_end.o
        10          0          0          0          0         60   _sputc.o
       346          0          0          0          0         92   aeabi_sdiv.o
       216          6        148          0          0         80   bigflt0.o
      1456         30          0          0          0        336   btod.o
        16          0          0          0          0         68   exit.o
         6          0          0          0          0        136   heapauxi.o
         0          0          0          0          0          0   indicate_semi.o
        44         10         28          0          0         76   lc_numeric_c.o
         2          0          0          0          0          0   libinit.o
        18          0          0          0          0          0   libinit2.o
         2          0          0          0          0          0   libshutdown.o
         2          0          0          0          0          0   libshutdown2.o
         8          4          0          0         96         68   libspace.o
       122          0          0          0          0         72   lludiv10.o
        40          4          0          0          0         84   noretval__2sprintf.o
         8          4          0          0          0         68   rt_locale_intlibspace.o
         2          0          0          0          0          0   rtexit.o
        10          0          0          0          0          0   rtexit2.o
        40          0          0          0          0         60   rtudiv10.o
       136          4          0          0          0         72   strcmp.o
        12          4          0          0          0         60   sys_exit.o
        62          0          0          0          0         80   sys_stackheap_outer.o
         2          0          0          0          0         68   use_no_semi.o
        16          4          0          0          0         76   printf1.o
         0          0          0          0          0          0   usenofp.o
        44          4          0          0          0         60   fpclassify.o

    ----------------------------------------------------------------------
      4382        118        176          0         96       2260   Library Totals
        12          0          0          0          0          0   (incl. Padding)

    ----------------------------------------------------------------------

      Code (inc. data)   RO Data    RW Data    ZI Data      Debug   Library Name

      4310        110        176          0         96       2124   c_p.l
        16          4          0          0          0         76   fz_ps.l
        44          4          0          0          0         60   m_ps.l

    ----------------------------------------------------------------------
      4382        118        176          0         96       2260   Library Totals

    ----------------------------------------------------------------------

==============================================================================


      Code (inc. data)   RO Data    RW Data    ZI Data      Debug   

      6944        366        404       1568       1120     275886   Grand Totals
      6944        366        404       1568       1120     275886   ELF Image Totals
      6944        366        404       1568          0          0   ROM Totals

==============================================================================

    Total RO  Size (Code + RO Data)                 7348 (   7.18kB)
    Total RW  Size (RW Data + ZI Data)              2688 (   2.63kB)
    Total ROM Size (Code + RO Data + RW Data)       8916 (   8.71kB)

==============================================================================

