Component: ARM Compiler 5.06 update 7 (build 960) Tool: armlink [4d3601]

==============================================================================

Small function inlining results

Inlined function __aeabi_idiv0 from aeabi_idiv0.o at offset 0x154 in aeabi_sdiv.o(.text).
Inlined Instruction: BX       lr
Inlined function __aeabi_idiv0 from aeabi_idiv0.o at offset 0x154 in aeabi_sdiv_div0.o(.text).
Inlined Instruction: BX       lr
Inlined function __ieee_status from ieee_status.o at offset 0x1c in _printf_fp_dec.o(.text).
Inlined Instruction: MOVS     r0,#0
Inlined function _platform_pre_stackheap_init from boardinit1.o at offset 0x0 in __rtentry2.o(.ARM.Collect$$rtentry$$00000001).
Inlined Instruction: BX       lr
Inlined function __ieee_status from ieee_status.o at offset 0x1fc in btod.o(.text).
Inlined Instruction: MOVS     r0,#0
Inlined function __ieee_status from ieee_status.o at offset 0x210 in btod.o(.text).
Inlined Instruction: MOVS     r0,#0
Inlined function __ieee_status from ieee_status.o at offset 0x400 in btod.o(.text).
Inlined Instruction: MOVS     r0,#0
Inlined function __ieee_status from ieee_status.o at offset 0x412 in btod.o(.text).
Inlined Instruction: MOVS     r0,#0
Inlined function __ieee_status from ieee_status.o at offset 0x4aa in btod.o(.text).
Inlined Instruction: MOVS     r0,#0
Inlined function __ieee_status from ieee_status.o at offset 0x4b6 in btod.o(.text).
Inlined Instruction: MOVS     r0,#0
Inlined function __ieee_status from ieee_status.o at offset 0x554 in btod.o(.text).
Inlined Instruction: MOVS     r0,#0
Inlined function __ieee_status from ieee_status.o at offset 0x560 in btod.o(.text).
Inlined Instruction: MOVS     r0,#0
Inlined function _fp_init from fpinit.o at offset 0x0 in libinit2.o(.ARM.Collect$$libinit$$00000001).
Inlined Instruction: BX       lr
Inlined function __ARM_get_argv from no_argv.o at offset 0x2 in argv_veneer.o(.text).
Inlined Instruction: BX       lr
Inlined function _platform_pre_lib_shutdown from boardshut.o at offset 0x0 in rtexit2.o(.ARM.Collect$$rtexit$$00000001).
Inlined Instruction: BX       lr
Inlined total of 15 calls.

==============================================================================

Memory Map of the image

  Image Entry point : 0x0000018d

  Load Region LR_1 (Base: 0x00000000, Size: 0x00004ef8, Max: 0xffffffff, ABSOLUTE)

    Execution Region ER_RO (Exec base: 0x00000000, Load base: 0x00000000, Size: 0x00004884, Max: 0xffffffff, ABSOLUTE)

    Exec Addr    Load Addr    Size         Type   Attr      Idx    E Section Name        Object

    0x00000000   0x00000000   0x000000c0   Data   RO            3    RESET               startup_nuc1xx.o
    0x000000c0   0x000000c0   0x00000008   Code   RO         1240  * !!!main             c_p.l(__main.o)
    0x000000c8   0x000000c8   0x0000003c   Code   RO         1475    !!!scatter          c_p.l(__scatter.o)
    0x00000104   0x00000104   0x0000001a   Code   RO         1477    !!handler_copy      c_p.l(__scatter_copy.o)
    0x0000011e   0x0000011e   0x00000002   PAD
    0x00000120   0x00000120   0x0000001c   Code   RO         1479    !!handler_zi        c_p.l(__scatter_zi.o)
    0x0000013c   0x0000013c   0x00000002   Code   RO         1233    .ARM.Collect$$_printf_percent$$00000000  c_p.l(_printf_percent.o)
    0x0000013e   0x0000013e   0x0000000a   Code   RO         1232    .ARM.Collect$$_printf_percent$$00000003  c_p.l(_printf_f.o)
    0x00000148   0x00000148   0x0000000a   Code   RO         1231    .ARM.Collect$$_printf_percent$$00000009  c_p.l(_printf_d.o)
    0x00000152   0x00000152   0x00000004   Code   RO         1272    .ARM.Collect$$_printf_percent$$00000017  c_p.l(_printf_percent_end.o)
    0x00000156   0x00000156   0x00000002   Code   RO         1343    .ARM.Collect$$libinit$$00000000  c_p.l(libinit.o)
    0x00000158   0x00000158   0x00000000   Code   RO         1345    .ARM.Collect$$libinit$$00000002  c_p.l(libinit2.o)
    0x00000158   0x00000158   0x00000000   Code   RO         1347    .ARM.Collect$$libinit$$00000004  c_p.l(libinit2.o)
    0x00000158   0x00000158   0x00000000   Code   RO         1350    .ARM.Collect$$libinit$$0000000A  c_p.l(libinit2.o)
    0x00000158   0x00000158   0x00000000   Code   RO         1352    .ARM.Collect$$libinit$$0000000C  c_p.l(libinit2.o)
    0x00000158   0x00000158   0x00000000   Code   RO         1354    .ARM.Collect$$libinit$$0000000E  c_p.l(libinit2.o)
    0x00000158   0x00000158   0x00000006   Code   RO         1355    .ARM.Collect$$libinit$$0000000F  c_p.l(libinit2.o)
    0x0000015e   0x0000015e   0x00000000   Code   RO         1357    .ARM.Collect$$libinit$$00000011  c_p.l(libinit2.o)
    0x0000015e   0x0000015e   0x00000000   Code   RO         1359    .ARM.Collect$$libinit$$00000013  c_p.l(libinit2.o)
    0x0000015e   0x0000015e   0x00000000   Code   RO         1361    .ARM.Collect$$libinit$$00000015  c_p.l(libinit2.o)
    0x0000015e   0x0000015e   0x0000000a   Code   RO         1362    .ARM.Collect$$libinit$$00000016  c_p.l(libinit2.o)
    0x00000168   0x00000168   0x00000000   Code   RO         1363    .ARM.Collect$$libinit$$00000017  c_p.l(libinit2.o)
    0x00000168   0x00000168   0x00000000   Code   RO         1365    .ARM.Collect$$libinit$$00000019  c_p.l(libinit2.o)
    0x00000168   0x00000168   0x00000000   Code   RO         1367    .ARM.Collect$$libinit$$0000001B  c_p.l(libinit2.o)
    0x00000168   0x00000168   0x00000000   Code   RO         1369    .ARM.Collect$$libinit$$0000001D  c_p.l(libinit2.o)
    0x00000168   0x00000168   0x00000000   Code   RO         1371    .ARM.Collect$$libinit$$0000001F  c_p.l(libinit2.o)
    0x00000168   0x00000168   0x00000000   Code   RO         1373    .ARM.Collect$$libinit$$00000021  c_p.l(libinit2.o)
    0x00000168   0x00000168   0x00000000   Code   RO         1375    .ARM.Collect$$libinit$$00000023  c_p.l(libinit2.o)
    0x00000168   0x00000168   0x00000000   Code   RO         1377    .ARM.Collect$$libinit$$00000025  c_p.l(libinit2.o)
    0x00000168   0x00000168   0x00000000   Code   RO         1381    .ARM.Collect$$libinit$$0000002C  c_p.l(libinit2.o)
    0x00000168   0x00000168   0x00000000   Code   RO         1383    .ARM.Collect$$libinit$$0000002E  c_p.l(libinit2.o)
    0x00000168   0x00000168   0x00000000   Code   RO         1385    .ARM.Collect$$libinit$$00000030  c_p.l(libinit2.o)
    0x00000168   0x00000168   0x00000000   Code   RO         1387    .ARM.Collect$$libinit$$00000032  c_p.l(libinit2.o)
    0x00000168   0x00000168   0x00000002   Code   RO         1388    .ARM.Collect$$libinit$$00000033  c_p.l(libinit2.o)
    0x0000016a   0x0000016a   0x00000002   Code   RO         1438    .ARM.Collect$$libshutdown$$00000000  c_p.l(libshutdown.o)
    0x0000016c   0x0000016c   0x00000000   Code   RO         1456    .ARM.Collect$$libshutdown$$00000002  c_p.l(libshutdown2.o)
    0x0000016c   0x0000016c   0x00000000   Code   RO         1458    .ARM.Collect$$libshutdown$$00000004  c_p.l(libshutdown2.o)
    0x0000016c   0x0000016c   0x00000000   Code   RO         1460    .ARM.Collect$$libshutdown$$00000006  c_p.l(libshutdown2.o)
    0x0000016c   0x0000016c   0x00000000   Code   RO         1463    .ARM.Collect$$libshutdown$$00000009  c_p.l(libshutdown2.o)
    0x0000016c   0x0000016c   0x00000000   Code   RO         1466    .ARM.Collect$$libshutdown$$0000000C  c_p.l(libshutdown2.o)
    0x0000016c   0x0000016c   0x00000000   Code   RO         1468    .ARM.Collect$$libshutdown$$0000000E  c_p.l(libshutdown2.o)
    0x0000016c   0x0000016c   0x00000000   Code   RO         1471    .ARM.Collect$$libshutdown$$00000011  c_p.l(libshutdown2.o)
    0x0000016c   0x0000016c   0x00000002   Code   RO         1472    .ARM.Collect$$libshutdown$$00000012  c_p.l(libshutdown2.o)
    0x0000016e   0x0000016e   0x00000000   Code   RO         1259    .ARM.Collect$$rtentry$$00000000  c_p.l(__rtentry.o)
    0x0000016e   0x0000016e   0x00000000   Code   RO         1279    .ARM.Collect$$rtentry$$00000002  c_p.l(__rtentry2.o)
    0x0000016e   0x0000016e   0x00000006   Code   RO         1291    .ARM.Collect$$rtentry$$00000004  c_p.l(__rtentry4.o)
    0x00000174   0x00000174   0x00000000   Code   RO         1281    .ARM.Collect$$rtentry$$00000009  c_p.l(__rtentry2.o)
    0x00000174   0x00000174   0x00000004   Code   RO         1282    .ARM.Collect$$rtentry$$0000000A  c_p.l(__rtentry2.o)
    0x00000178   0x00000178   0x00000000   Code   RO         1284    .ARM.Collect$$rtentry$$0000000C  c_p.l(__rtentry2.o)
    0x00000178   0x00000178   0x00000008   Code   RO         1285    .ARM.Collect$$rtentry$$0000000D  c_p.l(__rtentry2.o)
    0x00000180   0x00000180   0x00000002   Code   RO         1392    .ARM.Collect$$rtexit$$00000000  c_p.l(rtexit.o)
    0x00000182   0x00000182   0x00000000   Code   RO         1407    .ARM.Collect$$rtexit$$00000002  c_p.l(rtexit2.o)
    0x00000182   0x00000182   0x00000004   Code   RO         1408    .ARM.Collect$$rtexit$$00000003  c_p.l(rtexit2.o)
    0x00000186   0x00000186   0x00000006   Code   RO         1409    .ARM.Collect$$rtexit$$00000004  c_p.l(rtexit2.o)
    0x0000018c   0x0000018c   0x00000064   Code   RO            4  * .text               startup_nuc1xx.o
    0x000001f0   0x000001f0   0x00000028   Code   RO         1203    .text               c_p.l(noretval__2sprintf.o)
    0x00000218   0x00000218   0x0000004e   Code   RO         1207    .text               c_p.l(_printf_pad.o)
    0x00000266   0x00000266   0x00000002   PAD
    0x00000268   0x00000268   0x0000006c   Code   RO         1209    .text               c_p.l(_printf_dec.o)
    0x000002d4   0x000002d4   0x0000010e   Code   RO         1219    .text               c_p.l(__printf_wp.o)
    0x000003e2   0x000003e2   0x0000015a   Code   RO         1234    .text               c_p.l(aeabi_sdiv.o)
    0x0000053c   0x0000053c   0x00000006   Code   RO         1238    .text               c_p.l(heapauxi.o)
    0x00000542   0x00000542   0x00000002   PAD
    0x00000544   0x00000544   0x00000358   Code   RO         1242    .text               fz_ps.l(daddsub.o)
    0x0000089c   0x0000089c   0x00000448   Code   RO         1244    .text               fz_ps.l(ddiv.o)
    0x00000ce4   0x00000ce4   0x0000006c   Code   RO         1247    .text               fz_ps.l(dfixi.o)
    0x00000d50   0x00000d50   0x00000058   Code   RO         1249    .text               fz_ps.l(dflti.o)
    0x00000da8   0x00000da8   0x00000248   Code   RO         1253    .text               fz_ps.l(dmul.o)
    0x00000ff0   0x00000ff0   0x000000b0   Code   RO         1264    .text               c_p.l(_printf_intcommon.o)
    0x000010a0   0x000010a0   0x00000418   Code   RO         1266    .text               c_p.l(_printf_fp_dec.o)
    0x000014b8   0x000014b8   0x00000030   Code   RO         1268    .text               c_p.l(_printf_char_common.o)
    0x000014e8   0x000014e8   0x0000000a   Code   RO         1270    .text               c_p.l(_sputc.o)
    0x000014f2   0x000014f2   0x00000028   Code   RO         1273    .text               c_p.l(rtudiv10.o)
    0x0000151a   0x0000151a   0x00000002   PAD
    0x0000151c   0x0000151c   0x00000090   Code   RO         1275    .text               fz_ps.l(dcmpin.o)
    0x000015ac   0x000015ac   0x00000008   Code   RO         1298    .text               c_p.l(rt_locale_intlibspace.o)
    0x000015b4   0x000015b4   0x0000007a   Code   RO         1300    .text               c_p.l(lludiv10.o)
    0x0000162e   0x0000162e   0x00000002   PAD
    0x00001630   0x00001630   0x00000088   Code   RO         1302    .text               c_p.l(_printf_fp_infnan.o)
    0x000016b8   0x000016b8   0x000000d8   Code   RO         1306    .text               c_p.l(bigflt0.o)
    0x00001790   0x00001790   0x00000580   Code   RO         1309    .text               c_p.l(btod.o)
    0x00001d10   0x00001d10   0x0000002e   Code   RO         1316    .text               fz_ps.l(cmpret.o)
    0x00001d3e   0x00001d3e   0x00000002   PAD
    0x00001d40   0x00001d40   0x00000014   Code   RO         1318    .text               fz_ps.l(dnan2.o)
    0x00001d54   0x00001d54   0x00000008   Code   RO         1324    .text               c_p.l(libspace.o)
    0x00001d5c   0x00001d5c   0x0000003e   Code   RO         1327    .text               c_p.l(sys_stackheap_outer.o)
    0x00001d9a   0x00001d9a   0x00000010   Code   RO         1330    .text               c_p.l(exit.o)
    0x00001daa   0x00001daa   0x00000002   PAD
    0x00001dac   0x00001dac   0x00000088   Code   RO         1336    .text               c_p.l(strcmp.o)
    0x00001e34   0x00001e34   0x0000005e   Code   RO         1389    .text               fz_ps.l(retnan.o)
    0x00001e92   0x00001e92   0x00000002   PAD
    0x00001e94   0x00001e94   0x0000000c   Code   RO         1404    .text               c_p.l(sys_exit.o)
    0x00001ea0   0x00001ea0   0x00000002   Code   RO         1425    .text               c_p.l(use_no_semi.o)
    0x00001ea2   0x00001ea2   0x00000000   Code   RO         1427    .text               c_p.l(indicate_semi.o)
    0x00001ea2   0x00001ea2   0x00000002   PAD
    0x00001ea4   0x00001ea4   0x0000009c   Code   RO          891    i.ADC_IRQHandler    drvadc.o
    0x00001f40   0x00001f40   0x00000028   Code   RO          312    i.BOD_IRQHandler    drvsys.o
    0x00001f68   0x00001f68   0x00000018   Code   RO          692    i.CloseKeyPad       scankey.o
    0x00001f80   0x00001f80   0x0000005c   Code   RO          911    i.DrvADC_GetConversionData  drvadc.o
    0x00001fdc   0x00001fdc   0x00000018   Code   RO          915    i.DrvADC_IsConversionDone  drvadc.o
    0x00001ff4   0x00001ff4   0x0000003c   Code   RO          917    i.DrvADC_IsDataValid  drvadc.o
    0x00002030   0x00002030   0x000000e0   Code   RO          918    i.DrvADC_Open       drvadc.o
    0x00002110   0x00002110   0x00000018   Code   RO          919    i.DrvADC_SetADCChannel  drvadc.o
    0x00002128   0x00002128   0x00000024   Code   RO          924    i.DrvADC_StartConvert  drvadc.o
    0x0000214c   0x0000214c   0x00000044   Code   RO           60    i.DrvGPIO_Close     drvgpio.o
    0x00002190   0x00002190   0x0000002c   Code   RO           61    i.DrvGPIO_ClrBit    drvgpio.o
    0x000021bc   0x000021bc   0x00000028   Code   RO           65    i.DrvGPIO_DisableDigitalInputBit  drvgpio.o
    0x000021e4   0x000021e4   0x0000002c   Code   RO           74    i.DrvGPIO_GetBit    drvgpio.o
    0x00002210   0x00002210   0x00000758   Code   RO           83    i.DrvGPIO_InitFunction  drvgpio.o
    0x00002968   0x00002968   0x00000088   Code   RO           84    i.DrvGPIO_Open      drvgpio.o
    0x000029f0   0x000029f0   0x0000002c   Code   RO           85    i.DrvGPIO_SetBit    drvgpio.o
    0x00002a1c   0x00002a1c   0x00000260   Code   RO          733    i.DrvPWM_Enable     drvpwm.o
    0x00002c7c   0x00002c7c   0x00000038   Code   RO          743    i.DrvPWM_Open       drvpwm.o
    0x00002cb4   0x00002cb4   0x00000084   Code   RO          745    i.DrvPWM_SelectClockSource  drvpwm.o
    0x00002d38   0x00002d38   0x00000818   Code   RO          746    i.DrvPWM_SetTimerClk  drvpwm.o
    0x00003550   0x00003550   0x000000d4   Code   RO          748    i.DrvPWM_SetTimerIO  drvpwm.o
    0x00003624   0x00003624   0x0000002c   Code   RO          315    i.DrvSYS_Delay      drvsys.o
    0x00003650   0x00003650   0x00000024   Code   RO           91    i.EINT0_IRQHandler  drvgpio.o
    0x00003674   0x00003674   0x00000024   Code   RO           92    i.EINT1_IRQHandler  drvgpio.o
    0x00003698   0x00003698   0x00000044   Code   RO           93    i.GPAB_IRQHandler   drvgpio.o
    0x000036dc   0x000036dc   0x0000004c   Code   RO           94    i.GPCDE_IRQHandler  drvgpio.o
    0x00003728   0x00003728   0x00000218   Code   RO          623    i.Initial_panel     lcd_driver.o
    0x00003940   0x00003940   0x0000001a   Code   RO          693    i.OpenKeyPad        scankey.o
    0x0000395a   0x0000395a   0x00000002   PAD
    0x0000395c   0x0000395c   0x0000017c   Code   RO          752    i.PWMA_IRQHandler   drvpwm.o
    0x00003ad8   0x00003ad8   0x0000017c   Code   RO          753    i.PWMB_IRQHandler   drvpwm.o
    0x00003c54   0x00003c54   0x00000028   Code   RO          360    i.PWRWU_IRQHandler  drvsys.o
    0x00003c7c   0x00003c7c   0x00000084   Code   RO          694    i.Scankey           scankey.o
    0x00003d00   0x00003d00   0x000000f4   Code   RO          624    i.SetPACA           lcd_driver.o
    0x00003df4   0x00003df4   0x00000078   Code   RO          625    i.Show_Word         lcd_driver.o
    0x00003e6c   0x00003e6c   0x00000002   Code   RO           25    i.SystemInit        system_nuc1xx.o
    0x00003e6e   0x00003e6e   0x00000002   PAD
    0x00003e70   0x00003e70   0x00000058   Code   RO         1126    i.TMR1_IRQHandler   heartbeat.o
    0x00003ec8   0x00003ec8   0x00000058   Code   RO          627    i.WriteData         lcd_driver.o
    0x00003f20   0x00003f20   0x00000030   Code   RO         1311    i.__ARM_common_ll_muluu  c_p.l(btod.o)
    0x00003f50   0x00003f50   0x0000001c   Code   RO          290    i.__ARM_common_switch8  drvgpio.o
    0x00003f6c   0x00003f6c   0x0000002c   Code   RO         1322    i.__ARM_fpclassify  m_ps.l(fpclassify.o)
    0x00003f98   0x00003f98   0x0000000e   Code   RO         1221    i._is_digit         c_p.l(__printf_wp.o)
    0x00003fa6   0x00003fa6   0x00000002   PAD
    0x00003fa8   0x00003fa8   0x00000100   Code   RO         1177    i.calibrateLight    user_func.o
    0x000040a8   0x000040a8   0x00000028   Code   RO          628    i.clr_all_panel     lcd_driver.o
    0x000040d0   0x000040d0   0x00000010   Code   RO          695    i.delay             scankey.o
    0x000040e0   0x000040e0   0x0000006c   Code   RO         1178    i.displayToUser     user_func.o
    0x0000414c   0x0000414c   0x000000b8   Code   RO         1127    i.heartbeat         heartbeat.o
    0x00004204   0x00004204   0x00000016   Code   RO         1179    i.keypad_input      user_func.o
    0x0000421a   0x0000421a   0x00000002   PAD
    0x0000421c   0x0000421c   0x000003e4   Code   RO         1150    i.main              main.o
    0x00004600   0x00004600   0x00000028   Code   RO          629    i.print_lcd         lcd_driver.o
    0x00004628   0x00004628   0x0000002c   Code   RO         1314    locale$$code        c_p.l(lc_numeric_c.o)
    0x00004654   0x00004654   0x00000064   Code   RO         1251    x$fpl$dleqf         fz_ps.l(dlef.o)
    0x000046b8   0x000046b8   0x00000068   Code   RO         1255    x$fpl$drleqf        fz_ps.l(drlef.o)
    0x00004720   0x00004720   0x00000010   Code   RO         1257    x$fpl$printf1       fz_ps.l(printf1.o)
    0x00004730   0x00004730   0x00000000   Code   RO         1277    x$fpl$usenofp       fz_ps.l(usenofp.o)
    0x00004730   0x00004730   0x00000004   Data   RO          696    .constdata          scankey.o
    0x00004734   0x00004734   0x00000080   Data   RO         1245    .constdata          fz_ps.l(ddiv.o)
    0x000047b4   0x000047b4   0x00000094   Data   RO         1307    .constdata          c_p.l(bigflt0.o)
    0x00004848   0x00004848   0x00000020   Data   RO         1473    Region$$Table       anon$$obj.o
    0x00004868   0x00004868   0x0000001c   Data   RO         1313    locale$$data        c_p.l(lc_numeric_c.o)


    Execution Region ER_RW (Exec base: 0x20000000, Load base: 0x00004884, Size: 0x00000674, Max: 0xffffffff, ABSOLUTE)

    Exec Addr    Load Addr    Size         Type   Attr      Idx    E Section Name        Object

    0x20000000   0x00004884   0x0000001c   Data   RW           26    .data               system_nuc1xx.o
    0x2000001c   0x000048a0   0x00000010   Data   RW           98    .data               drvgpio.o
    0x2000002c   0x000048b0   0x00000008   Data   RW          362    .data               drvsys.o
    0x20000034   0x000048b8   0x000005f0   Data   RW          615    .data               ascii_table.o
    0x20000624   0x00004ea8   0x00000010   Data   RW          630    .data               lcd_driver.o
    0x20000634   0x00004eb8   0x00000004   Data   RW          755    .data               drvpwm.o
    0x20000638   0x00004ebc   0x0000000c   Data   RW          929    .data               drvadc.o
    0x20000644   0x00004ec8   0x00000004   Data   RW         1128    .data               heartbeat.o
    0x20000648   0x00004ecc   0x0000002c   Data   RW         1151    .data               main.o


    Execution Region ER_ZI (Exec base: 0x20000674, Load base: 0x00004ef8, Size: 0x000004ac, Max: 0xffffffff, ABSOLUTE)

    Exec Addr    Load Addr    Size         Type   Attr      Idx    E Section Name        Object

    0x20000674        -       0x00000040   Zero   RW          754    .bss                drvpwm.o
    0x200006b4        -       0x0000000c   Zero   RW          928    .bss                drvadc.o
    0x200006c0        -       0x00000060   Zero   RW         1325    .bss                c_p.l(libspace.o)
    0x20000720        -       0x00000000   Zero   RW            2    HEAP                startup_nuc1xx.o
    0x20000720        -       0x00000400   Zero   RW            1    STACK               startup_nuc1xx.o


==============================================================================

Image component sizes


      Code (inc. data)   RO Data    RW Data    ZI Data      Debug   Object Name

         0          0          0       1520          0        564   ascii_table.o
         0          0          0          0          0       4508   core_cm0.o
       616         68          0         12         12       6862   drvadc.o
      2500        172          0         16          0     130741   drvgpio.o
      3840        258          0          4         64       9278   drvpwm.o
       124         20          0          8          0       4571   drvsys.o
       272         30          0          4          0       9110   heartbeat.o
      1068         24          0         16          0       4825   lcd_driver.o
       996        150          0         44          0       3275   main.o
       198          6          4          0          0       2373   scankey.o
       100         46        192          0       1024        696   startup_nuc1xx.o
         2          0          0         28          0     118430   system_nuc1xx.o
       386         56          0          0          0       1952   user_func.o

    ----------------------------------------------------------------------
     10108        830        228       1652       1100     297185   Object Totals
         0          0         32          0          0          0   (incl. Generated)
         6          0          0          0          0          0   (incl. Padding)

    ----------------------------------------------------------------------

      Code (inc. data)   RO Data    RW Data    ZI Data      Debug   Library Member Name

         8          0          0          0          0         68   __main.o
       284          0          0          0          0        136   __printf_wp.o
         0          0          0          0          0          0   __rtentry.o
        12          0          0          0          0          0   __rtentry2.o
         6          0          0          0          0          0   __rtentry4.o
        60          8          0          0          0          0   __scatter.o
        26          0          0          0          0          0   __scatter_copy.o
        28          0          0          0          0          0   __scatter_zi.o
        48          6          0          0          0         88   _printf_char_common.o
        10          0          0          0          0          0   _printf_d.o
       108         18          0          0          0         76   _printf_dec.o
        10          0          0          0          0          0   _printf_f.o
      1048         14          0          0          0        176   _printf_fp_dec.o
       136         16          0          0          0         76   _printf_fp_infnan.o
       176          0          0          0          0         84   _printf_intcommon.o
        78          0          0          0          0        100   _printf_pad.o
         2          0          0          0          0          0   _printf_percent.o
         4          0          0          0          0          0   _printf_percent_end.o
        10          0          0          0          0         60   _sputc.o
       346          0          0          0          0         92   aeabi_sdiv.o
       216          6        148          0          0         80   bigflt0.o
      1456         30          0          0          0        336   btod.o
        16          0          0          0          0         68   exit.o
         6          0          0          0          0        136   heapauxi.o
         0          0          0          0          0          0   indicate_semi.o
        44         10         28          0          0         76   lc_numeric_c.o
         2          0          0          0          0          0   libinit.o
        18          0          0          0          0          0   libinit2.o
         2          0          0          0          0          0   libshutdown.o
         2          0          0          0          0          0   libshutdown2.o
         8          4          0          0         96         68   libspace.o
       122          0          0          0          0         72   lludiv10.o
        40          4          0          0          0         84   noretval__2sprintf.o
         8          4          0          0          0         68   rt_locale_intlibspace.o
         2          0          0          0          0          0   rtexit.o
        10          0          0          0          0          0   rtexit2.o
        40          0          0          0          0         60   rtudiv10.o
       136          4          0          0          0         72   strcmp.o
        12          4          0          0          0         60   sys_exit.o
        62          0          0          0          0         80   sys_stackheap_outer.o
         2          0          0          0          0         68   use_no_semi.o
        46          0          0          0          0         60   cmpret.o
       856         20          0          0          0        208   daddsub.o
       144          4          0          0          0         76   dcmpin.o
      1096         26        128          0          0        112   ddiv.o
       108         10          0          0          0         72   dfixi.o
        88          0          0          0          0         92   dflti.o
       100          4          0          0          0         92   dlef.o
       584         26          0          0          0         84   dmul.o
        20          6          0          0          0         68   dnan2.o
       104          4          0          0          0        104   drlef.o
        16          4          0          0          0         76   printf1.o
        94          0          0          0          0         68   retnan.o
         0          0          0          0          0          0   usenofp.o
        44          4          0          0          0         60   fpclassify.o

    ----------------------------------------------------------------------
      7924        236        304          0         96       3456   Library Totals
        20          0          0          0          0          0   (incl. Padding)

    ----------------------------------------------------------------------

      Code (inc. data)   RO Data    RW Data    ZI Data      Debug   Library Name

      4604        128        176          0         96       2284   c_p.l
      3256        104        128          0          0       1112   fz_ps.l
        44          4          0          0          0         60   m_ps.l

    ----------------------------------------------------------------------
      7924        236        304          0         96       3456   Library Totals

    ----------------------------------------------------------------------

==============================================================================


      Code (inc. data)   RO Data    RW Data    ZI Data      Debug   

     18032       1066        532       1652       1196     297201   Grand Totals
     18032       1066        532       1652       1196     297201   ELF Image Totals
     18032       1066        532       1652          0          0   ROM Totals

==============================================================================

    Total RO  Size (Code + RO Data)                18564 (  18.13kB)
    Total RW  Size (RW Data + ZI Data)              2848 (   2.78kB)
    Total ROM Size (Code + RO Data + RW Data)      20216 (  19.74kB)

==============================================================================

