Component: ARM Compiler 5.06 update 7 (build 960) Tool: armlink [4d3601]

==============================================================================

Small function inlining results

Inlined function __aeabi_idiv0 from aeabi_idiv0.o at offset 0x154 in aeabi_sdiv.o(.text).
Inlined Instruction: BX       lr
Inlined function __aeabi_idiv0 from aeabi_idiv0.o at offset 0x154 in aeabi_sdiv_div0.o(.text).
Inlined Instruction: BX       lr
Inlined function __ieee_status from ieee_status.o at offset 0x1c in _printf_fp_dec.o(.text).
Inlined Instruction: MOVS     r0,#0
Inlined function _platform_pre_stackheap_init from boardinit1.o at offset 0x0 in __rtentry2.o(.ARM.Collect$$rtentry$$00000001).
Inlined Instruction: BX       lr
Inlined function __ieee_status from ieee_status.o at offset 0x1fc in btod.o(.text).
Inlined Instruction: MOVS     r0,#0
Inlined function __ieee_status from ieee_status.o at offset 0x210 in btod.o(.text).
Inlined Instruction: MOVS     r0,#0
Inlined function __ieee_status from ieee_status.o at offset 0x400 in btod.o(.text).
Inlined Instruction: MOVS     r0,#0
Inlined function __ieee_status from ieee_status.o at offset 0x412 in btod.o(.text).
Inlined Instruction: MOVS     r0,#0
Inlined function __ieee_status from ieee_status.o at offset 0x4aa in btod.o(.text).
Inlined Instruction: MOVS     r0,#0
Inlined function __ieee_status from ieee_status.o at offset 0x4b6 in btod.o(.text).
Inlined Instruction: MOVS     r0,#0
Inlined function __ieee_status from ieee_status.o at offset 0x554 in btod.o(.text).
Inlined Instruction: MOVS     r0,#0
Inlined function __ieee_status from ieee_status.o at offset 0x560 in btod.o(.text).
Inlined Instruction: MOVS     r0,#0
Inlined function _fp_init from fpinit.o at offset 0x0 in libinit2.o(.ARM.Collect$$libinit$$00000001).
Inlined Instruction: BX       lr
Inlined function __ARM_get_argv from no_argv.o at offset 0x2 in argv_veneer.o(.text).
Inlined Instruction: BX       lr
Inlined function _platform_pre_lib_shutdown from boardshut.o at offset 0x0 in rtexit2.o(.ARM.Collect$$rtexit$$00000001).
Inlined Instruction: BX       lr
Inlined total of 15 calls.

==============================================================================

Memory Map of the image

  Image Entry point : 0x0000018d

  Load Region LR_1 (Base: 0x00000000, Size: 0x00002d80, Max: 0xffffffff, ABSOLUTE)

    Execution Region ER_RO (Exec base: 0x00000000, Load base: 0x00000000, Size: 0x0000273c, Max: 0xffffffff, ABSOLUTE)

    Exec Addr    Load Addr    Size         Type   Attr      Idx    E Section Name        Object

    0x00000000   0x00000000   0x000000c0   Data   RO            3    RESET               startup_nuc1xx.o
    0x000000c0   0x000000c0   0x00000008   Code   RO         1009  * !!!main             c_p.l(__main.o)
    0x000000c8   0x000000c8   0x0000003c   Code   RO         1232    !!!scatter          c_p.l(__scatter.o)
    0x00000104   0x00000104   0x0000001a   Code   RO         1234    !!handler_copy      c_p.l(__scatter_copy.o)
    0x0000011e   0x0000011e   0x00000002   PAD
    0x00000120   0x00000120   0x0000001c   Code   RO         1236    !!handler_zi        c_p.l(__scatter_zi.o)
    0x0000013c   0x0000013c   0x00000002   Code   RO         1002    .ARM.Collect$$_printf_percent$$00000000  c_p.l(_printf_percent.o)
    0x0000013e   0x0000013e   0x0000000a   Code   RO         1001    .ARM.Collect$$_printf_percent$$00000003  c_p.l(_printf_f.o)
    0x00000148   0x00000148   0x0000000a   Code   RO         1000    .ARM.Collect$$_printf_percent$$00000009  c_p.l(_printf_d.o)
    0x00000152   0x00000152   0x00000004   Code   RO         1037    .ARM.Collect$$_printf_percent$$00000017  c_p.l(_printf_percent_end.o)
    0x00000156   0x00000156   0x00000002   Code   RO         1102    .ARM.Collect$$libinit$$00000000  c_p.l(libinit.o)
    0x00000158   0x00000158   0x00000000   Code   RO         1104    .ARM.Collect$$libinit$$00000002  c_p.l(libinit2.o)
    0x00000158   0x00000158   0x00000000   Code   RO         1106    .ARM.Collect$$libinit$$00000004  c_p.l(libinit2.o)
    0x00000158   0x00000158   0x00000000   Code   RO         1109    .ARM.Collect$$libinit$$0000000A  c_p.l(libinit2.o)
    0x00000158   0x00000158   0x00000000   Code   RO         1111    .ARM.Collect$$libinit$$0000000C  c_p.l(libinit2.o)
    0x00000158   0x00000158   0x00000000   Code   RO         1113    .ARM.Collect$$libinit$$0000000E  c_p.l(libinit2.o)
    0x00000158   0x00000158   0x00000006   Code   RO         1114    .ARM.Collect$$libinit$$0000000F  c_p.l(libinit2.o)
    0x0000015e   0x0000015e   0x00000000   Code   RO         1116    .ARM.Collect$$libinit$$00000011  c_p.l(libinit2.o)
    0x0000015e   0x0000015e   0x00000000   Code   RO         1118    .ARM.Collect$$libinit$$00000013  c_p.l(libinit2.o)
    0x0000015e   0x0000015e   0x00000000   Code   RO         1120    .ARM.Collect$$libinit$$00000015  c_p.l(libinit2.o)
    0x0000015e   0x0000015e   0x0000000a   Code   RO         1121    .ARM.Collect$$libinit$$00000016  c_p.l(libinit2.o)
    0x00000168   0x00000168   0x00000000   Code   RO         1122    .ARM.Collect$$libinit$$00000017  c_p.l(libinit2.o)
    0x00000168   0x00000168   0x00000000   Code   RO         1124    .ARM.Collect$$libinit$$00000019  c_p.l(libinit2.o)
    0x00000168   0x00000168   0x00000000   Code   RO         1126    .ARM.Collect$$libinit$$0000001B  c_p.l(libinit2.o)
    0x00000168   0x00000168   0x00000000   Code   RO         1128    .ARM.Collect$$libinit$$0000001D  c_p.l(libinit2.o)
    0x00000168   0x00000168   0x00000000   Code   RO         1130    .ARM.Collect$$libinit$$0000001F  c_p.l(libinit2.o)
    0x00000168   0x00000168   0x00000000   Code   RO         1132    .ARM.Collect$$libinit$$00000021  c_p.l(libinit2.o)
    0x00000168   0x00000168   0x00000000   Code   RO         1134    .ARM.Collect$$libinit$$00000023  c_p.l(libinit2.o)
    0x00000168   0x00000168   0x00000000   Code   RO         1136    .ARM.Collect$$libinit$$00000025  c_p.l(libinit2.o)
    0x00000168   0x00000168   0x00000000   Code   RO         1140    .ARM.Collect$$libinit$$0000002C  c_p.l(libinit2.o)
    0x00000168   0x00000168   0x00000000   Code   RO         1142    .ARM.Collect$$libinit$$0000002E  c_p.l(libinit2.o)
    0x00000168   0x00000168   0x00000000   Code   RO         1144    .ARM.Collect$$libinit$$00000030  c_p.l(libinit2.o)
    0x00000168   0x00000168   0x00000000   Code   RO         1146    .ARM.Collect$$libinit$$00000032  c_p.l(libinit2.o)
    0x00000168   0x00000168   0x00000002   Code   RO         1147    .ARM.Collect$$libinit$$00000033  c_p.l(libinit2.o)
    0x0000016a   0x0000016a   0x00000002   Code   RO         1195    .ARM.Collect$$libshutdown$$00000000  c_p.l(libshutdown.o)
    0x0000016c   0x0000016c   0x00000000   Code   RO         1213    .ARM.Collect$$libshutdown$$00000002  c_p.l(libshutdown2.o)
    0x0000016c   0x0000016c   0x00000000   Code   RO         1215    .ARM.Collect$$libshutdown$$00000004  c_p.l(libshutdown2.o)
    0x0000016c   0x0000016c   0x00000000   Code   RO         1217    .ARM.Collect$$libshutdown$$00000006  c_p.l(libshutdown2.o)
    0x0000016c   0x0000016c   0x00000000   Code   RO         1220    .ARM.Collect$$libshutdown$$00000009  c_p.l(libshutdown2.o)
    0x0000016c   0x0000016c   0x00000000   Code   RO         1223    .ARM.Collect$$libshutdown$$0000000C  c_p.l(libshutdown2.o)
    0x0000016c   0x0000016c   0x00000000   Code   RO         1225    .ARM.Collect$$libshutdown$$0000000E  c_p.l(libshutdown2.o)
    0x0000016c   0x0000016c   0x00000000   Code   RO         1228    .ARM.Collect$$libshutdown$$00000011  c_p.l(libshutdown2.o)
    0x0000016c   0x0000016c   0x00000002   Code   RO         1229    .ARM.Collect$$libshutdown$$00000012  c_p.l(libshutdown2.o)
    0x0000016e   0x0000016e   0x00000000   Code   RO         1024    .ARM.Collect$$rtentry$$00000000  c_p.l(__rtentry.o)
    0x0000016e   0x0000016e   0x00000000   Code   RO         1042    .ARM.Collect$$rtentry$$00000002  c_p.l(__rtentry2.o)
    0x0000016e   0x0000016e   0x00000006   Code   RO         1054    .ARM.Collect$$rtentry$$00000004  c_p.l(__rtentry4.o)
    0x00000174   0x00000174   0x00000000   Code   RO         1044    .ARM.Collect$$rtentry$$00000009  c_p.l(__rtentry2.o)
    0x00000174   0x00000174   0x00000004   Code   RO         1045    .ARM.Collect$$rtentry$$0000000A  c_p.l(__rtentry2.o)
    0x00000178   0x00000178   0x00000000   Code   RO         1047    .ARM.Collect$$rtentry$$0000000C  c_p.l(__rtentry2.o)
    0x00000178   0x00000178   0x00000008   Code   RO         1048    .ARM.Collect$$rtentry$$0000000D  c_p.l(__rtentry2.o)
    0x00000180   0x00000180   0x00000002   Code   RO         1149    .ARM.Collect$$rtexit$$00000000  c_p.l(rtexit.o)
    0x00000182   0x00000182   0x00000000   Code   RO         1164    .ARM.Collect$$rtexit$$00000002  c_p.l(rtexit2.o)
    0x00000182   0x00000182   0x00000004   Code   RO         1165    .ARM.Collect$$rtexit$$00000003  c_p.l(rtexit2.o)
    0x00000186   0x00000186   0x00000006   Code   RO         1166    .ARM.Collect$$rtexit$$00000004  c_p.l(rtexit2.o)
    0x0000018c   0x0000018c   0x00000064   Code   RO            4  * .text               startup_nuc1xx.o
    0x000001f0   0x000001f0   0x00000028   Code   RO          974    .text               c_p.l(noretval__2sprintf.o)
    0x00000218   0x00000218   0x0000006c   Code   RO          978    .text               c_p.l(_printf_dec.o)
    0x00000284   0x00000284   0x0000010e   Code   RO          988    .text               c_p.l(__printf_wp.o)
    0x00000392   0x00000392   0x0000015a   Code   RO         1003    .text               c_p.l(aeabi_sdiv.o)
    0x000004ec   0x000004ec   0x00000006   Code   RO         1007    .text               c_p.l(heapauxi.o)
    0x000004f2   0x000004f2   0x00000002   PAD
    0x000004f4   0x000004f4   0x0000007c   Code   RO         1011    .text               fz_ps.l(d2f.o)
    0x00000570   0x00000570   0x00000448   Code   RO         1013    .text               fz_ps.l(ddiv.o)
    0x000009b8   0x000009b8   0x00000058   Code   RO         1016    .text               fz_ps.l(dflti.o)
    0x00000a10   0x00000a10   0x00000248   Code   RO         1018    .text               fz_ps.l(dmul.o)
    0x00000c58   0x00000c58   0x00000054   Code   RO         1020    .text               fz_ps.l(f2d.o)
    0x00000cac   0x00000cac   0x000000b0   Code   RO         1029    .text               c_p.l(_printf_intcommon.o)
    0x00000d5c   0x00000d5c   0x00000418   Code   RO         1031    .text               c_p.l(_printf_fp_dec.o)
    0x00001174   0x00001174   0x00000030   Code   RO         1033    .text               c_p.l(_printf_char_common.o)
    0x000011a4   0x000011a4   0x0000000a   Code   RO         1035    .text               c_p.l(_sputc.o)
    0x000011ae   0x000011ae   0x00000028   Code   RO         1038    .text               c_p.l(rtudiv10.o)
    0x000011d6   0x000011d6   0x00000002   PAD
    0x000011d8   0x000011d8   0x00000008   Code   RO         1061    .text               c_p.l(rt_locale_intlibspace.o)
    0x000011e0   0x000011e0   0x0000007a   Code   RO         1063    .text               c_p.l(lludiv10.o)
    0x0000125a   0x0000125a   0x00000002   PAD
    0x0000125c   0x0000125c   0x00000088   Code   RO         1065    .text               c_p.l(_printf_fp_infnan.o)
    0x000012e4   0x000012e4   0x000000d8   Code   RO         1069    .text               c_p.l(bigflt0.o)
    0x000013bc   0x000013bc   0x00000580   Code   RO         1072    .text               c_p.l(btod.o)
    0x0000193c   0x0000193c   0x00000008   Code   RO         1083    .text               c_p.l(libspace.o)
    0x00001944   0x00001944   0x0000003e   Code   RO         1086    .text               c_p.l(sys_stackheap_outer.o)
    0x00001982   0x00001982   0x00000010   Code   RO         1089    .text               c_p.l(exit.o)
    0x00001992   0x00001992   0x00000002   PAD
    0x00001994   0x00001994   0x00000088   Code   RO         1095    .text               c_p.l(strcmp.o)
    0x00001a1c   0x00001a1c   0x0000000c   Code   RO         1161    .text               c_p.l(sys_exit.o)
    0x00001a28   0x00001a28   0x00000002   Code   RO         1182    .text               c_p.l(use_no_semi.o)
    0x00001a2a   0x00001a2a   0x00000000   Code   RO         1184    .text               c_p.l(indicate_semi.o)
    0x00001a2a   0x00001a2a   0x00000002   PAD
    0x00001a2c   0x00001a2c   0x0000009c   Code   RO          615    i.ADC_IRQHandler    drvadc.o
    0x00001ac8   0x00001ac8   0x00000028   Code   RO          312    i.BOD_IRQHandler    drvsys.o
    0x00001af0   0x00001af0   0x0000005c   Code   RO          635    i.DrvADC_GetConversionData  drvadc.o
    0x00001b4c   0x00001b4c   0x00000018   Code   RO          639    i.DrvADC_IsConversionDone  drvadc.o
    0x00001b64   0x00001b64   0x0000003c   Code   RO          641    i.DrvADC_IsDataValid  drvadc.o
    0x00001ba0   0x00001ba0   0x000000e0   Code   RO          642    i.DrvADC_Open       drvadc.o
    0x00001c80   0x00001c80   0x00000024   Code   RO          648    i.DrvADC_StartConvert  drvadc.o
    0x00001ca4   0x00001ca4   0x0000002c   Code   RO           61    i.DrvGPIO_ClrBit    drvgpio.o
    0x00001cd0   0x00001cd0   0x00000028   Code   RO           65    i.DrvGPIO_DisableDigitalInputBit  drvgpio.o
    0x00001cf8   0x00001cf8   0x00000010   Code   RO           81    i.DrvGPIO_GetPortMask  drvgpio.o
    0x00001d08   0x00001d08   0x00000014   Code   RO           89    i.DrvGPIO_SetPortBits  drvgpio.o
    0x00001d1c   0x00001d1c   0x00000020   Code   RO           90    i.DrvGPIO_SetPortMask  drvgpio.o
    0x00001d3c   0x00001d3c   0x0000002c   Code   RO          315    i.DrvSYS_Delay      drvsys.o
    0x00001d68   0x00001d68   0x00000024   Code   RO           91    i.EINT0_IRQHandler  drvgpio.o
    0x00001d8c   0x00001d8c   0x00000024   Code   RO           92    i.EINT1_IRQHandler  drvgpio.o
    0x00001db0   0x00001db0   0x00000044   Code   RO           93    i.GPAB_IRQHandler   drvgpio.o
    0x00001df4   0x00001df4   0x0000004c   Code   RO           94    i.GPCDE_IRQHandler  drvgpio.o
    0x00001e40   0x00001e40   0x00000218   Code   RO          861    i.Initial_panel     lcd_driver.o
    0x00002058   0x00002058   0x00000028   Code   RO          360    i.PWRWU_IRQHandler  drvsys.o
    0x00002080   0x00002080   0x000000f4   Code   RO          862    i.SetPACA           lcd_driver.o
    0x00002174   0x00002174   0x00000078   Code   RO          863    i.Show_Word         lcd_driver.o
    0x000021ec   0x000021ec   0x00000002   Code   RO           25    i.SystemInit        system_nuc1xx.o
    0x000021ee   0x000021ee   0x00000002   PAD
    0x000021f0   0x000021f0   0x00000058   Code   RO          930    i.TMR1_IRQHandler   heartbeat.o
    0x00002248   0x00002248   0x00000058   Code   RO          865    i.WriteData         lcd_driver.o
    0x000022a0   0x000022a0   0x00000030   Code   RO         1074    i.__ARM_common_ll_muluu  c_p.l(btod.o)
    0x000022d0   0x000022d0   0x0000002c   Code   RO         1081    i.__ARM_fpclassify  m_ps.l(fpclassify.o)
    0x000022fc   0x000022fc   0x0000000e   Code   RO          990    i._is_digit         c_p.l(__printf_wp.o)
    0x0000230a   0x0000230a   0x00000028   Code   RO          866    i.clr_all_panel     lcd_driver.o
    0x00002332   0x00002332   0x00000002   PAD
    0x00002334   0x00002334   0x000000b8   Code   RO          931    i.heartbeat         heartbeat.o
    0x000023ec   0x000023ec   0x0000019c   Code   RO          954    i.main              main.o
    0x00002588   0x00002588   0x00000028   Code   RO          867    i.print_lcd         lcd_driver.o
    0x000025b0   0x000025b0   0x0000002c   Code   RO         1077    locale$$code        c_p.l(lc_numeric_c.o)
    0x000025dc   0x000025dc   0x00000010   Code   RO         1022    x$fpl$printf1       fz_ps.l(printf1.o)
    0x000025ec   0x000025ec   0x00000000   Code   RO         1040    x$fpl$usenofp       fz_ps.l(usenofp.o)
    0x000025ec   0x000025ec   0x00000080   Data   RO         1014    .constdata          fz_ps.l(ddiv.o)
    0x0000266c   0x0000266c   0x00000094   Data   RO         1070    .constdata          c_p.l(bigflt0.o)
    0x00002700   0x00002700   0x00000020   Data   RO         1230    Region$$Table       anon$$obj.o
    0x00002720   0x00002720   0x0000001c   Data   RO         1076    locale$$data        c_p.l(lc_numeric_c.o)


    Execution Region ER_RW (Exec base: 0x20000000, Load base: 0x0000273c, Size: 0x00000644, Max: 0xffffffff, ABSOLUTE)

    Exec Addr    Load Addr    Size         Type   Attr      Idx    E Section Name        Object

    0x20000000   0x0000273c   0x0000001c   Data   RW           26    .data               system_nuc1xx.o
    0x2000001c   0x00002758   0x00000010   Data   RW           98    .data               drvgpio.o
    0x2000002c   0x00002768   0x00000008   Data   RW          362    .data               drvsys.o
    0x20000034   0x00002770   0x0000000c   Data   RW          653    .data               drvadc.o
    0x20000040   0x0000277c   0x000005f0   Data   RW          853    .data               ascii_table.o
    0x20000630   0x00002d6c   0x00000010   Data   RW          868    .data               lcd_driver.o
    0x20000640   0x00002d7c   0x00000004   Data   RW          932    .data               heartbeat.o


    Execution Region ER_ZI (Exec base: 0x20000644, Load base: 0x00002d80, Size: 0x0000046c, Max: 0xffffffff, ABSOLUTE)

    Exec Addr    Load Addr    Size         Type   Attr      Idx    E Section Name        Object

    0x20000644        -       0x0000000c   Zero   RW          652    .bss                drvadc.o
    0x20000650        -       0x00000060   Zero   RW         1084    .bss                c_p.l(libspace.o)
    0x200006b0        -       0x00000000   Zero   RW            2    HEAP                startup_nuc1xx.o
    0x200006b0        -       0x00000400   Zero   RW            1    STACK               startup_nuc1xx.o


==============================================================================

Image component sizes


      Code (inc. data)   RO Data    RW Data    ZI Data      Debug   Object Name

         0          0          0       1520          0        564   ascii_table.o
         0          0          0          0          0       4508   core_cm0.o
       592         62          0         12         12       6319   drvadc.o
       368         64          0         16          0     128183   drvgpio.o
       124         20          0          8          0       4571   drvsys.o
       272         30          0          4          0       9110   heartbeat.o
      1068         24          0         16          0       4825   lcd_driver.o
       412         72          0          0          0        743   main.o
       100         46        192          0       1024        696   startup_nuc1xx.o
         2          0          0         28          0     118430   system_nuc1xx.o

    ----------------------------------------------------------------------
      2942        318        224       1604       1036     277949   Object Totals
         0          0         32          0          0          0   (incl. Generated)
         4          0          0          0          0          0   (incl. Padding)

    ----------------------------------------------------------------------

      Code (inc. data)   RO Data    RW Data    ZI Data      Debug   Library Member Name

         8          0          0          0          0         68   __main.o
       284          0          0          0          0        136   __printf_wp.o
         0          0          0          0          0          0   __rtentry.o
        12          0          0          0          0          0   __rtentry2.o
         6          0          0          0          0          0   __rtentry4.o
        60          8          0          0          0          0   __scatter.o
        26          0          0          0          0          0   __scatter_copy.o
        28          0          0          0          0          0   __scatter_zi.o
        48          6          0          0          0         88   _printf_char_common.o
        10          0          0          0          0          0   _printf_d.o
       108         18          0          0          0         76   _printf_dec.o
        10          0          0          0          0          0   _printf_f.o
      1048         14          0          0          0        176   _printf_fp_dec.o
       136         16          0          0          0         76   _printf_fp_infnan.o
       176          0          0          0          0         84   _printf_intcommon.o
         2          0          0          0          0          0   _printf_percent.o
         4          0          0          0          0          0   _printf_percent_end.o
        10          0          0          0          0         60   _sputc.o
       346          0          0          0          0         92   aeabi_sdiv.o
       216          6        148          0          0         80   bigflt0.o
      1456         30          0          0          0        336   btod.o
        16          0          0          0          0         68   exit.o
         6          0          0          0          0        136   heapauxi.o
         0          0          0          0          0          0   indicate_semi.o
        44         10         28          0          0         76   lc_numeric_c.o
         2          0          0          0          0          0   libinit.o
        18          0          0          0          0          0   libinit2.o
         2          0          0          0          0          0   libshutdown.o
         2          0          0          0          0          0   libshutdown2.o
         8          4          0          0         96         68   libspace.o
       122          0          0          0          0         72   lludiv10.o
        40          4          0          0          0         84   noretval__2sprintf.o
         8          4          0          0          0         68   rt_locale_intlibspace.o
         2          0          0          0          0          0   rtexit.o
        10          0          0          0          0          0   rtexit2.o
        40          0          0          0          0         60   rtudiv10.o
       136          4          0          0          0         72   strcmp.o
        12          4          0          0          0         60   sys_exit.o
        62          0          0          0          0         80   sys_stackheap_outer.o
         2          0          0          0          0         68   use_no_semi.o
       124          4          0          0          0         72   d2f.o
      1096         26        128          0          0        112   ddiv.o
        88          0          0          0          0         92   dflti.o
       584         26          0          0          0         84   dmul.o
        84          4          0          0          0         60   f2d.o
        16          4          0          0          0         76   printf1.o
         0          0          0          0          0          0   usenofp.o
        44          4          0          0          0         60   fpclassify.o

    ----------------------------------------------------------------------
      6574        196        304          0         96       2740   Library Totals
        12          0          0          0          0          0   (incl. Padding)

    ----------------------------------------------------------------------

      Code (inc. data)   RO Data    RW Data    ZI Data      Debug   Library Name

      4526        128        176          0         96       2184   c_p.l
      1992         64        128          0          0        496   fz_ps.l
        44          4          0          0          0         60   m_ps.l

    ----------------------------------------------------------------------
      6574        196        304          0         96       2740   Library Totals

    ----------------------------------------------------------------------

==============================================================================


      Code (inc. data)   RO Data    RW Data    ZI Data      Debug   

      9516        514        528       1604       1132     278365   Grand Totals
      9516        514        528       1604       1132     278365   ELF Image Totals
      9516        514        528       1604          0          0   ROM Totals

==============================================================================

    Total RO  Size (Code + RO Data)                10044 (   9.81kB)
    Total RW  Size (RW Data + ZI Data)              2736 (   2.67kB)
    Total ROM Size (Code + RO Data + RW Data)      11648 (  11.38kB)

==============================================================================

