Component: ARM Compiler 5.06 update 6 (build 750) Tool: armlink [4d35ed]

==============================================================================

Small function inlining results

Inlined function __aeabi_idiv0 from aeabi_idiv0.o at offset 0x154 in aeabi_sdiv.o(.text).
Inlined Instruction: BX       lr
Inlined function __aeabi_idiv0 from aeabi_idiv0.o at offset 0x154 in aeabi_sdiv_div0.o(.text).
Inlined Instruction: BX       lr
Inlined function _platform_pre_stackheap_init from boardinit1.o at offset 0x0 in __rtentry2.o(.ARM.Collect$$rtentry$$00000001).
Inlined Instruction: BX       lr
Inlined function _fp_init from fpinit.o at offset 0x0 in libinit2.o(.ARM.Collect$$libinit$$00000001).
Inlined Instruction: BX       lr
Inlined function _platform_pre_lib_shutdown from boardshut.o at offset 0x0 in rtexit2.o(.ARM.Collect$$rtexit$$00000001).
Inlined Instruction: BX       lr
Inlined function __ARM_get_argv from no_argv.o at offset 0x2 in argv_veneer.o(.text).
Inlined Instruction: BX       lr
Inlined total of 6 calls.

==============================================================================

Memory Map of the image

  Image Entry point : 0x0000017d

  Load Region LR_1 (Base: 0x00000000, Size: 0x00002c98, Max: 0xffffffff, ABSOLUTE)

    Execution Region ER_RO (Exec base: 0x00000000, Load base: 0x00000000, Size: 0x00002608, Max: 0xffffffff, ABSOLUTE)

    Exec Addr    Load Addr    Size         Type   Attr      Idx    E Section Name        Object

    0x00000000   0x00000000   0x000000c0   Data   RO            3    RESET               startup_nuc1xx.o
    0x000000c0   0x000000c0   0x00000008   Code   RO         1194  * !!!main             c_p.l(__main.o)
    0x000000c8   0x000000c8   0x0000003c   Code   RO         1376    !!!scatter          c_p.l(__scatter.o)
    0x00000104   0x00000104   0x0000001a   Code   RO         1378    !!handler_copy      c_p.l(__scatter_copy.o)
    0x0000011e   0x0000011e   0x00000002   PAD
    0x00000120   0x00000120   0x0000001c   Code   RO         1380    !!handler_zi        c_p.l(__scatter_zi.o)
    0x0000013c   0x0000013c   0x00000002   Code   RO         1187    .ARM.Collect$$_printf_percent$$00000000  c_p.l(_printf_percent.o)
    0x0000013e   0x0000013e   0x0000000a   Code   RO         1186    .ARM.Collect$$_printf_percent$$00000009  c_p.l(_printf_d.o)
    0x00000148   0x00000148   0x0000000a   Code   RO         1185    .ARM.Collect$$_printf_percent$$00000014  c_p.l(_printf_s.o)
    0x00000152   0x00000152   0x00000004   Code   RO         1209    .ARM.Collect$$_printf_percent$$00000017  c_p.l(_printf_percent_end.o)
    0x00000156   0x00000156   0x00000002   Code   RO         1245    .ARM.Collect$$libinit$$00000000  c_p.l(libinit.o)
    0x00000158   0x00000158   0x00000000   Code   RO         1259    .ARM.Collect$$libinit$$00000002  c_p.l(libinit2.o)
    0x00000158   0x00000158   0x00000000   Code   RO         1261    .ARM.Collect$$libinit$$00000004  c_p.l(libinit2.o)
    0x00000158   0x00000158   0x00000000   Code   RO         1264    .ARM.Collect$$libinit$$0000000A  c_p.l(libinit2.o)
    0x00000158   0x00000158   0x00000000   Code   RO         1266    .ARM.Collect$$libinit$$0000000C  c_p.l(libinit2.o)
    0x00000158   0x00000158   0x00000000   Code   RO         1268    .ARM.Collect$$libinit$$0000000E  c_p.l(libinit2.o)
    0x00000158   0x00000158   0x00000000   Code   RO         1271    .ARM.Collect$$libinit$$00000011  c_p.l(libinit2.o)
    0x00000158   0x00000158   0x00000000   Code   RO         1273    .ARM.Collect$$libinit$$00000013  c_p.l(libinit2.o)
    0x00000158   0x00000158   0x00000000   Code   RO         1275    .ARM.Collect$$libinit$$00000015  c_p.l(libinit2.o)
    0x00000158   0x00000158   0x00000000   Code   RO         1277    .ARM.Collect$$libinit$$00000017  c_p.l(libinit2.o)
    0x00000158   0x00000158   0x00000000   Code   RO         1279    .ARM.Collect$$libinit$$00000019  c_p.l(libinit2.o)
    0x00000158   0x00000158   0x00000000   Code   RO         1281    .ARM.Collect$$libinit$$0000001B  c_p.l(libinit2.o)
    0x00000158   0x00000158   0x00000000   Code   RO         1283    .ARM.Collect$$libinit$$0000001D  c_p.l(libinit2.o)
    0x00000158   0x00000158   0x00000000   Code   RO         1285    .ARM.Collect$$libinit$$0000001F  c_p.l(libinit2.o)
    0x00000158   0x00000158   0x00000000   Code   RO         1287    .ARM.Collect$$libinit$$00000021  c_p.l(libinit2.o)
    0x00000158   0x00000158   0x00000000   Code   RO         1289    .ARM.Collect$$libinit$$00000023  c_p.l(libinit2.o)
    0x00000158   0x00000158   0x00000000   Code   RO         1291    .ARM.Collect$$libinit$$00000025  c_p.l(libinit2.o)
    0x00000158   0x00000158   0x00000000   Code   RO         1295    .ARM.Collect$$libinit$$0000002C  c_p.l(libinit2.o)
    0x00000158   0x00000158   0x00000000   Code   RO         1297    .ARM.Collect$$libinit$$0000002E  c_p.l(libinit2.o)
    0x00000158   0x00000158   0x00000000   Code   RO         1299    .ARM.Collect$$libinit$$00000030  c_p.l(libinit2.o)
    0x00000158   0x00000158   0x00000000   Code   RO         1301    .ARM.Collect$$libinit$$00000032  c_p.l(libinit2.o)
    0x00000158   0x00000158   0x00000002   Code   RO         1302    .ARM.Collect$$libinit$$00000033  c_p.l(libinit2.o)
    0x0000015a   0x0000015a   0x00000002   Code   RO         1333    .ARM.Collect$$libshutdown$$00000000  c_p.l(libshutdown.o)
    0x0000015c   0x0000015c   0x00000000   Code   RO         1359    .ARM.Collect$$libshutdown$$00000002  c_p.l(libshutdown2.o)
    0x0000015c   0x0000015c   0x00000000   Code   RO         1361    .ARM.Collect$$libshutdown$$00000004  c_p.l(libshutdown2.o)
    0x0000015c   0x0000015c   0x00000000   Code   RO         1364    .ARM.Collect$$libshutdown$$00000007  c_p.l(libshutdown2.o)
    0x0000015c   0x0000015c   0x00000000   Code   RO         1367    .ARM.Collect$$libshutdown$$0000000A  c_p.l(libshutdown2.o)
    0x0000015c   0x0000015c   0x00000000   Code   RO         1369    .ARM.Collect$$libshutdown$$0000000C  c_p.l(libshutdown2.o)
    0x0000015c   0x0000015c   0x00000000   Code   RO         1372    .ARM.Collect$$libshutdown$$0000000F  c_p.l(libshutdown2.o)
    0x0000015c   0x0000015c   0x00000002   Code   RO         1373    .ARM.Collect$$libshutdown$$00000010  c_p.l(libshutdown2.o)
    0x0000015e   0x0000015e   0x00000000   Code   RO         1196    .ARM.Collect$$rtentry$$00000000  c_p.l(__rtentry.o)
    0x0000015e   0x0000015e   0x00000000   Code   RO         1213    .ARM.Collect$$rtentry$$00000002  c_p.l(__rtentry2.o)
    0x0000015e   0x0000015e   0x00000006   Code   RO         1225    .ARM.Collect$$rtentry$$00000004  c_p.l(__rtentry4.o)
    0x00000164   0x00000164   0x00000000   Code   RO         1215    .ARM.Collect$$rtentry$$00000009  c_p.l(__rtentry2.o)
    0x00000164   0x00000164   0x00000004   Code   RO         1216    .ARM.Collect$$rtentry$$0000000A  c_p.l(__rtentry2.o)
    0x00000168   0x00000168   0x00000000   Code   RO         1218    .ARM.Collect$$rtentry$$0000000C  c_p.l(__rtentry2.o)
    0x00000168   0x00000168   0x00000008   Code   RO         1219    .ARM.Collect$$rtentry$$0000000D  c_p.l(__rtentry2.o)
    0x00000170   0x00000170   0x00000002   Code   RO         1250    .ARM.Collect$$rtexit$$00000000  c_p.l(rtexit.o)
    0x00000172   0x00000172   0x00000000   Code   RO         1306    .ARM.Collect$$rtexit$$00000002  c_p.l(rtexit2.o)
    0x00000172   0x00000172   0x00000004   Code   RO         1307    .ARM.Collect$$rtexit$$00000003  c_p.l(rtexit2.o)
    0x00000176   0x00000176   0x00000006   Code   RO         1308    .ARM.Collect$$rtexit$$00000004  c_p.l(rtexit2.o)
    0x0000017c   0x0000017c   0x00000064   Code   RO            4  * .text               startup_nuc1xx.o
    0x000001e0   0x000001e0   0x00000028   Code   RO         1157    .text               c_p.l(noretval__2sprintf.o)
    0x00000208   0x00000208   0x0000006c   Code   RO         1159    .text               c_p.l(__printf.o)
    0x00000274   0x00000274   0x00000052   Code   RO         1161    .text               c_p.l(_printf_str.o)
    0x000002c6   0x000002c6   0x00000002   PAD
    0x000002c8   0x000002c8   0x0000006c   Code   RO         1163    .text               c_p.l(_printf_dec.o)
    0x00000334   0x00000334   0x0000015a   Code   RO         1188    .text               c_p.l(aeabi_sdiv.o)
    0x0000048e   0x0000048e   0x00000006   Code   RO         1192    .text               c_p.l(heapauxi.o)
    0x00000494   0x00000494   0x000000b0   Code   RO         1201    .text               c_p.l(_printf_intcommon.o)
    0x00000544   0x00000544   0x00000030   Code   RO         1203    .text               c_p.l(_printf_char_common.o)
    0x00000574   0x00000574   0x0000000a   Code   RO         1205    .text               c_p.l(_sputc.o)
    0x0000057e   0x0000057e   0x0000002e   Code   RO         1207    .text               c_p.l(_printf_char.o)
    0x000005ac   0x000005ac   0x00000028   Code   RO         1210    .text               c_p.l(rtudiv10.o)
    0x000005d4   0x000005d4   0x0000003e   Code   RO         1231    .text               c_p.l(sys_stackheap_outer.o)
    0x00000612   0x00000612   0x00000010   Code   RO         1234    .text               c_p.l(exit.o)
    0x00000622   0x00000622   0x00000002   PAD
    0x00000624   0x00000624   0x00000008   Code   RO         1246    .text               c_p.l(libspace.o)
    0x0000062c   0x0000062c   0x0000000c   Code   RO         1303    .text               c_p.l(sys_exit.o)
    0x00000638   0x00000638   0x00000002   Code   RO         1322    .text               c_p.l(use_no_semi.o)
    0x0000063a   0x0000063a   0x00000000   Code   RO         1324    .text               c_p.l(indicate_semi.o)
    0x0000063a   0x0000063a   0x00000002   PAD
    0x0000063c   0x0000063c   0x00000028   Code   RO          312    i.BOD_IRQHandler    drvsys.o
    0x00000664   0x00000664   0x00000046   Code   RO          615    i.CalTimerInitValue  drvtimer.o
    0x000006aa   0x000006aa   0x00000018   Code   RO         1012    i.CloseKeyPad       scankey.o
    0x000006c2   0x000006c2   0x00000002   PAD
    0x000006c4   0x000006c4   0x00000044   Code   RO           60    i.DrvGPIO_Close     drvgpio.o
    0x00000708   0x00000708   0x0000002c   Code   RO           61    i.DrvGPIO_ClrBit    drvgpio.o
    0x00000734   0x00000734   0x00000098   Code   RO           72    i.DrvGPIO_EnableEINT1  drvgpio.o
    0x000007cc   0x000007cc   0x0000002c   Code   RO           74    i.DrvGPIO_GetBit    drvgpio.o
    0x000007f8   0x000007f8   0x00000758   Code   RO           83    i.DrvGPIO_InitFunction  drvgpio.o
    0x00000f50   0x00000f50   0x00000088   Code   RO           84    i.DrvGPIO_Open      drvgpio.o
    0x00000fd8   0x00000fd8   0x0000002c   Code   RO           85    i.DrvGPIO_SetBit    drvgpio.o
    0x00001004   0x00001004   0x00000008   Code   RO          330    i.DrvSYS_GetExtClockFreq  drvsys.o
    0x0000100c   0x0000100c   0x00000070   Code   RO          331    i.DrvSYS_GetHCLKFreq  drvsys.o
    0x0000107c   0x0000107c   0x00000078   Code   RO          332    i.DrvSYS_GetPLLClockFreq  drvsys.o
    0x000010f4   0x000010f4   0x00000160   Code   RO          345    i.DrvSYS_SelectIPClockSource  drvsys.o
    0x00001254   0x00001254   0x00000064   Code   RO          617    i.DrvTIMER_ClearIntFlag  drvtimer.o
    0x000012b8   0x000012b8   0x0000005c   Code   RO          631    i.DrvTIMER_EnableInt  drvtimer.o
    0x00001314   0x00001314   0x00000024   Code   RO          638    i.DrvTIMER_Init     drvtimer.o
    0x00001338   0x00001338   0x000002f4   Code   RO          639    i.DrvTIMER_Open     drvtimer.o
    0x0000162c   0x0000162c   0x00000258   Code   RO          646    i.DrvTIMER_SetTimerEvent  drvtimer.o
    0x00001884   0x00001884   0x00000044   Code   RO          647    i.DrvTIMER_Start    drvtimer.o
    0x000018c8   0x000018c8   0x00000024   Code   RO           91    i.EINT0_IRQHandler  drvgpio.o
    0x000018ec   0x000018ec   0x00000024   Code   RO           92    i.EINT1_IRQHandler  drvgpio.o
    0x00001910   0x00001910   0x00000044   Code   RO           93    i.GPAB_IRQHandler   drvgpio.o
    0x00001954   0x00001954   0x0000004c   Code   RO           94    i.GPCDE_IRQHandler  drvgpio.o
    0x000019a0   0x000019a0   0x00000080   Code   RO          653    i.GetTimerClock     drvtimer.o
    0x00001a20   0x00001a20   0x00000218   Code   RO          916    i.Initial_panel     lcd_driver.o
    0x00001c38   0x00001c38   0x00000014   Code   RO           96    i.NVIC_EnableIRQ    drvgpio.o
    0x00001c4c   0x00001c4c   0x00000014   Code   RO          655    i.NVIC_EnableIRQ    drvtimer.o
    0x00001c60   0x00001c60   0x00000078   Code   RO           97    i.NVIC_SetPriority  drvgpio.o
    0x00001cd8   0x00001cd8   0x00000078   Code   RO          656    i.NVIC_SetPriority  drvtimer.o
    0x00001d50   0x00001d50   0x0000001a   Code   RO         1013    i.OpenKeyPad        scankey.o
    0x00001d6a   0x00001d6a   0x00000002   PAD
    0x00001d6c   0x00001d6c   0x000000b8   Code   RO          980    i.OpenSevenSegment  seven_segment.o
    0x00001e24   0x00001e24   0x00000028   Code   RO          360    i.PWRWU_IRQHandler  drvsys.o
    0x00001e4c   0x00001e4c   0x00000084   Code   RO         1014    i.Scankey           scankey.o
    0x00001ed0   0x00001ed0   0x000000f4   Code   RO          917    i.SetPACA           lcd_driver.o
    0x00001fc4   0x00001fc4   0x00000108   Code   RO          981    i.ShowSevenSegment  seven_segment.o
    0x000020cc   0x000020cc   0x00000078   Code   RO          918    i.Show_Word         lcd_driver.o
    0x00002144   0x00002144   0x00000002   Code   RO           25    i.SystemInit        system_nuc1xx.o
    0x00002146   0x00002146   0x00000002   PAD
    0x00002148   0x00002148   0x0000009c   Code   RO          657    i.TMR0_IRQHandler   drvtimer.o
    0x000021e4   0x000021e4   0x00000018   Code   RO         1089    i.TMR0_callback     blinky.o
    0x000021fc   0x000021fc   0x0000009c   Code   RO          658    i.TMR1_IRQHandler   drvtimer.o
    0x00002298   0x00002298   0x0000009c   Code   RO          659    i.TMR2_IRQHandler   drvtimer.o
    0x00002334   0x00002334   0x0000009c   Code   RO          660    i.TMR3_IRQHandler   drvtimer.o
    0x000023d0   0x000023d0   0x00000034   Code   RO          661    i.WDT_IRQHandler    drvtimer.o
    0x00002404   0x00002404   0x00000058   Code   RO          920    i.WriteData         lcd_driver.o
    0x0000245c   0x0000245c   0x0000001c   Code   RO          290    i.__ARM_common_switch8  drvgpio.o
    0x00002478   0x00002478   0x00000014   Code   RO         1137    i.beep              buzzer_button.o
    0x0000248c   0x0000248c   0x0000003c   Code   RO         1090    i.blinky_Drv        blinky.o
    0x000024c8   0x000024c8   0x00000028   Code   RO          921    i.clr_all_panel     lcd_driver.o
    0x000024f0   0x000024f0   0x00000010   Code   RO         1015    i.delay             scankey.o
    0x00002500   0x00002500   0x00000048   Code   RO         1125    i.keypad_input      keypad display.o
    0x00002548   0x00002548   0x00000048   Code   RO         1053    i.main              main.o
    0x00002590   0x00002590   0x0000000c   Code   RO         1138    i.pfEINT1Callback   buzzer_button.o
    0x0000259c   0x0000259c   0x00000028   Code   RO          922    i.print_lcd         lcd_driver.o
    0x000025c4   0x000025c4   0x00000010   Data   RO          361    .constdata          drvsys.o
    0x000025d4   0x000025d4   0x00000010   Data   RO          663    .constdata          drvtimer.o
    0x000025e4   0x000025e4   0x00000004   Data   RO         1016    .constdata          scankey.o
    0x000025e8   0x000025e8   0x00000020   Data   RO         1374    Region$$Table       anon$$obj.o


    Execution Region ER_RW (Exec base: 0x20000000, Load base: 0x00002608, Size: 0x00000690, Max: 0xffffffff, ABSOLUTE)

    Exec Addr    Load Addr    Size         Type   Attr      Idx    E Section Name        Object

    0x20000000   0x00002608   0x00000010   Data   RW           98    .data               drvgpio.o
    0x20000010   0x00002618   0x00000008   Data   RW          362    .data               drvsys.o
    0x20000018   0x00002620   0x00000068   Data   RW          664    .data               drvtimer.o
    0x20000080   0x00002688   0x00000010   Data   RW          923    .data               lcd_driver.o
    0x20000090   0x00002698   0x00000010   Data   RW          982    .data               seven_segment.o
    0x200000a0   0x000026a8   0x000005f0   Data   RW         1046    .data               ascii_table.o


    Execution Region ER_ZI (Exec base: 0x20000690, Load base: 0x00002c98, Size: 0x000004b0, Max: 0xffffffff, ABSOLUTE)

    Exec Addr    Load Addr    Size         Type   Attr      Idx    E Section Name        Object

    0x20000690        -       0x00000050   Zero   RW          662    .bss                drvtimer.o
    0x200006e0        -       0x00000060   Zero   RW         1247    .bss                c_p.l(libspace.o)
    0x20000740        -       0x00000000   Zero   RW            2    HEAP                startup_nuc1xx.o
    0x20000740        -       0x00000400   Zero   RW            1    STACK               startup_nuc1xx.o


==============================================================================

Image component sizes


      Code (inc. data)   RO Data    RW Data    ZI Data      Debug   Object Name

         0          0          0       1520          0        540   ascii_table.o
        84          8          0          0          0        933   blinky.o
        32         10          0          0          0        905   buzzer_button.o
         0          0          0          0          0       4508   core_cm0.o
      2752        194          0         16          0     139462   drvgpio.o
       672         76         16          8          0       6532   drvsys.o
      2666        290         16        104         80      21696   drvtimer.o
        72         16          0          0          0        599   keypad display.o
      1068         24          0         16          0       4717   lcd_driver.o
        72          8          0          0          0       8407   main.o
       198          6          4          0          0       2317   scankey.o
       448         34          0         16          0       2508   seven_segment.o
       100         46        192          0       1024        688   startup_nuc1xx.o
         2          0          0          0          0     117625   system_nuc1xx.o

    ----------------------------------------------------------------------
      8172        712        260       1680       1104     311437   Object Totals
         0          0         32          0          0          0   (incl. Generated)
         6          0          0          0          0          0   (incl. Padding)

    ----------------------------------------------------------------------

      Code (inc. data)   RO Data    RW Data    ZI Data      Debug   Library Member Name

         8          0          0          0          0         68   __main.o
       108          0          0          0          0         76   __printf.o
         0          0          0          0          0          0   __rtentry.o
        12          0          0          0          0          0   __rtentry2.o
         6          0          0          0          0          0   __rtentry4.o
        60          8          0          0          0          0   __scatter.o
        26          0          0          0          0          0   __scatter_copy.o
        28          0          0          0          0          0   __scatter_zi.o
        46          0          0          0          0        100   _printf_char.o
        48          6          0          0          0         88   _printf_char_common.o
        10          0          0          0          0          0   _printf_d.o
       108         18          0          0          0         76   _printf_dec.o
       176          0          0          0          0         84   _printf_intcommon.o
         2          0          0          0          0          0   _printf_percent.o
         4          0          0          0          0          0   _printf_percent_end.o
        10          0          0          0          0          0   _printf_s.o
        82          0          0          0          0         72   _printf_str.o
        10          0          0          0          0         60   _sputc.o
       346          0          0          0          0         92   aeabi_sdiv.o
        16          0          0          0          0         68   exit.o
         6          0          0          0          0        136   heapauxi.o
         0          0          0          0          0          0   indicate_semi.o
         2          0          0          0          0          0   libinit.o
         2          0          0          0          0          0   libinit2.o
         2          0          0          0          0          0   libshutdown.o
         2          0          0          0          0          0   libshutdown2.o
         8          4          0          0         96         68   libspace.o
        40          4          0          0          0         84   noretval__2sprintf.o
         2          0          0          0          0          0   rtexit.o
        10          0          0          0          0          0   rtexit2.o
        40          0          0          0          0         60   rtudiv10.o
        12          4          0          0          0         60   sys_exit.o
        62          0          0          0          0         80   sys_stackheap_outer.o
         2          0          0          0          0         68   use_no_semi.o

    ----------------------------------------------------------------------
      1304         44          0          0         96       1340   Library Totals
         8          0          0          0          0          0   (incl. Padding)

    ----------------------------------------------------------------------

      Code (inc. data)   RO Data    RW Data    ZI Data      Debug   Library Name

      1296         44          0          0         96       1340   c_p.l

    ----------------------------------------------------------------------
      1304         44          0          0         96       1340   Library Totals

    ----------------------------------------------------------------------

==============================================================================


      Code (inc. data)   RO Data    RW Data    ZI Data      Debug   

      9476        756        260       1680       1200     310037   Grand Totals
      9476        756        260       1680       1200     310037   ELF Image Totals
      9476        756        260       1680          0          0   ROM Totals

==============================================================================

    Total RO  Size (Code + RO Data)                 9736 (   9.51kB)
    Total RW  Size (RW Data + ZI Data)              2880 (   2.81kB)
    Total ROM Size (Code + RO Data + RW Data)      11416 (  11.15kB)

==============================================================================

