Component: ARM Compiler 5.06 update 6 (build 750) Tool: armlink [4d35ed]

==============================================================================

Small function inlining results

Inlined function __aeabi_idiv0 from aeabi_idiv0.o at offset 0x154 in aeabi_sdiv.o(.text).
Inlined Instruction: BX       lr
Inlined function __aeabi_idiv0 from aeabi_idiv0.o at offset 0x154 in aeabi_sdiv_div0.o(.text).
Inlined Instruction: BX       lr
Inlined function _platform_pre_stackheap_init from boardinit1.o at offset 0x0 in __rtentry2.o(.ARM.Collect$$rtentry$$00000001).
Inlined Instruction: BX       lr
Inlined function _fp_init from fpinit.o at offset 0x0 in libinit2.o(.ARM.Collect$$libinit$$00000001).
Inlined Instruction: BX       lr
Inlined function _platform_pre_lib_shutdown from boardshut.o at offset 0x0 in rtexit2.o(.ARM.Collect$$rtexit$$00000001).
Inlined Instruction: BX       lr
Inlined function __ARM_get_argv from no_argv.o at offset 0x2 in argv_veneer.o(.text).
Inlined Instruction: BX       lr
Inlined total of 6 calls.

==============================================================================

Memory Map of the image

  Image Entry point : 0x00000175

  Load Region LR_1 (Base: 0x00000000, Size: 0x00001484, Max: 0xffffffff, ABSOLUTE)

    Execution Region ER_RO (Exec base: 0x00000000, Load base: 0x00000000, Size: 0x00000e04, Max: 0xffffffff, ABSOLUTE)

    Exec Addr    Load Addr    Size         Type   Attr      Idx    E Section Name        Object

    0x00000000   0x00000000   0x000000c0   Data   RO            3    RESET               startup_nuc1xx.o
    0x000000c0   0x000000c0   0x00000008   Code   RO         1097  * !!!main             c_p.l(__main.o)
    0x000000c8   0x000000c8   0x0000003c   Code   RO         1296    !!!scatter          c_p.l(__scatter.o)
    0x00000104   0x00000104   0x0000001a   Code   RO         1298    !!handler_copy      c_p.l(__scatter_copy.o)
    0x0000011e   0x0000011e   0x00000002   PAD
    0x00000120   0x00000120   0x0000001c   Code   RO         1300    !!handler_zi        c_p.l(__scatter_zi.o)
    0x0000013c   0x0000013c   0x00000002   Code   RO         1089    .ARM.Collect$$_printf_percent$$00000000  c_p.l(_printf_percent.o)
    0x0000013e   0x0000013e   0x0000000a   Code   RO         1087    .ARM.Collect$$_printf_percent$$00000009  c_p.l(_printf_d.o)
    0x00000148   0x00000148   0x00000004   Code   RO         1114    .ARM.Collect$$_printf_percent$$00000017  c_p.l(_printf_percent_end.o)
    0x0000014c   0x0000014c   0x00000002   Code   RO         1163    .ARM.Collect$$libinit$$00000000  c_p.l(libinit.o)
    0x0000014e   0x0000014e   0x00000000   Code   RO         1179    .ARM.Collect$$libinit$$00000002  c_p.l(libinit2.o)
    0x0000014e   0x0000014e   0x00000000   Code   RO         1181    .ARM.Collect$$libinit$$00000004  c_p.l(libinit2.o)
    0x0000014e   0x0000014e   0x00000000   Code   RO         1184    .ARM.Collect$$libinit$$0000000A  c_p.l(libinit2.o)
    0x0000014e   0x0000014e   0x00000000   Code   RO         1186    .ARM.Collect$$libinit$$0000000C  c_p.l(libinit2.o)
    0x0000014e   0x0000014e   0x00000000   Code   RO         1188    .ARM.Collect$$libinit$$0000000E  c_p.l(libinit2.o)
    0x0000014e   0x0000014e   0x00000000   Code   RO         1191    .ARM.Collect$$libinit$$00000011  c_p.l(libinit2.o)
    0x0000014e   0x0000014e   0x00000000   Code   RO         1193    .ARM.Collect$$libinit$$00000013  c_p.l(libinit2.o)
    0x0000014e   0x0000014e   0x00000000   Code   RO         1195    .ARM.Collect$$libinit$$00000015  c_p.l(libinit2.o)
    0x0000014e   0x0000014e   0x00000000   Code   RO         1197    .ARM.Collect$$libinit$$00000017  c_p.l(libinit2.o)
    0x0000014e   0x0000014e   0x00000000   Code   RO         1199    .ARM.Collect$$libinit$$00000019  c_p.l(libinit2.o)
    0x0000014e   0x0000014e   0x00000000   Code   RO         1201    .ARM.Collect$$libinit$$0000001B  c_p.l(libinit2.o)
    0x0000014e   0x0000014e   0x00000000   Code   RO         1203    .ARM.Collect$$libinit$$0000001D  c_p.l(libinit2.o)
    0x0000014e   0x0000014e   0x00000000   Code   RO         1205    .ARM.Collect$$libinit$$0000001F  c_p.l(libinit2.o)
    0x0000014e   0x0000014e   0x00000000   Code   RO         1207    .ARM.Collect$$libinit$$00000021  c_p.l(libinit2.o)
    0x0000014e   0x0000014e   0x00000000   Code   RO         1209    .ARM.Collect$$libinit$$00000023  c_p.l(libinit2.o)
    0x0000014e   0x0000014e   0x00000000   Code   RO         1211    .ARM.Collect$$libinit$$00000025  c_p.l(libinit2.o)
    0x0000014e   0x0000014e   0x00000000   Code   RO         1215    .ARM.Collect$$libinit$$0000002C  c_p.l(libinit2.o)
    0x0000014e   0x0000014e   0x00000000   Code   RO         1217    .ARM.Collect$$libinit$$0000002E  c_p.l(libinit2.o)
    0x0000014e   0x0000014e   0x00000000   Code   RO         1219    .ARM.Collect$$libinit$$00000030  c_p.l(libinit2.o)
    0x0000014e   0x0000014e   0x00000000   Code   RO         1221    .ARM.Collect$$libinit$$00000032  c_p.l(libinit2.o)
    0x0000014e   0x0000014e   0x00000002   Code   RO         1222    .ARM.Collect$$libinit$$00000033  c_p.l(libinit2.o)
    0x00000150   0x00000150   0x00000002   Code   RO         1253    .ARM.Collect$$libshutdown$$00000000  c_p.l(libshutdown.o)
    0x00000152   0x00000152   0x00000000   Code   RO         1279    .ARM.Collect$$libshutdown$$00000002  c_p.l(libshutdown2.o)
    0x00000152   0x00000152   0x00000000   Code   RO         1281    .ARM.Collect$$libshutdown$$00000004  c_p.l(libshutdown2.o)
    0x00000152   0x00000152   0x00000000   Code   RO         1284    .ARM.Collect$$libshutdown$$00000007  c_p.l(libshutdown2.o)
    0x00000152   0x00000152   0x00000000   Code   RO         1287    .ARM.Collect$$libshutdown$$0000000A  c_p.l(libshutdown2.o)
    0x00000152   0x00000152   0x00000000   Code   RO         1289    .ARM.Collect$$libshutdown$$0000000C  c_p.l(libshutdown2.o)
    0x00000152   0x00000152   0x00000000   Code   RO         1292    .ARM.Collect$$libshutdown$$0000000F  c_p.l(libshutdown2.o)
    0x00000152   0x00000152   0x00000002   Code   RO         1293    .ARM.Collect$$libshutdown$$00000010  c_p.l(libshutdown2.o)
    0x00000154   0x00000154   0x00000000   Code   RO         1099    .ARM.Collect$$rtentry$$00000000  c_p.l(__rtentry.o)
    0x00000154   0x00000154   0x00000000   Code   RO         1121    .ARM.Collect$$rtentry$$00000002  c_p.l(__rtentry2.o)
    0x00000154   0x00000154   0x00000006   Code   RO         1133    .ARM.Collect$$rtentry$$00000004  c_p.l(__rtentry4.o)
    0x0000015a   0x0000015a   0x00000000   Code   RO         1123    .ARM.Collect$$rtentry$$00000009  c_p.l(__rtentry2.o)
    0x0000015a   0x0000015a   0x00000004   Code   RO         1124    .ARM.Collect$$rtentry$$0000000A  c_p.l(__rtentry2.o)
    0x0000015e   0x0000015e   0x00000000   Code   RO         1126    .ARM.Collect$$rtentry$$0000000C  c_p.l(__rtentry2.o)
    0x0000015e   0x0000015e   0x00000008   Code   RO         1127    .ARM.Collect$$rtentry$$0000000D  c_p.l(__rtentry2.o)
    0x00000166   0x00000166   0x00000002   Code   RO         1168    .ARM.Collect$$rtexit$$00000000  c_p.l(rtexit.o)
    0x00000168   0x00000168   0x00000000   Code   RO         1226    .ARM.Collect$$rtexit$$00000002  c_p.l(rtexit2.o)
    0x00000168   0x00000168   0x00000004   Code   RO         1227    .ARM.Collect$$rtexit$$00000003  c_p.l(rtexit2.o)
    0x0000016c   0x0000016c   0x00000006   Code   RO         1228    .ARM.Collect$$rtexit$$00000004  c_p.l(rtexit2.o)
    0x00000172   0x00000172   0x00000002   PAD
    0x00000174   0x00000174   0x00000064   Code   RO            4  * .text               startup_nuc1xx.o
    0x000001d8   0x000001d8   0x00000028   Code   RO         1021    .text               c_p.l(noretval__2sprintf.o)
    0x00000200   0x00000200   0x0000006c   Code   RO         1031    .text               c_p.l(_printf_dec.o)
    0x0000026c   0x0000026c   0x00000188   Code   RO         1080    .text               c_p.l(__printf_flags_ss_wp.o)
    0x000003f4   0x000003f4   0x00000006   Code   RO         1095    .text               c_p.l(heapauxi.o)
    0x000003fa   0x000003fa   0x000000b0   Code   RO         1104    .text               c_p.l(_printf_intcommon.o)
    0x000004aa   0x000004aa   0x00000002   PAD
    0x000004ac   0x000004ac   0x00000030   Code   RO         1106    .text               c_p.l(_printf_char_common.o)
    0x000004dc   0x000004dc   0x0000000a   Code   RO         1108    .text               c_p.l(_sputc.o)
    0x000004e6   0x000004e6   0x00000028   Code   RO         1118    .text               c_p.l(rtudiv10.o)
    0x0000050e   0x0000050e   0x0000003e   Code   RO         1141    .text               c_p.l(sys_stackheap_outer.o)
    0x0000054c   0x0000054c   0x00000010   Code   RO         1152    .text               c_p.l(exit.o)
    0x0000055c   0x0000055c   0x00000008   Code   RO         1164    .text               c_p.l(libspace.o)
    0x00000564   0x00000564   0x0000000c   Code   RO         1223    .text               c_p.l(sys_exit.o)
    0x00000570   0x00000570   0x00000002   Code   RO         1242    .text               c_p.l(use_no_semi.o)
    0x00000572   0x00000572   0x00000000   Code   RO         1244    .text               c_p.l(indicate_semi.o)
    0x00000572   0x00000572   0x00000002   PAD
    0x00000574   0x00000574   0x00000028   Code   RO          312    i.BOD_IRQHandler    drvsys.o
    0x0000059c   0x0000059c   0x00000024   Code   RO           91    i.EINT0_IRQHandler  drvgpio.o
    0x000005c0   0x000005c0   0x00000024   Code   RO           92    i.EINT1_IRQHandler  drvgpio.o
    0x000005e4   0x000005e4   0x00000044   Code   RO           93    i.GPAB_IRQHandler   drvgpio.o
    0x00000628   0x00000628   0x0000004c   Code   RO           94    i.GPCDE_IRQHandler  drvgpio.o
    0x00000674   0x00000674   0x00000218   Code   RO          916    i.Initial_panel     lcd_driver.o
    0x0000088c   0x0000088c   0x00000028   Code   RO          360    i.PWRWU_IRQHandler  drvsys.o
    0x000008b4   0x000008b4   0x000000f4   Code   RO          917    i.SetPACA           lcd_driver.o
    0x000009a8   0x000009a8   0x00000078   Code   RO          918    i.Show_Word         lcd_driver.o
    0x00000a20   0x00000a20   0x00000002   Code   RO           25    i.SystemInit        system_nuc1xx.o
    0x00000a22   0x00000a22   0x00000002   PAD
    0x00000a24   0x00000a24   0x0000009c   Code   RO          657    i.TMR0_IRQHandler   drvtimer.o
    0x00000ac0   0x00000ac0   0x0000009c   Code   RO          658    i.TMR1_IRQHandler   drvtimer.o
    0x00000b5c   0x00000b5c   0x0000009c   Code   RO          659    i.TMR2_IRQHandler   drvtimer.o
    0x00000bf8   0x00000bf8   0x0000009c   Code   RO          660    i.TMR3_IRQHandler   drvtimer.o
    0x00000c94   0x00000c94   0x00000034   Code   RO          661    i.WDT_IRQHandler    drvtimer.o
    0x00000cc8   0x00000cc8   0x00000058   Code   RO          920    i.WriteData         lcd_driver.o
    0x00000d20   0x00000d20   0x0000000e   Code   RO         1073    i._is_digit         c_p.l(__printf_wp.o)
    0x00000d2e   0x00000d2e   0x00000028   Code   RO          921    i.clr_all_panel     lcd_driver.o
    0x00000d56   0x00000d56   0x00000002   PAD
    0x00000d58   0x00000d58   0x00000050   Code   RO          986    i.main              main.o
    0x00000da8   0x00000da8   0x00000028   Code   RO          922    i.print_lcd         lcd_driver.o
    0x00000dd0   0x00000dd0   0x00000011   Data   RO         1081    .constdata          c_p.l(__printf_flags_ss_wp.o)
    0x00000de1   0x00000de1   0x00000003   PAD
    0x00000de4   0x00000de4   0x00000020   Data   RO         1294    Region$$Table       anon$$obj.o


    Execution Region ER_RW (Exec base: 0x20000000, Load base: 0x00000e04, Size: 0x00000680, Max: 0xffffffff, ABSOLUTE)

    Exec Addr    Load Addr    Size         Type   Attr      Idx    E Section Name        Object

    0x20000000   0x00000e04   0x00000010   Data   RW           98    .data               drvgpio.o
    0x20000010   0x00000e14   0x00000008   Data   RW          362    .data               drvsys.o
    0x20000018   0x00000e1c   0x00000068   Data   RW          664    .data               drvtimer.o
    0x20000080   0x00000e84   0x00000010   Data   RW          923    .data               lcd_driver.o
    0x20000090   0x00000e94   0x000005f0   Data   RW          979    .data               ascii_table.o


    Execution Region ER_ZI (Exec base: 0x20000680, Load base: 0x00001484, Size: 0x000004b0, Max: 0xffffffff, ABSOLUTE)

    Exec Addr    Load Addr    Size         Type   Attr      Idx    E Section Name        Object

    0x20000680        -       0x00000050   Zero   RW          662    .bss                drvtimer.o
    0x200006d0        -       0x00000060   Zero   RW         1165    .bss                c_p.l(libspace.o)
    0x20000730        -       0x00000000   Zero   RW            2    HEAP                startup_nuc1xx.o
    0x20000730        -       0x00000400   Zero   RW            1    STACK               startup_nuc1xx.o


==============================================================================

Image component sizes


      Code (inc. data)   RO Data    RW Data    ZI Data      Debug   Object Name

         0          0          0       1520          0        540   ascii_table.o
         0          0          0          0          0       4508   core_cm0.o
       216         36          0         16          0     120159   drvgpio.o
        80         12          0          8          0       4020   drvsys.o
       676         56          0        104         80       6617   drvtimer.o
      1068         24          0         16          0       4717   lcd_driver.o
        80         24          0          0          0       8443   main.o
       100         46        192          0       1024        688   startup_nuc1xx.o
         2          0          0          0          0     117625   system_nuc1xx.o

    ----------------------------------------------------------------------
      2226        198        224       1664       1104     267317   Object Totals
         0          0         32          0          0          0   (incl. Generated)
         4          0          0          0          0          0   (incl. Padding)

    ----------------------------------------------------------------------

      Code (inc. data)   RO Data    RW Data    ZI Data      Debug   Library Member Name

         8          0          0          0          0         68   __main.o
       392          6         17          0          0         76   __printf_flags_ss_wp.o
        14          0          0          0          0         60   __printf_wp.o
         0          0          0          0          0          0   __rtentry.o
        12          0          0          0          0          0   __rtentry2.o
         6          0          0          0          0          0   __rtentry4.o
        60          8          0          0          0          0   __scatter.o
        26          0          0          0          0          0   __scatter_copy.o
        28          0          0          0          0          0   __scatter_zi.o
        48          6          0          0          0         88   _printf_char_common.o
        10          0          0          0          0          0   _printf_d.o
       108         18          0          0          0         76   _printf_dec.o
       176          0          0          0          0         84   _printf_intcommon.o
         2          0          0          0          0          0   _printf_percent.o
         4          0          0          0          0          0   _printf_percent_end.o
        10          0          0          0          0         60   _sputc.o
        16          0          0          0          0         68   exit.o
         6          0          0          0          0        136   heapauxi.o
         0          0          0          0          0          0   indicate_semi.o
         2          0          0          0          0          0   libinit.o
         2          0          0          0          0          0   libinit2.o
         2          0          0          0          0          0   libshutdown.o
         2          0          0          0          0          0   libshutdown2.o
         8          4          0          0         96         68   libspace.o
        40          4          0          0          0         84   noretval__2sprintf.o
         2          0          0          0          0          0   rtexit.o
        10          0          0          0          0          0   rtexit2.o
        40          0          0          0          0         60   rtudiv10.o
        12          4          0          0          0         60   sys_exit.o
        62          0          0          0          0         80   sys_stackheap_outer.o
         2          0          0          0          0         68   use_no_semi.o

    ----------------------------------------------------------------------
      1118         50         20          0         96       1136   Library Totals
         8          0          3          0          0          0   (incl. Padding)

    ----------------------------------------------------------------------

      Code (inc. data)   RO Data    RW Data    ZI Data      Debug   Library Name

      1110         50         17          0         96       1136   c_p.l

    ----------------------------------------------------------------------
      1118         50         20          0         96       1136   Library Totals

    ----------------------------------------------------------------------

==============================================================================


      Code (inc. data)   RO Data    RW Data    ZI Data      Debug   

      3344        248        244       1664       1200     267305   Grand Totals
      3344        248        244       1664       1200     267305   ELF Image Totals
      3344        248        244       1664          0          0   ROM Totals

==============================================================================

    Total RO  Size (Code + RO Data)                 3588 (   3.50kB)
    Total RW  Size (RW Data + ZI Data)              2864 (   2.80kB)
    Total ROM Size (Code + RO Data + RW Data)       5252 (   5.13kB)

==============================================================================

