Component: ARM Compiler 5.06 update 6 (build 750) Tool: armlink [4d35ed]

==============================================================================

Small function inlining results

Inlined function __aeabi_idiv0 from aeabi_idiv0.o at offset 0x154 in aeabi_sdiv.o(.text).
Inlined Instruction: BX       lr
Inlined function __aeabi_idiv0 from aeabi_idiv0.o at offset 0x154 in aeabi_sdiv_div0.o(.text).
Inlined Instruction: BX       lr
Inlined function _platform_pre_stackheap_init from boardinit1.o at offset 0x0 in __rtentry2.o(.ARM.Collect$$rtentry$$00000001).
Inlined Instruction: BX       lr
Inlined function _fp_init from fpinit.o at offset 0x0 in libinit2.o(.ARM.Collect$$libinit$$00000001).
Inlined Instruction: BX       lr
Inlined function _platform_pre_lib_shutdown from boardshut.o at offset 0x0 in rtexit2.o(.ARM.Collect$$rtexit$$00000001).
Inlined Instruction: BX       lr
Inlined function __ARM_get_argv from no_argv.o at offset 0x2 in argv_veneer.o(.text).
Inlined Instruction: BX       lr
Inlined total of 6 calls.

==============================================================================

Memory Map of the image

  Image Entry point : 0x000001cd

  Load Region LR_1 (Base: 0x00000000, Size: 0x000030b0, Max: 0xffffffff, ABSOLUTE)

    Execution Region ER_RO (Exec base: 0x00000000, Load base: 0x00000000, Size: 0x00002a04, Max: 0xffffffff, ABSOLUTE)

    Exec Addr    Load Addr    Size         Type   Attr      Idx    E Section Name        Object

    0x00000000   0x00000000   0x000000c0   Data   RO            3    RESET               startup_nuc1xx.o
    0x000000c0   0x000000c0   0x00000008   Code   RO         1166  * !!!main             c_p.l(__main.o)
    0x000000c8   0x000000c8   0x0000003c   Code   RO         1365    !!!scatter          c_p.l(__scatter.o)
    0x00000104   0x00000104   0x0000001a   Code   RO         1367    !!handler_copy      c_p.l(__scatter_copy.o)
    0x0000011e   0x0000011e   0x00000002   PAD
    0x00000120   0x00000120   0x0000001c   Code   RO         1369    !!handler_zi        c_p.l(__scatter_zi.o)
    0x0000013c   0x0000013c   0x00000002   Code   RO         1158    .ARM.Collect$$_printf_percent$$00000000  c_p.l(_printf_percent.o)
    0x0000013e   0x0000013e   0x0000000a   Code   RO         1155    .ARM.Collect$$_printf_percent$$00000008  c_p.l(_printf_i.o)
    0x00000148   0x00000148   0x0000000a   Code   RO         1156    .ARM.Collect$$_printf_percent$$00000009  c_p.l(_printf_d.o)
    0x00000152   0x00000152   0x0000000a   Code   RO         1157    .ARM.Collect$$_printf_percent$$0000000A  c_p.l(_printf_u.o)
    0x0000015c   0x0000015c   0x0000000a   Code   RO         1154    .ARM.Collect$$_printf_percent$$0000000B  c_p.l(_printf_o.o)
    0x00000166   0x00000166   0x0000000a   Code   RO         1153    .ARM.Collect$$_printf_percent$$0000000C  c_p.l(_printf_x.o)
    0x00000170   0x00000170   0x0000000a   Code   RO         1184    .ARM.Collect$$_printf_percent$$00000012  c_p.l(_printf_l.o)
    0x0000017a   0x0000017a   0x0000000a   Code   RO         1152    .ARM.Collect$$_printf_percent$$00000013  c_p.l(_printf_c.o)
    0x00000184   0x00000184   0x0000000a   Code   RO         1159    .ARM.Collect$$_printf_percent$$00000015  c_p.l(_printf_lc.o)
    0x0000018e   0x0000018e   0x00000004   Code   RO         1183    .ARM.Collect$$_printf_percent$$00000017  c_p.l(_printf_percent_end.o)
    0x00000192   0x00000192   0x00000002   Code   RO         1232    .ARM.Collect$$libinit$$00000000  c_p.l(libinit.o)
    0x00000194   0x00000194   0x00000000   Code   RO         1248    .ARM.Collect$$libinit$$00000002  c_p.l(libinit2.o)
    0x00000194   0x00000194   0x00000000   Code   RO         1250    .ARM.Collect$$libinit$$00000004  c_p.l(libinit2.o)
    0x00000194   0x00000194   0x00000000   Code   RO         1253    .ARM.Collect$$libinit$$0000000A  c_p.l(libinit2.o)
    0x00000194   0x00000194   0x00000000   Code   RO         1255    .ARM.Collect$$libinit$$0000000C  c_p.l(libinit2.o)
    0x00000194   0x00000194   0x00000000   Code   RO         1257    .ARM.Collect$$libinit$$0000000E  c_p.l(libinit2.o)
    0x00000194   0x00000194   0x00000006   Code   RO         1258    .ARM.Collect$$libinit$$0000000F  c_p.l(libinit2.o)
    0x0000019a   0x0000019a   0x00000000   Code   RO         1260    .ARM.Collect$$libinit$$00000011  c_p.l(libinit2.o)
    0x0000019a   0x0000019a   0x0000000c   Code   RO         1261    .ARM.Collect$$libinit$$00000012  c_p.l(libinit2.o)
    0x000001a6   0x000001a6   0x00000000   Code   RO         1262    .ARM.Collect$$libinit$$00000013  c_p.l(libinit2.o)
    0x000001a6   0x000001a6   0x00000000   Code   RO         1264    .ARM.Collect$$libinit$$00000015  c_p.l(libinit2.o)
    0x000001a6   0x000001a6   0x00000000   Code   RO         1266    .ARM.Collect$$libinit$$00000017  c_p.l(libinit2.o)
    0x000001a6   0x000001a6   0x00000000   Code   RO         1268    .ARM.Collect$$libinit$$00000019  c_p.l(libinit2.o)
    0x000001a6   0x000001a6   0x00000000   Code   RO         1270    .ARM.Collect$$libinit$$0000001B  c_p.l(libinit2.o)
    0x000001a6   0x000001a6   0x00000000   Code   RO         1272    .ARM.Collect$$libinit$$0000001D  c_p.l(libinit2.o)
    0x000001a6   0x000001a6   0x00000000   Code   RO         1274    .ARM.Collect$$libinit$$0000001F  c_p.l(libinit2.o)
    0x000001a6   0x000001a6   0x00000000   Code   RO         1276    .ARM.Collect$$libinit$$00000021  c_p.l(libinit2.o)
    0x000001a6   0x000001a6   0x00000000   Code   RO         1278    .ARM.Collect$$libinit$$00000023  c_p.l(libinit2.o)
    0x000001a6   0x000001a6   0x00000000   Code   RO         1280    .ARM.Collect$$libinit$$00000025  c_p.l(libinit2.o)
    0x000001a6   0x000001a6   0x00000000   Code   RO         1284    .ARM.Collect$$libinit$$0000002C  c_p.l(libinit2.o)
    0x000001a6   0x000001a6   0x00000000   Code   RO         1286    .ARM.Collect$$libinit$$0000002E  c_p.l(libinit2.o)
    0x000001a6   0x000001a6   0x00000000   Code   RO         1288    .ARM.Collect$$libinit$$00000030  c_p.l(libinit2.o)
    0x000001a6   0x000001a6   0x00000000   Code   RO         1290    .ARM.Collect$$libinit$$00000032  c_p.l(libinit2.o)
    0x000001a6   0x000001a6   0x00000002   Code   RO         1291    .ARM.Collect$$libinit$$00000033  c_p.l(libinit2.o)
    0x000001a8   0x000001a8   0x00000002   Code   RO         1322    .ARM.Collect$$libshutdown$$00000000  c_p.l(libshutdown.o)
    0x000001aa   0x000001aa   0x00000000   Code   RO         1348    .ARM.Collect$$libshutdown$$00000002  c_p.l(libshutdown2.o)
    0x000001aa   0x000001aa   0x00000000   Code   RO         1350    .ARM.Collect$$libshutdown$$00000004  c_p.l(libshutdown2.o)
    0x000001aa   0x000001aa   0x00000000   Code   RO         1353    .ARM.Collect$$libshutdown$$00000007  c_p.l(libshutdown2.o)
    0x000001aa   0x000001aa   0x00000000   Code   RO         1356    .ARM.Collect$$libshutdown$$0000000A  c_p.l(libshutdown2.o)
    0x000001aa   0x000001aa   0x00000000   Code   RO         1358    .ARM.Collect$$libshutdown$$0000000C  c_p.l(libshutdown2.o)
    0x000001aa   0x000001aa   0x00000000   Code   RO         1361    .ARM.Collect$$libshutdown$$0000000F  c_p.l(libshutdown2.o)
    0x000001aa   0x000001aa   0x00000002   Code   RO         1362    .ARM.Collect$$libshutdown$$00000010  c_p.l(libshutdown2.o)
    0x000001ac   0x000001ac   0x00000000   Code   RO         1168    .ARM.Collect$$rtentry$$00000000  c_p.l(__rtentry.o)
    0x000001ac   0x000001ac   0x00000000   Code   RO         1190    .ARM.Collect$$rtentry$$00000002  c_p.l(__rtentry2.o)
    0x000001ac   0x000001ac   0x00000006   Code   RO         1202    .ARM.Collect$$rtentry$$00000004  c_p.l(__rtentry4.o)
    0x000001b2   0x000001b2   0x00000000   Code   RO         1192    .ARM.Collect$$rtentry$$00000009  c_p.l(__rtentry2.o)
    0x000001b2   0x000001b2   0x00000004   Code   RO         1193    .ARM.Collect$$rtentry$$0000000A  c_p.l(__rtentry2.o)
    0x000001b6   0x000001b6   0x00000000   Code   RO         1195    .ARM.Collect$$rtentry$$0000000C  c_p.l(__rtentry2.o)
    0x000001b6   0x000001b6   0x00000008   Code   RO         1196    .ARM.Collect$$rtentry$$0000000D  c_p.l(__rtentry2.o)
    0x000001be   0x000001be   0x00000002   Code   RO         1237    .ARM.Collect$$rtexit$$00000000  c_p.l(rtexit.o)
    0x000001c0   0x000001c0   0x00000000   Code   RO         1295    .ARM.Collect$$rtexit$$00000002  c_p.l(rtexit2.o)
    0x000001c0   0x000001c0   0x00000004   Code   RO         1296    .ARM.Collect$$rtexit$$00000003  c_p.l(rtexit2.o)
    0x000001c4   0x000001c4   0x00000006   Code   RO         1297    .ARM.Collect$$rtexit$$00000004  c_p.l(rtexit2.o)
    0x000001ca   0x000001ca   0x00000002   PAD
    0x000001cc   0x000001cc   0x00000064   Code   RO            4  * .text               startup_nuc1xx.o
    0x00000230   0x00000230   0x00000028   Code   RO         1090    .text               c_p.l(noretval__2sprintf.o)
    0x00000258   0x00000258   0x0000004e   Code   RO         1094    .text               c_p.l(_printf_pad.o)
    0x000002a6   0x000002a6   0x00000024   Code   RO         1096    .text               c_p.l(_printf_truncate.o)
    0x000002ca   0x000002ca   0x00000052   Code   RO         1098    .text               c_p.l(_printf_str.o)
    0x0000031c   0x0000031c   0x0000006c   Code   RO         1100    .text               c_p.l(_printf_dec.o)
    0x00000388   0x00000388   0x000000bc   Code   RO         1102    .text               c_p.l(_printf_wctomb.o)
    0x00000444   0x00000444   0x00000050   Code   RO         1107    .text               c_p.l(_printf_oct_int.o)
    0x00000494   0x00000494   0x00000058   Code   RO         1114    .text               c_p.l(_printf_hex_int.o)
    0x000004ec   0x000004ec   0x00000188   Code   RO         1149    .text               c_p.l(__printf_flags_ss_wp.o)
    0x00000674   0x00000674   0x0000015a   Code   RO         1160    .text               c_p.l(aeabi_sdiv.o)
    0x000007ce   0x000007ce   0x00000006   Code   RO         1164    .text               c_p.l(heapauxi.o)
    0x000007d4   0x000007d4   0x000000b0   Code   RO         1173    .text               c_p.l(_printf_intcommon.o)
    0x00000884   0x00000884   0x00000030   Code   RO         1175    .text               c_p.l(_printf_char_common.o)
    0x000008b4   0x000008b4   0x0000000a   Code   RO         1177    .text               c_p.l(_sputc.o)
    0x000008be   0x000008be   0x0000002e   Code   RO         1179    .text               c_p.l(_printf_char.o)
    0x000008ec   0x000008ec   0x0000002e   Code   RO         1181    .text               c_p.l(_printf_wchar.o)
    0x0000091a   0x0000091a   0x00000040   Code   RO         1185    .text               c_p.l(_wcrtomb.o)
    0x0000095a   0x0000095a   0x00000028   Code   RO         1187    .text               c_p.l(rtudiv10.o)
    0x00000982   0x00000982   0x00000002   PAD
    0x00000984   0x00000984   0x00000010   Code   RO         1204    .text               c_p.l(rt_ctype_table.o)
    0x00000994   0x00000994   0x0000003e   Code   RO         1210    .text               c_p.l(sys_stackheap_outer.o)
    0x000009d2   0x000009d2   0x00000002   PAD
    0x000009d4   0x000009d4   0x00000008   Code   RO         1216    .text               c_p.l(rt_locale_intlibspace.o)
    0x000009dc   0x000009dc   0x00000010   Code   RO         1221    .text               c_p.l(exit.o)
    0x000009ec   0x000009ec   0x00000008   Code   RO         1233    .text               c_p.l(libspace.o)
    0x000009f4   0x000009f4   0x00000088   Code   RO         1245    .text               c_p.l(strcmp.o)
    0x00000a7c   0x00000a7c   0x0000000c   Code   RO         1292    .text               c_p.l(sys_exit.o)
    0x00000a88   0x00000a88   0x00000002   Code   RO         1311    .text               c_p.l(use_no_semi.o)
    0x00000a8a   0x00000a8a   0x00000000   Code   RO         1313    .text               c_p.l(indicate_semi.o)
    0x00000a8a   0x00000a8a   0x00000002   PAD
    0x00000a8c   0x00000a8c   0x00000028   Code   RO          312    i.BOD_IRQHandler    drvsys.o
    0x00000ab4   0x00000ab4   0x00000046   Code   RO          615    i.CalTimerInitValue  drvtimer.o
    0x00000afa   0x00000afa   0x00000002   PAD
    0x00000afc   0x00000afc   0x00000014   Code   RO          979    i.CloseSevenSegment  seven_segment.o
    0x00000b10   0x00000b10   0x00000758   Code   RO           83    i.DrvGPIO_InitFunction  drvgpio.o
    0x00001268   0x00001268   0x00000088   Code   RO           84    i.DrvGPIO_Open      drvgpio.o
    0x000012f0   0x000012f0   0x0000002c   Code   RO          315    i.DrvSYS_Delay      drvsys.o
    0x0000131c   0x0000131c   0x00000008   Code   RO          330    i.DrvSYS_GetExtClockFreq  drvsys.o
    0x00001324   0x00001324   0x00000070   Code   RO          331    i.DrvSYS_GetHCLKFreq  drvsys.o
    0x00001394   0x00001394   0x00000078   Code   RO          332    i.DrvSYS_GetPLLClockFreq  drvsys.o
    0x0000140c   0x0000140c   0x00000160   Code   RO          345    i.DrvSYS_SelectIPClockSource  drvsys.o
    0x0000156c   0x0000156c   0x00000064   Code   RO          617    i.DrvTIMER_ClearIntFlag  drvtimer.o
    0x000015d0   0x000015d0   0x0000005c   Code   RO          631    i.DrvTIMER_EnableInt  drvtimer.o
    0x0000162c   0x0000162c   0x00000024   Code   RO          638    i.DrvTIMER_Init     drvtimer.o
    0x00001650   0x00001650   0x000002f4   Code   RO          639    i.DrvTIMER_Open     drvtimer.o
    0x00001944   0x00001944   0x00000258   Code   RO          646    i.DrvTIMER_SetTimerEvent  drvtimer.o
    0x00001b9c   0x00001b9c   0x00000044   Code   RO          647    i.DrvTIMER_Start    drvtimer.o
    0x00001be0   0x00001be0   0x00000024   Code   RO           91    i.EINT0_IRQHandler  drvgpio.o
    0x00001c04   0x00001c04   0x00000024   Code   RO           92    i.EINT1_IRQHandler  drvgpio.o
    0x00001c28   0x00001c28   0x00000044   Code   RO           93    i.GPAB_IRQHandler   drvgpio.o
    0x00001c6c   0x00001c6c   0x0000004c   Code   RO           94    i.GPCDE_IRQHandler  drvgpio.o
    0x00001cb8   0x00001cb8   0x00000080   Code   RO          653    i.GetTimerClock     drvtimer.o
    0x00001d38   0x00001d38   0x00000218   Code   RO          916    i.Initial_panel     lcd_driver.o
    0x00001f50   0x00001f50   0x00000014   Code   RO          655    i.NVIC_EnableIRQ    drvtimer.o
    0x00001f64   0x00001f64   0x00000078   Code   RO          656    i.NVIC_SetPriority  drvtimer.o
    0x00001fdc   0x00001fdc   0x000000b8   Code   RO          980    i.OpenSevenSegment  seven_segment.o
    0x00002094   0x00002094   0x00000028   Code   RO          360    i.PWRWU_IRQHandler  drvsys.o
    0x000020bc   0x000020bc   0x000000f4   Code   RO          917    i.SetPACA           lcd_driver.o
    0x000021b0   0x000021b0   0x00000108   Code   RO          981    i.ShowSevenSegment  seven_segment.o
    0x000022b8   0x000022b8   0x00000078   Code   RO          918    i.Show_Word         lcd_driver.o
    0x00002330   0x00002330   0x00000002   Code   RO           25    i.SystemInit        system_nuc1xx.o
    0x00002332   0x00002332   0x00000002   PAD
    0x00002334   0x00002334   0x0000009c   Code   RO          657    i.TMR0_IRQHandler   drvtimer.o
    0x000023d0   0x000023d0   0x00000018   Code   RO         1049    i.TMR0_callback     blinky.o
    0x000023e8   0x000023e8   0x0000009c   Code   RO          658    i.TMR1_IRQHandler   drvtimer.o
    0x00002484   0x00002484   0x0000009c   Code   RO          659    i.TMR2_IRQHandler   drvtimer.o
    0x00002520   0x00002520   0x0000009c   Code   RO          660    i.TMR3_IRQHandler   drvtimer.o
    0x000025bc   0x000025bc   0x00000034   Code   RO          661    i.WDT_IRQHandler    drvtimer.o
    0x000025f0   0x000025f0   0x00000058   Code   RO          920    i.WriteData         lcd_driver.o
    0x00002648   0x00002648   0x0000001c   Code   RO          290    i.__ARM_common_switch8  drvgpio.o
    0x00002664   0x00002664   0x0000000e   Code   RO         1142    i._is_digit         c_p.l(__printf_wp.o)
    0x00002672   0x00002672   0x00000002   PAD
    0x00002674   0x00002674   0x0000003c   Code   RO         1050    i.blinky_Drv        blinky.o
    0x000026b0   0x000026b0   0x00000028   Code   RO          921    i.clr_all_panel     lcd_driver.o
    0x000026d8   0x000026d8   0x0000004c   Code   RO         1019    i.main              main.o
    0x00002724   0x00002724   0x000000b8   Code   RO         1070    i.multiplex7segment  7seg.o
    0x000027dc   0x000027dc   0x00000026   Code   RO         1071    i.nthdig            7seg.o
    0x00002802   0x00002802   0x0000001a   Code   RO         1037    i.outStringLCD      helloworld.o
    0x0000281c   0x0000281c   0x00000028   Code   RO          922    i.print_lcd         lcd_driver.o
    0x00002844   0x00002844   0x0000002c   Code   RO         1219    locale$$code        c_p.l(lc_ctype_c.o)
    0x00002870   0x00002870   0x00000010   Data   RO          361    .constdata          drvsys.o
    0x00002880   0x00002880   0x00000010   Data   RO          663    .constdata          drvtimer.o
    0x00002890   0x00002890   0x00000008   Data   RO         1103    .constdata          c_p.l(_printf_wctomb.o)
    0x00002898   0x00002898   0x00000028   Data   RO         1115    .constdata          c_p.l(_printf_hex_int.o)
    0x000028c0   0x000028c0   0x00000011   Data   RO         1150    .constdata          c_p.l(__printf_flags_ss_wp.o)
    0x000028d1   0x000028d1   0x00000003   PAD
    0x000028d4   0x000028d4   0x00000020   Data   RO         1363    Region$$Table       anon$$obj.o
    0x000028f4   0x000028f4   0x00000110   Data   RO         1218    locale$$data        c_p.l(lc_ctype_c.o)


    Execution Region ER_RW (Exec base: 0x20000000, Load base: 0x00002a04, Size: 0x000006ac, Max: 0xffffffff, ABSOLUTE)

    Exec Addr    Load Addr    Size         Type   Attr      Idx    E Section Name        Object

    0x20000000   0x00002a04   0x0000001c   Data   RW           26    .data               system_nuc1xx.o
    0x2000001c   0x00002a20   0x00000010   Data   RW           98    .data               drvgpio.o
    0x2000002c   0x00002a30   0x00000008   Data   RW          362    .data               drvsys.o
    0x20000034   0x00002a38   0x00000068   Data   RW          664    .data               drvtimer.o
    0x2000009c   0x00002aa0   0x00000010   Data   RW          923    .data               lcd_driver.o
    0x200000ac   0x00002ab0   0x00000010   Data   RW          982    .data               seven_segment.o
    0x200000bc   0x00002ac0   0x000005f0   Data   RW         1012    .data               ascii_table.o


    Execution Region ER_ZI (Exec base: 0x200006ac, Load base: 0x000030b0, Size: 0x000004b4, Max: 0xffffffff, ABSOLUTE)

    Exec Addr    Load Addr    Size         Type   Attr      Idx    E Section Name        Object

    0x200006ac        -       0x00000050   Zero   RW          662    .bss                drvtimer.o
    0x200006fc        -       0x00000060   Zero   RW         1234    .bss                c_p.l(libspace.o)
    0x2000075c   0x000030b0   0x00000004   PAD
    0x20000760        -       0x00000000   Zero   RW            2    HEAP                startup_nuc1xx.o
    0x20000760        -       0x00000400   Zero   RW            1    STACK               startup_nuc1xx.o


==============================================================================

Image component sizes


      Code (inc. data)   RO Data    RW Data    ZI Data      Debug   Object Name

       222          6          0          0          0       1209   7seg.o
         0          0          0       1520          0        540   ascii_table.o
        84          8          0          0          0        933   blinky.o
         0          0          0          0          0       4508   core_cm0.o
      2260        130          0         16          0     127265   drvgpio.o
       716         84         16          8          0       7043   drvsys.o
      2666        290         16        104         80      21696   drvtimer.o
        26          0          0          0          0        579   helloworld.o
      1068         24          0         16          0       4717   lcd_driver.o
        76         26          0          0          0       8347   main.o
       468         40          0         16          0       3012   seven_segment.o
       100         46        192          0       1024        688   startup_nuc1xx.o
         2          0          0         28          0     118398   system_nuc1xx.o

    ----------------------------------------------------------------------
      7692        654        256       1708       1104     298935   Object Totals
         0          0         32          0          0          0   (incl. Generated)
         4          0          0          0          0          0   (incl. Padding)

    ----------------------------------------------------------------------

      Code (inc. data)   RO Data    RW Data    ZI Data      Debug   Library Member Name

         8          0          0          0          0         68   __main.o
       392          6         17          0          0         76   __printf_flags_ss_wp.o
        14          0          0          0          0         60   __printf_wp.o
         0          0          0          0          0          0   __rtentry.o
        12          0          0          0          0          0   __rtentry2.o
         6          0          0          0          0          0   __rtentry4.o
        60          8          0          0          0          0   __scatter.o
        26          0          0          0          0          0   __scatter_copy.o
        28          0          0          0          0          0   __scatter_zi.o
        10          0          0          0          0          0   _printf_c.o
        46          0          0          0          0        100   _printf_char.o
        48          6          0          0          0         88   _printf_char_common.o
        10          0          0          0          0          0   _printf_d.o
       108         18          0          0          0         76   _printf_dec.o
        88          4         40          0          0         72   _printf_hex_int.o
        10          0          0          0          0          0   _printf_i.o
       176          0          0          0          0         84   _printf_intcommon.o
        10          0          0          0          0          0   _printf_l.o
        10          0          0          0          0          0   _printf_lc.o
        10          0          0          0          0          0   _printf_o.o
        80          8          0          0          0         72   _printf_oct_int.o
        78          0          0          0          0        100   _printf_pad.o
         2          0          0          0          0          0   _printf_percent.o
         4          0          0          0          0          0   _printf_percent_end.o
        82          0          0          0          0         72   _printf_str.o
        36          0          0          0          0         76   _printf_truncate.o
        10          0          0          0          0          0   _printf_u.o
        46          0          0          0          0        100   _printf_wchar.o
       188          6          8          0          0         80   _printf_wctomb.o
        10          0          0          0          0          0   _printf_x.o
        10          0          0          0          0         60   _sputc.o
        64          0          0          0          0         72   _wcrtomb.o
       346          0          0          0          0         92   aeabi_sdiv.o
        16          0          0          0          0         68   exit.o
         6          0          0          0          0        136   heapauxi.o
         0          0          0          0          0          0   indicate_semi.o
        44         10        272          0          0         76   lc_ctype_c.o
         2          0          0          0          0          0   libinit.o
        20          0          0          0          0          0   libinit2.o
         2          0          0          0          0          0   libshutdown.o
         2          0          0          0          0          0   libshutdown2.o
         8          4          0          0         96         68   libspace.o
        40          4          0          0          0         84   noretval__2sprintf.o
        16          4          0          0          0         76   rt_ctype_table.o
         8          4          0          0          0         68   rt_locale_intlibspace.o
         2          0          0          0          0          0   rtexit.o
        10          0          0          0          0          0   rtexit2.o
        40          0          0          0          0         60   rtudiv10.o
       136          4          0          0          0         72   strcmp.o
        12          4          0          0          0         60   sys_exit.o
        62          0          0          0          0         80   sys_stackheap_outer.o
         2          0          0          0          0         68   use_no_semi.o

    ----------------------------------------------------------------------
      2468         90        340          0        100       2264   Library Totals
        12          0          3          0          4          0   (incl. Padding)

    ----------------------------------------------------------------------

      Code (inc. data)   RO Data    RW Data    ZI Data      Debug   Library Name

      2456         90        337          0         96       2264   c_p.l

    ----------------------------------------------------------------------
      2468         90        340          0        100       2264   Library Totals

    ----------------------------------------------------------------------

==============================================================================


      Code (inc. data)   RO Data    RW Data    ZI Data      Debug   

     10160        744        596       1708       1204     298303   Grand Totals
     10160        744        596       1708       1204     298303   ELF Image Totals
     10160        744        596       1708          0          0   ROM Totals

==============================================================================

    Total RO  Size (Code + RO Data)                10756 (  10.50kB)
    Total RW  Size (RW Data + ZI Data)              2912 (   2.84kB)
    Total ROM Size (Code + RO Data + RW Data)      12464 (  12.17kB)

==============================================================================

