Component: ARM Compiler 5.06 update 6 (build 750) Tool: armlink [4d35ed]

==============================================================================

Small function inlining results

Inlined function __aeabi_idiv0 from aeabi_idiv0.o at offset 0x154 in aeabi_sdiv.o(.text).
Inlined Instruction: BX       lr
Inlined function __aeabi_idiv0 from aeabi_idiv0.o at offset 0x154 in aeabi_sdiv_div0.o(.text).
Inlined Instruction: BX       lr
Inlined function _platform_pre_stackheap_init from boardinit1.o at offset 0x0 in __rtentry2.o(.ARM.Collect$$rtentry$$00000001).
Inlined Instruction: BX       lr
Inlined function _fp_init from fpinit.o at offset 0x0 in libinit2.o(.ARM.Collect$$libinit$$00000001).
Inlined Instruction: BX       lr
Inlined function _platform_pre_lib_shutdown from boardshut.o at offset 0x0 in rtexit2.o(.ARM.Collect$$rtexit$$00000001).
Inlined Instruction: BX       lr
Inlined function __ARM_get_argv from no_argv.o at offset 0x2 in argv_veneer.o(.text).
Inlined Instruction: BX       lr
Inlined total of 6 calls.

==============================================================================

Memory Map of the image

  Image Entry point : 0x00000165

  Load Region LR_1 (Base: 0x00000000, Size: 0x000015d8, Max: 0xffffffff, ABSOLUTE)

    Execution Region ER_RO (Exec base: 0x00000000, Load base: 0x00000000, Size: 0x00001558, Max: 0xffffffff, ABSOLUTE)

    Exec Addr    Load Addr    Size         Type   Attr      Idx    E Section Name        Object

    0x00000000   0x00000000   0x000000c0   Data   RO            3    RESET               startup_nuc1xx.o
    0x000000c0   0x000000c0   0x00000008   Code   RO          954  * !!!main             c_p.l(__main.o)
    0x000000c8   0x000000c8   0x0000003c   Code   RO         1123    !!!scatter          c_p.l(__scatter.o)
    0x00000104   0x00000104   0x0000001a   Code   RO         1125    !!handler_copy      c_p.l(__scatter_copy.o)
    0x0000011e   0x0000011e   0x00000002   PAD
    0x00000120   0x00000120   0x0000001c   Code   RO         1127    !!handler_zi        c_p.l(__scatter_zi.o)
    0x0000013c   0x0000013c   0x00000002   Code   RO          992    .ARM.Collect$$libinit$$00000000  c_p.l(libinit.o)
    0x0000013e   0x0000013e   0x00000000   Code   RO         1006    .ARM.Collect$$libinit$$00000002  c_p.l(libinit2.o)
    0x0000013e   0x0000013e   0x00000000   Code   RO         1008    .ARM.Collect$$libinit$$00000004  c_p.l(libinit2.o)
    0x0000013e   0x0000013e   0x00000000   Code   RO         1011    .ARM.Collect$$libinit$$0000000A  c_p.l(libinit2.o)
    0x0000013e   0x0000013e   0x00000000   Code   RO         1013    .ARM.Collect$$libinit$$0000000C  c_p.l(libinit2.o)
    0x0000013e   0x0000013e   0x00000000   Code   RO         1015    .ARM.Collect$$libinit$$0000000E  c_p.l(libinit2.o)
    0x0000013e   0x0000013e   0x00000000   Code   RO         1018    .ARM.Collect$$libinit$$00000011  c_p.l(libinit2.o)
    0x0000013e   0x0000013e   0x00000000   Code   RO         1020    .ARM.Collect$$libinit$$00000013  c_p.l(libinit2.o)
    0x0000013e   0x0000013e   0x00000000   Code   RO         1022    .ARM.Collect$$libinit$$00000015  c_p.l(libinit2.o)
    0x0000013e   0x0000013e   0x00000000   Code   RO         1024    .ARM.Collect$$libinit$$00000017  c_p.l(libinit2.o)
    0x0000013e   0x0000013e   0x00000000   Code   RO         1026    .ARM.Collect$$libinit$$00000019  c_p.l(libinit2.o)
    0x0000013e   0x0000013e   0x00000000   Code   RO         1028    .ARM.Collect$$libinit$$0000001B  c_p.l(libinit2.o)
    0x0000013e   0x0000013e   0x00000000   Code   RO         1030    .ARM.Collect$$libinit$$0000001D  c_p.l(libinit2.o)
    0x0000013e   0x0000013e   0x00000000   Code   RO         1032    .ARM.Collect$$libinit$$0000001F  c_p.l(libinit2.o)
    0x0000013e   0x0000013e   0x00000000   Code   RO         1034    .ARM.Collect$$libinit$$00000021  c_p.l(libinit2.o)
    0x0000013e   0x0000013e   0x00000000   Code   RO         1036    .ARM.Collect$$libinit$$00000023  c_p.l(libinit2.o)
    0x0000013e   0x0000013e   0x00000000   Code   RO         1038    .ARM.Collect$$libinit$$00000025  c_p.l(libinit2.o)
    0x0000013e   0x0000013e   0x00000000   Code   RO         1042    .ARM.Collect$$libinit$$0000002C  c_p.l(libinit2.o)
    0x0000013e   0x0000013e   0x00000000   Code   RO         1044    .ARM.Collect$$libinit$$0000002E  c_p.l(libinit2.o)
    0x0000013e   0x0000013e   0x00000000   Code   RO         1046    .ARM.Collect$$libinit$$00000030  c_p.l(libinit2.o)
    0x0000013e   0x0000013e   0x00000000   Code   RO         1048    .ARM.Collect$$libinit$$00000032  c_p.l(libinit2.o)
    0x0000013e   0x0000013e   0x00000002   Code   RO         1049    .ARM.Collect$$libinit$$00000033  c_p.l(libinit2.o)
    0x00000140   0x00000140   0x00000002   Code   RO         1080    .ARM.Collect$$libshutdown$$00000000  c_p.l(libshutdown.o)
    0x00000142   0x00000142   0x00000000   Code   RO         1106    .ARM.Collect$$libshutdown$$00000002  c_p.l(libshutdown2.o)
    0x00000142   0x00000142   0x00000000   Code   RO         1108    .ARM.Collect$$libshutdown$$00000004  c_p.l(libshutdown2.o)
    0x00000142   0x00000142   0x00000000   Code   RO         1111    .ARM.Collect$$libshutdown$$00000007  c_p.l(libshutdown2.o)
    0x00000142   0x00000142   0x00000000   Code   RO         1114    .ARM.Collect$$libshutdown$$0000000A  c_p.l(libshutdown2.o)
    0x00000142   0x00000142   0x00000000   Code   RO         1116    .ARM.Collect$$libshutdown$$0000000C  c_p.l(libshutdown2.o)
    0x00000142   0x00000142   0x00000000   Code   RO         1119    .ARM.Collect$$libshutdown$$0000000F  c_p.l(libshutdown2.o)
    0x00000142   0x00000142   0x00000002   Code   RO         1120    .ARM.Collect$$libshutdown$$00000010  c_p.l(libshutdown2.o)
    0x00000144   0x00000144   0x00000000   Code   RO          956    .ARM.Collect$$rtentry$$00000000  c_p.l(__rtentry.o)
    0x00000144   0x00000144   0x00000000   Code   RO          962    .ARM.Collect$$rtentry$$00000002  c_p.l(__rtentry2.o)
    0x00000144   0x00000144   0x00000006   Code   RO          974    .ARM.Collect$$rtentry$$00000004  c_p.l(__rtentry4.o)
    0x0000014a   0x0000014a   0x00000000   Code   RO          964    .ARM.Collect$$rtentry$$00000009  c_p.l(__rtentry2.o)
    0x0000014a   0x0000014a   0x00000004   Code   RO          965    .ARM.Collect$$rtentry$$0000000A  c_p.l(__rtentry2.o)
    0x0000014e   0x0000014e   0x00000000   Code   RO          967    .ARM.Collect$$rtentry$$0000000C  c_p.l(__rtentry2.o)
    0x0000014e   0x0000014e   0x00000008   Code   RO          968    .ARM.Collect$$rtentry$$0000000D  c_p.l(__rtentry2.o)
    0x00000156   0x00000156   0x00000002   Code   RO          997    .ARM.Collect$$rtexit$$00000000  c_p.l(rtexit.o)
    0x00000158   0x00000158   0x00000000   Code   RO         1053    .ARM.Collect$$rtexit$$00000002  c_p.l(rtexit2.o)
    0x00000158   0x00000158   0x00000004   Code   RO         1054    .ARM.Collect$$rtexit$$00000003  c_p.l(rtexit2.o)
    0x0000015c   0x0000015c   0x00000006   Code   RO         1055    .ARM.Collect$$rtexit$$00000004  c_p.l(rtexit2.o)
    0x00000162   0x00000162   0x00000002   PAD
    0x00000164   0x00000164   0x00000064   Code   RO            4  * .text               startup_nuc1xx.o
    0x000001c8   0x000001c8   0x0000015a   Code   RO          948    .text               c_p.l(aeabi_sdiv.o)
    0x00000322   0x00000322   0x00000006   Code   RO          952    .text               c_p.l(heapauxi.o)
    0x00000328   0x00000328   0x0000003e   Code   RO          978    .text               c_p.l(sys_stackheap_outer.o)
    0x00000366   0x00000366   0x00000010   Code   RO          981    .text               c_p.l(exit.o)
    0x00000376   0x00000376   0x00000002   PAD
    0x00000378   0x00000378   0x00000008   Code   RO          993    .text               c_p.l(libspace.o)
    0x00000380   0x00000380   0x0000000c   Code   RO         1050    .text               c_p.l(sys_exit.o)
    0x0000038c   0x0000038c   0x00000002   Code   RO         1069    .text               c_p.l(use_no_semi.o)
    0x0000038e   0x0000038e   0x00000000   Code   RO         1071    .text               c_p.l(indicate_semi.o)
    0x0000038e   0x0000038e   0x00000002   PAD
    0x00000390   0x00000390   0x00000028   Code   RO          312    i.BOD_IRQHandler    drvsys.o
    0x000003b8   0x000003b8   0x00000046   Code   RO          615    i.CalTimerInitValue  drvtimer.o
    0x000003fe   0x000003fe   0x00000002   PAD
    0x00000400   0x00000400   0x00000758   Code   RO           83    i.DrvGPIO_InitFunction  drvgpio.o
    0x00000b58   0x00000b58   0x00000008   Code   RO          330    i.DrvSYS_GetExtClockFreq  drvsys.o
    0x00000b60   0x00000b60   0x00000070   Code   RO          331    i.DrvSYS_GetHCLKFreq  drvsys.o
    0x00000bd0   0x00000bd0   0x00000078   Code   RO          332    i.DrvSYS_GetPLLClockFreq  drvsys.o
    0x00000c48   0x00000c48   0x00000160   Code   RO          345    i.DrvSYS_SelectIPClockSource  drvsys.o
    0x00000da8   0x00000da8   0x00000024   Code   RO          638    i.DrvTIMER_Init     drvtimer.o
    0x00000dcc   0x00000dcc   0x000002f4   Code   RO          639    i.DrvTIMER_Open     drvtimer.o
    0x000010c0   0x000010c0   0x00000024   Code   RO           91    i.EINT0_IRQHandler  drvgpio.o
    0x000010e4   0x000010e4   0x00000024   Code   RO           92    i.EINT1_IRQHandler  drvgpio.o
    0x00001108   0x00001108   0x00000044   Code   RO           93    i.GPAB_IRQHandler   drvgpio.o
    0x0000114c   0x0000114c   0x0000004c   Code   RO           94    i.GPCDE_IRQHandler  drvgpio.o
    0x00001198   0x00001198   0x00000080   Code   RO          653    i.GetTimerClock     drvtimer.o
    0x00001218   0x00001218   0x00000028   Code   RO          360    i.PWRWU_IRQHandler  drvsys.o
    0x00001240   0x00001240   0x00000002   Code   RO           25    i.SystemInit        system_nuc1xx.o
    0x00001242   0x00001242   0x00000002   PAD
    0x00001244   0x00001244   0x0000009c   Code   RO          657    i.TMR0_IRQHandler   drvtimer.o
    0x000012e0   0x000012e0   0x0000009c   Code   RO          658    i.TMR1_IRQHandler   drvtimer.o
    0x0000137c   0x0000137c   0x0000009c   Code   RO          659    i.TMR2_IRQHandler   drvtimer.o
    0x00001418   0x00001418   0x0000009c   Code   RO          660    i.TMR3_IRQHandler   drvtimer.o
    0x000014b4   0x000014b4   0x00000034   Code   RO          661    i.WDT_IRQHandler    drvtimer.o
    0x000014e8   0x000014e8   0x0000001c   Code   RO          290    i.__ARM_common_switch8  drvgpio.o
    0x00001504   0x00001504   0x0000001a   Code   RO          933    i.blinkFunc         blinky.o
    0x0000151e   0x0000151e   0x0000000a   Code   RO          915    i.main              main.o
    0x00001528   0x00001528   0x00000010   Data   RO          361    .constdata          drvsys.o
    0x00001538   0x00001538   0x00000020   Data   RO         1121    Region$$Table       anon$$obj.o


    Execution Region ER_RW (Exec base: 0x20000000, Load base: 0x00001558, Size: 0x00000080, Max: 0xffffffff, ABSOLUTE)

    Exec Addr    Load Addr    Size         Type   Attr      Idx    E Section Name        Object

    0x20000000   0x00001558   0x00000010   Data   RW           98    .data               drvgpio.o
    0x20000010   0x00001568   0x00000008   Data   RW          362    .data               drvsys.o
    0x20000018   0x00001570   0x00000068   Data   RW          664    .data               drvtimer.o


    Execution Region ER_ZI (Exec base: 0x20000080, Load base: 0x000015d8, Size: 0x000004b0, Max: 0xffffffff, ABSOLUTE)

    Exec Addr    Load Addr    Size         Type   Attr      Idx    E Section Name        Object

    0x20000080        -       0x00000050   Zero   RW          662    .bss                drvtimer.o
    0x200000d0        -       0x00000060   Zero   RW          994    .bss                c_p.l(libspace.o)
    0x20000130        -       0x00000000   Zero   RW            2    HEAP                startup_nuc1xx.o
    0x20000130        -       0x00000400   Zero   RW            1    STACK               startup_nuc1xx.o


==============================================================================

Image component sizes


      Code (inc. data)   RO Data    RW Data    ZI Data      Debug   Object Name

        26          0          0          0          0        456   blinky.o
         0          0          0          0          0       4508   core_cm0.o
      2124        120          0         16          0     126510   drvgpio.o
       672         76         16          8          0       6532   drvsys.o
      1666        182          0        104         80       9909   drvtimer.o
        10          0          0          0          0        463   main.o
       100         46        192          0       1024        688   startup_nuc1xx.o
         2          0          0          0          0     117625   system_nuc1xx.o

    ----------------------------------------------------------------------
      4604        424        240        128       1104     266691   Object Totals
         0          0         32          0          0          0   (incl. Generated)
         4          0          0          0          0          0   (incl. Padding)

    ----------------------------------------------------------------------

      Code (inc. data)   RO Data    RW Data    ZI Data      Debug   Library Member Name

         8          0          0          0          0         68   __main.o
         0          0          0          0          0          0   __rtentry.o
        12          0          0          0          0          0   __rtentry2.o
         6          0          0          0          0          0   __rtentry4.o
        60          8          0          0          0          0   __scatter.o
        26          0          0          0          0          0   __scatter_copy.o
        28          0          0          0          0          0   __scatter_zi.o
       346          0          0          0          0         92   aeabi_sdiv.o
        16          0          0          0          0         68   exit.o
         6          0          0          0          0        136   heapauxi.o
         0          0          0          0          0          0   indicate_semi.o
         2          0          0          0          0          0   libinit.o
         2          0          0          0          0          0   libinit2.o
         2          0          0          0          0          0   libshutdown.o
         2          0          0          0          0          0   libshutdown2.o
         8          4          0          0         96         68   libspace.o
         2          0          0          0          0          0   rtexit.o
        10          0          0          0          0          0   rtexit2.o
        12          4          0          0          0         60   sys_exit.o
        62          0          0          0          0         80   sys_stackheap_outer.o
         2          0          0          0          0         68   use_no_semi.o

    ----------------------------------------------------------------------
       620         16          0          0         96        640   Library Totals
         8          0          0          0          0          0   (incl. Padding)

    ----------------------------------------------------------------------

      Code (inc. data)   RO Data    RW Data    ZI Data      Debug   Library Name

       612         16          0          0         96        640   c_p.l

    ----------------------------------------------------------------------
       620         16          0          0         96        640   Library Totals

    ----------------------------------------------------------------------

==============================================================================


      Code (inc. data)   RO Data    RW Data    ZI Data      Debug   

      5224        440        240        128       1200     266263   Grand Totals
      5224        440        240        128       1200     266263   ELF Image Totals
      5224        440        240        128          0          0   ROM Totals

==============================================================================

    Total RO  Size (Code + RO Data)                 5464 (   5.34kB)
    Total RW  Size (RW Data + ZI Data)              1328 (   1.30kB)
    Total ROM Size (Code + RO Data + RW Data)       5592 (   5.46kB)

==============================================================================

