Component: ARM Compiler 5.06 update 6 (build 750) Tool: armlink [4d35ed]

==============================================================================

Small function inlining results

Inlined function __aeabi_idiv0 from aeabi_idiv0.o at offset 0x154 in aeabi_sdiv.o(.text).
Inlined Instruction: BX       lr
Inlined function __aeabi_idiv0 from aeabi_idiv0.o at offset 0x154 in aeabi_sdiv_div0.o(.text).
Inlined Instruction: BX       lr
Inlined function _platform_pre_stackheap_init from boardinit1.o at offset 0x0 in __rtentry2.o(.ARM.Collect$$rtentry$$00000001).
Inlined Instruction: BX       lr
Inlined function _fp_init from fpinit.o at offset 0x0 in libinit2.o(.ARM.Collect$$libinit$$00000001).
Inlined Instruction: BX       lr
Inlined function _platform_pre_lib_shutdown from boardshut.o at offset 0x0 in rtexit2.o(.ARM.Collect$$rtexit$$00000001).
Inlined Instruction: BX       lr
Inlined function __ARM_get_argv from no_argv.o at offset 0x2 in argv_veneer.o(.text).
Inlined Instruction: BX       lr
Inlined total of 6 calls.

==============================================================================

Memory Map of the image

  Image Entry point : 0x00000175

  Load Region LR_1 (Base: 0x00000000, Size: 0x000011c0, Max: 0xffffffff, ABSOLUTE)

    Execution Region ER_RO (Exec base: 0x00000000, Load base: 0x00000000, Size: 0x00000ba8, Max: 0xffffffff, ABSOLUTE)

    Exec Addr    Load Addr    Size         Type   Attr      Idx    E Section Name        Object

    0x00000000   0x00000000   0x000000c0   Data   RO            3    RESET               startup_nuc1xx.o
    0x000000c0   0x000000c0   0x00000008   Code   RO          884  * !!!main             c_p.l(__main.o)
    0x000000c8   0x000000c8   0x0000003c   Code   RO         1066    !!!scatter          c_p.l(__scatter.o)
    0x00000104   0x00000104   0x0000001a   Code   RO         1068    !!handler_copy      c_p.l(__scatter_copy.o)
    0x0000011e   0x0000011e   0x00000002   PAD
    0x00000120   0x00000120   0x0000001c   Code   RO         1070    !!handler_zi        c_p.l(__scatter_zi.o)
    0x0000013c   0x0000013c   0x00000002   Code   RO          877    .ARM.Collect$$_printf_percent$$00000000  c_p.l(_printf_percent.o)
    0x0000013e   0x0000013e   0x0000000a   Code   RO          875    .ARM.Collect$$_printf_percent$$00000014  c_p.l(_printf_s.o)
    0x00000148   0x00000148   0x00000004   Code   RO          899    .ARM.Collect$$_printf_percent$$00000017  c_p.l(_printf_percent_end.o)
    0x0000014c   0x0000014c   0x00000002   Code   RO          935    .ARM.Collect$$libinit$$00000000  c_p.l(libinit.o)
    0x0000014e   0x0000014e   0x00000000   Code   RO          949    .ARM.Collect$$libinit$$00000002  c_p.l(libinit2.o)
    0x0000014e   0x0000014e   0x00000000   Code   RO          951    .ARM.Collect$$libinit$$00000004  c_p.l(libinit2.o)
    0x0000014e   0x0000014e   0x00000000   Code   RO          954    .ARM.Collect$$libinit$$0000000A  c_p.l(libinit2.o)
    0x0000014e   0x0000014e   0x00000000   Code   RO          956    .ARM.Collect$$libinit$$0000000C  c_p.l(libinit2.o)
    0x0000014e   0x0000014e   0x00000000   Code   RO          958    .ARM.Collect$$libinit$$0000000E  c_p.l(libinit2.o)
    0x0000014e   0x0000014e   0x00000000   Code   RO          961    .ARM.Collect$$libinit$$00000011  c_p.l(libinit2.o)
    0x0000014e   0x0000014e   0x00000000   Code   RO          963    .ARM.Collect$$libinit$$00000013  c_p.l(libinit2.o)
    0x0000014e   0x0000014e   0x00000000   Code   RO          965    .ARM.Collect$$libinit$$00000015  c_p.l(libinit2.o)
    0x0000014e   0x0000014e   0x00000000   Code   RO          967    .ARM.Collect$$libinit$$00000017  c_p.l(libinit2.o)
    0x0000014e   0x0000014e   0x00000000   Code   RO          969    .ARM.Collect$$libinit$$00000019  c_p.l(libinit2.o)
    0x0000014e   0x0000014e   0x00000000   Code   RO          971    .ARM.Collect$$libinit$$0000001B  c_p.l(libinit2.o)
    0x0000014e   0x0000014e   0x00000000   Code   RO          973    .ARM.Collect$$libinit$$0000001D  c_p.l(libinit2.o)
    0x0000014e   0x0000014e   0x00000000   Code   RO          975    .ARM.Collect$$libinit$$0000001F  c_p.l(libinit2.o)
    0x0000014e   0x0000014e   0x00000000   Code   RO          977    .ARM.Collect$$libinit$$00000021  c_p.l(libinit2.o)
    0x0000014e   0x0000014e   0x00000000   Code   RO          979    .ARM.Collect$$libinit$$00000023  c_p.l(libinit2.o)
    0x0000014e   0x0000014e   0x00000000   Code   RO          981    .ARM.Collect$$libinit$$00000025  c_p.l(libinit2.o)
    0x0000014e   0x0000014e   0x00000000   Code   RO          985    .ARM.Collect$$libinit$$0000002C  c_p.l(libinit2.o)
    0x0000014e   0x0000014e   0x00000000   Code   RO          987    .ARM.Collect$$libinit$$0000002E  c_p.l(libinit2.o)
    0x0000014e   0x0000014e   0x00000000   Code   RO          989    .ARM.Collect$$libinit$$00000030  c_p.l(libinit2.o)
    0x0000014e   0x0000014e   0x00000000   Code   RO          991    .ARM.Collect$$libinit$$00000032  c_p.l(libinit2.o)
    0x0000014e   0x0000014e   0x00000002   Code   RO          992    .ARM.Collect$$libinit$$00000033  c_p.l(libinit2.o)
    0x00000150   0x00000150   0x00000002   Code   RO         1023    .ARM.Collect$$libshutdown$$00000000  c_p.l(libshutdown.o)
    0x00000152   0x00000152   0x00000000   Code   RO         1049    .ARM.Collect$$libshutdown$$00000002  c_p.l(libshutdown2.o)
    0x00000152   0x00000152   0x00000000   Code   RO         1051    .ARM.Collect$$libshutdown$$00000004  c_p.l(libshutdown2.o)
    0x00000152   0x00000152   0x00000000   Code   RO         1054    .ARM.Collect$$libshutdown$$00000007  c_p.l(libshutdown2.o)
    0x00000152   0x00000152   0x00000000   Code   RO         1057    .ARM.Collect$$libshutdown$$0000000A  c_p.l(libshutdown2.o)
    0x00000152   0x00000152   0x00000000   Code   RO         1059    .ARM.Collect$$libshutdown$$0000000C  c_p.l(libshutdown2.o)
    0x00000152   0x00000152   0x00000000   Code   RO         1062    .ARM.Collect$$libshutdown$$0000000F  c_p.l(libshutdown2.o)
    0x00000152   0x00000152   0x00000002   Code   RO         1063    .ARM.Collect$$libshutdown$$00000010  c_p.l(libshutdown2.o)
    0x00000154   0x00000154   0x00000000   Code   RO          886    .ARM.Collect$$rtentry$$00000000  c_p.l(__rtentry.o)
    0x00000154   0x00000154   0x00000000   Code   RO          903    .ARM.Collect$$rtentry$$00000002  c_p.l(__rtentry2.o)
    0x00000154   0x00000154   0x00000006   Code   RO          915    .ARM.Collect$$rtentry$$00000004  c_p.l(__rtentry4.o)
    0x0000015a   0x0000015a   0x00000000   Code   RO          905    .ARM.Collect$$rtentry$$00000009  c_p.l(__rtentry2.o)
    0x0000015a   0x0000015a   0x00000004   Code   RO          906    .ARM.Collect$$rtentry$$0000000A  c_p.l(__rtentry2.o)
    0x0000015e   0x0000015e   0x00000000   Code   RO          908    .ARM.Collect$$rtentry$$0000000C  c_p.l(__rtentry2.o)
    0x0000015e   0x0000015e   0x00000008   Code   RO          909    .ARM.Collect$$rtentry$$0000000D  c_p.l(__rtentry2.o)
    0x00000166   0x00000166   0x00000002   Code   RO          940    .ARM.Collect$$rtexit$$00000000  c_p.l(rtexit.o)
    0x00000168   0x00000168   0x00000000   Code   RO          996    .ARM.Collect$$rtexit$$00000002  c_p.l(rtexit2.o)
    0x00000168   0x00000168   0x00000004   Code   RO          997    .ARM.Collect$$rtexit$$00000003  c_p.l(rtexit2.o)
    0x0000016c   0x0000016c   0x00000006   Code   RO          998    .ARM.Collect$$rtexit$$00000004  c_p.l(rtexit2.o)
    0x00000172   0x00000172   0x00000002   PAD
    0x00000174   0x00000174   0x00000064   Code   RO            4  * .text               startup_nuc1xx.o
    0x000001d8   0x000001d8   0x00000028   Code   RO          847    .text               c_p.l(noretval__2sprintf.o)
    0x00000200   0x00000200   0x0000006c   Code   RO          849    .text               c_p.l(__printf.o)
    0x0000026c   0x0000026c   0x00000052   Code   RO          851    .text               c_p.l(_printf_str.o)
    0x000002be   0x000002be   0x00000006   Code   RO          882    .text               c_p.l(heapauxi.o)
    0x000002c4   0x000002c4   0x00000030   Code   RO          893    .text               c_p.l(_printf_char_common.o)
    0x000002f4   0x000002f4   0x0000000a   Code   RO          895    .text               c_p.l(_sputc.o)
    0x000002fe   0x000002fe   0x0000002e   Code   RO          897    .text               c_p.l(_printf_char.o)
    0x0000032c   0x0000032c   0x0000003e   Code   RO          921    .text               c_p.l(sys_stackheap_outer.o)
    0x0000036a   0x0000036a   0x00000010   Code   RO          924    .text               c_p.l(exit.o)
    0x0000037a   0x0000037a   0x00000002   PAD
    0x0000037c   0x0000037c   0x00000008   Code   RO          936    .text               c_p.l(libspace.o)
    0x00000384   0x00000384   0x0000000c   Code   RO          993    .text               c_p.l(sys_exit.o)
    0x00000390   0x00000390   0x00000002   Code   RO         1012    .text               c_p.l(use_no_semi.o)
    0x00000392   0x00000392   0x00000000   Code   RO         1014    .text               c_p.l(indicate_semi.o)
    0x00000392   0x00000392   0x00000002   PAD
    0x00000394   0x00000394   0x00000028   Code   RO          312    i.BOD_IRQHandler    drvsys.o
    0x000003bc   0x000003bc   0x00000088   Code   RO           84    i.DrvGPIO_Open      drvgpio.o
    0x00000444   0x00000444   0x00000024   Code   RO           91    i.EINT0_IRQHandler  drvgpio.o
    0x00000468   0x00000468   0x00000024   Code   RO           92    i.EINT1_IRQHandler  drvgpio.o
    0x0000048c   0x0000048c   0x00000044   Code   RO           93    i.GPAB_IRQHandler   drvgpio.o
    0x000004d0   0x000004d0   0x0000004c   Code   RO           94    i.GPCDE_IRQHandler  drvgpio.o
    0x0000051c   0x0000051c   0x00000218   Code   RO          616    i.Initial_panel     lcd_driver.o
    0x00000734   0x00000734   0x00000014   Code   RO          759    i.NVIC_EnableIRQ    main.o
    0x00000748   0x00000748   0x0000001a   Code   RO          719    i.OpenKeyPad        scankey.o
    0x00000762   0x00000762   0x00000002   PAD
    0x00000764   0x00000764   0x000000b8   Code   RO          686    i.OpenSevenSegment  seven_segment.o
    0x0000081c   0x0000081c   0x00000028   Code   RO          360    i.PWRWU_IRQHandler  drvsys.o
    0x00000844   0x00000844   0x000000f4   Code   RO          617    i.SetPACA           lcd_driver.o
    0x00000938   0x00000938   0x00000078   Code   RO          618    i.Show_Word         lcd_driver.o
    0x000009b0   0x000009b0   0x00000002   Code   RO           25    i.SystemInit        system_nuc1xx.o
    0x000009b2   0x000009b2   0x00000002   PAD
    0x000009b4   0x000009b4   0x00000024   Code   RO          785    i.TMR1_IRQHandler   heartbeat.o
    0x000009d8   0x000009d8   0x00000058   Code   RO          620    i.WriteData         lcd_driver.o
    0x00000a30   0x00000a30   0x00000028   Code   RO          621    i.clr_all_panel     lcd_driver.o
    0x00000a58   0x00000a58   0x000000a8   Code   RO          786    i.heartbeat         heartbeat.o
    0x00000b00   0x00000b00   0x00000044   Code   RO          760    i.main              main.o
    0x00000b44   0x00000b44   0x0000001c   Code   RO          821    i.outStringLCD      helloworld.o
    0x00000b60   0x00000b60   0x00000028   Code   RO          622    i.print_lcd         lcd_driver.o
    0x00000b88   0x00000b88   0x00000020   Data   RO         1064    Region$$Table       anon$$obj.o


    Execution Region ER_RW (Exec base: 0x20000000, Load base: 0x00000ba8, Size: 0x00000618, Max: 0xffffffff, ABSOLUTE)

    Exec Addr    Load Addr    Size         Type   Attr      Idx    E Section Name        Object

    0x20000000   0x00000ba8   0x00000010   Data   RW           98    .data               drvgpio.o
    0x20000010   0x00000bb8   0x00000008   Data   RW          362    .data               drvsys.o
    0x20000018   0x00000bc0   0x00000010   Data   RW          623    .data               lcd_driver.o
    0x20000028   0x00000bd0   0x000005f0   Data   RW          752    .data               ascii_table.o


    Execution Region ER_ZI (Exec base: 0x20000618, Load base: 0x000011c0, Size: 0x00000460, Max: 0xffffffff, ABSOLUTE)

    Exec Addr    Load Addr    Size         Type   Attr      Idx    E Section Name        Object

    0x20000618        -       0x00000060   Zero   RW          937    .bss                c_p.l(libspace.o)
    0x20000678        -       0x00000000   Zero   RW            2    HEAP                startup_nuc1xx.o
    0x20000678        -       0x00000400   Zero   RW            1    STACK               startup_nuc1xx.o


==============================================================================

Image component sizes


      Code (inc. data)   RO Data    RW Data    ZI Data      Debug   Object Name

         0          0          0       1520          0        540   ascii_table.o
         0          0          0          0          0       4508   core_cm0.o
       352         46          0         16          0     125682   drvgpio.o
        80         12          0          8          0       4020   drvsys.o
       204         24          0          0          0        918   heartbeat.o
        28          4          0          0          0        551   helloworld.o
      1068         24          0         16          0       4717   lcd_driver.o
        88         22          0          0          0       8707   main.o
        26          0          0          0          0        525   scankey.o
       184          6          0          0          0        595   seven_segment.o
       100         46        192          0       1024        688   startup_nuc1xx.o
         2          0          0          0          0     117625   system_nuc1xx.o

    ----------------------------------------------------------------------
      2136        184        224       1560       1024     269076   Object Totals
         0          0         32          0          0          0   (incl. Generated)
         4          0          0          0          0          0   (incl. Padding)

    ----------------------------------------------------------------------

      Code (inc. data)   RO Data    RW Data    ZI Data      Debug   Library Member Name

         8          0          0          0          0         68   __main.o
       108          0          0          0          0         76   __printf.o
         0          0          0          0          0          0   __rtentry.o
        12          0          0          0          0          0   __rtentry2.o
         6          0          0          0          0          0   __rtentry4.o
        60          8          0          0          0          0   __scatter.o
        26          0          0          0          0          0   __scatter_copy.o
        28          0          0          0          0          0   __scatter_zi.o
        46          0          0          0          0        100   _printf_char.o
        48          6          0          0          0         88   _printf_char_common.o
         2          0          0          0          0          0   _printf_percent.o
         4          0          0          0          0          0   _printf_percent_end.o
        10          0          0          0          0          0   _printf_s.o
        82          0          0          0          0         72   _printf_str.o
        10          0          0          0          0         60   _sputc.o
        16          0          0          0          0         68   exit.o
         6          0          0          0          0        136   heapauxi.o
         0          0          0          0          0          0   indicate_semi.o
         2          0          0          0          0          0   libinit.o
         2          0          0          0          0          0   libinit2.o
         2          0          0          0          0          0   libshutdown.o
         2          0          0          0          0          0   libshutdown2.o
         8          4          0          0         96         68   libspace.o
        40          4          0          0          0         84   noretval__2sprintf.o
         2          0          0          0          0          0   rtexit.o
        10          0          0          0          0          0   rtexit2.o
        12          4          0          0          0         60   sys_exit.o
        62          0          0          0          0         80   sys_stackheap_outer.o
         2          0          0          0          0         68   use_no_semi.o

    ----------------------------------------------------------------------
       624         26          0          0         96       1028   Library Totals
         8          0          0          0          0          0   (incl. Padding)

    ----------------------------------------------------------------------

      Code (inc. data)   RO Data    RW Data    ZI Data      Debug   Library Name

       616         26          0          0         96       1028   c_p.l

    ----------------------------------------------------------------------
       624         26          0          0         96       1028   Library Totals

    ----------------------------------------------------------------------

==============================================================================


      Code (inc. data)   RO Data    RW Data    ZI Data      Debug   

      2760        210        224       1560       1120     268956   Grand Totals
      2760        210        224       1560       1120     268956   ELF Image Totals
      2760        210        224       1560          0          0   ROM Totals

==============================================================================

    Total RO  Size (Code + RO Data)                 2984 (   2.91kB)
    Total RW  Size (RW Data + ZI Data)              2680 (   2.62kB)
    Total ROM Size (Code + RO Data + RW Data)       4544 (   4.44kB)

==============================================================================

