<html>
<body>
<pre>
<h1>µVision Build Log</h1>
<h2>Tool Versions:</h2>
IDE-Version: µVision V5.33.0.0
Copyright (C) 2020 ARM Ltd and ARM Germany GmbH. All rights reserved.
License Information: 'EAS' 'IT', 'UCCS', LIC=----
 
Tool Versions:
Toolchain:       MDK-Lite  Version: 5.33.0.0
Toolchain Path:  C:\Keil_v5\ARM\ARMCC\Bin
C Compiler:      Armcc.exe V5.06 update 7 (build 960)
Assembler:       Armasm.exe V5.06 update 7 (build 960)
Linker/Locator:  ArmLink.exe V5.06 update 7 (build 960)
Library Manager: ArmAr.exe V5.06 update 7 (build 960)
Hex Converter:   FromElf.exe V5.06 update 7 (build 960)
CPU DLL:         SARMCM3.DLL V5.33.0.0
Dialog DLL:      DARMCM1.DLL V1.19.4.0
Target DLL:      Nu_Link.dll V3.17
Dialog DLL:      TARMCM1.DLL V1.14.3.0
 
<h2>Project:</h2>
C:\Users\bdenny\OneDrive - University of Colorado Colorado Springs\Desktop\Embeded Systems ECE 4330\ECE4330\Git\lab5\lab5.uvproj
Project File Date:  10/28/2024

<h2>Output:</h2>
*** Using Compiler 'V5.06 update 7 (build 960)', folder: 'C:\Keil_v5\ARM\ARMCC\Bin'
Build target 'Blink_LED_7Seg'
creating preprocessor file for DrvGPIO.c...
creating preprocessor file for system_NUC1xx.c...
creating preprocessor file for DrvADC.c...
creating preprocessor file for core_cm0.c...
creating preprocessor file for LCD_Driver.c...
creating preprocessor file for DrvSYS.c...
creating preprocessor file for Ascii_Table.C...
creating preprocessor file for heartbeat.c...
creating preprocessor file for main.c...
creating preprocessor file for ScanKey.c...
creating preprocessor file for DrvPWM.c...
creating preprocessor file for user_func.c...
compiling main.c...
linking...
Program Size: Code=18032 RO-data=532 RW-data=1652 ZI-data=1196  
After Build - User command #1: fromelf --bin ".\Objects\lab5.axf" --output ".\Objects\lab5.bin"
".\Objects\lab5.axf": Error: Q0122E: Could not open file '.\Objects\lab5.axf': No such file or directory
Finished: 0 information, 0 warning and 1 error messages.
After Build - User command #2: fromelf --text -c ".\Objects\lab5.axf" --output ".\Objects\lab5.txt"
".\Objects\lab5.axf": Error: Q0122E: Could not open file '.\Objects\lab5.axf': No such file or directory
Finished: 0 information, 0 warning and 1 error messages.
".\lab5.axf" - 0 Error(s), 0 Warning(s).
Build Time Elapsed:  00:00:01
</pre>
</body>
</html>
