<html>
<body>
<pre>
<h1>µVision Build Log</h1>
<h2>Tool Versions:</h2>
IDE-Version: µVision V5.31.0.0
Copyright (C) 2020 ARM Ltd and ARM Germany GmbH. All rights reserved.
License Information: Bren Garcia, UCCS, LIC=----
 
Tool Versions:
Toolchain:       MDK-Lite  Version: 5.31.0.0
Toolchain Path:  C:\Keil_v5\ARM\ARMCC\Bin
C Compiler:      Armcc.exe V5.06 update 6 (build 750)
Assembler:       Armasm.exe V5.06 update 6 (build 750)
Linker/Locator:  ArmLink.exe V5.06 update 6 (build 750)
Library Manager: ArmAr.exe V5.06 update 6 (build 750)
Hex Converter:   FromElf.exe V5.06 update 6 (build 750)
CPU DLL:         SARMCM3.DLL V5.31.0.0
Dialog DLL:      DARMCM1.DLL V1.19.3.0
Target DLL:      Nu_Link.dll V3.17
Dialog DLL:      TARMCM1.DLL V1.14.2.0
 
<h2>Project:</h2>
C:\Users\jj\OneDrive - University of Colorado Colorado Springs\Desktop\Embeded Systems ECE 4330\ECE4330\Git\lab3\lab3.uvproj
Project File Date:  09/30/2024

<h2>Output:</h2>
*** Using Compiler 'V5.06 update 6 (build 750)', folder: 'C:\Keil_v5\ARM\ARMCC\Bin'
Build target 'Blink_LED_7Seg'
creating preprocessor file for system_NUC1xx.c...
creating preprocessor file for core_cm0.c...
creating preprocessor file for DrvGPIO.c...
creating preprocessor file for DrvSYS.c...
creating preprocessor file for ScanKey.c...
creating preprocessor file for Seven_Segment.c...
creating preprocessor file for heartbeat.c...
creating preprocessor file for main.c...
creating preprocessor file for user_func.c...
compiling main.c...
compiling user_func.c...
linking...
Program Size: Code=2100 RO-data=228 RW-data=52 ZI-data=1124  
After Build - User command #1: fromelf --bin ".\Objects\lab3.axf" --output ".\Objects\lab3.bin"
".\Objects\lab3.axf": Error: Q0122E: Could not open file '.\Objects\lab3.axf': No such file or directory
Finished: 0 information, 0 warning and 1 error messages.
After Build - User command #2: fromelf --text -c ".\Objects\lab3.axf" --output ".\Objects\lab3.txt"
".\Objects\lab3.axf": Error: Q0122E: Could not open file '.\Objects\lab3.axf': No such file or directory
Finished: 0 information, 0 warning and 1 error messages.
".\lab3.axf" - 0 Error(s), 0 Warning(s).
Build Time Elapsed:  00:00:03
</pre>
</body>
</html>
